# github.com/coinexchain/dex/modules/alias
import cycle not allowed in test
package github.com/coinexchain/dex/modules/alias (test)
	imports github.com/coinexchain/dex/codec
	imports github.com/coinexchain/dex/modules/alias
FAIL	github.com/coinexchain/dex/modules/alias [setup failed]
# github.com/coinexchain/dex/app [github.com/coinexchain/dex/app.test]
app/acc2unconfirmed_test.go:26:2: undefined: "github.com/coinexchain/dex/codec".InitCodonStub
app/app_gasfee_test.go:24:2: undefined: "github.com/coinexchain/dex/codec".InitCodonStub
app/app_gasfee_test.go:55:2: undefined: "github.com/coinexchain/dex/codec".InitCodonStub
app/app_gasfee_test.go:77:2: undefined: "github.com/coinexchain/dex/codec".InitCodonStub
app/app_gasfee_test.go:105:2: undefined: "github.com/coinexchain/dex/codec".InitCodonStub
app/app_gasfee_test.go:134:2: undefined: "github.com/coinexchain/dex/codec".InitCodonStub
app/app_gasfee_test.go:199:2: undefined: "github.com/coinexchain/dex/codec".InitCodonStub
app/app_test.go:166:2: undefined: "github.com/coinexchain/dex/codec".InitCodonStub
app/app_test.go:173:2: undefined: "github.com/coinexchain/dex/codec".InitCodonStub
app/app_test.go:206:2: undefined: "github.com/coinexchain/dex/codec".InitCodonStub
app/app_test.go:206:2: too many errors
FAIL	github.com/coinexchain/dex/app [build failed]
ok  	github.com/coinexchain/dex/app/plugin	6.597s
?   	github.com/coinexchain/dex/app/plugin/simple_plugin	[no test files]
?   	github.com/coinexchain/dex/app/plugin/test_plugin	[no test files]
?   	github.com/coinexchain/dex/client/cliutil	[no test files]
?   	github.com/coinexchain/dex/client/restutil	[no test files]
ok  	github.com/coinexchain/dex/cmd/cetcli	0.092s
?   	github.com/coinexchain/dex/cmd/cetcli/statik	[no test files]
Here! 111111111111111
{"operation":"read","key":"Y29uc2Vuc3VzX3BhcmFtcw==","value":"","metadata":null}
I[2019-11-08|17:30:20.258] --minimum-gas-prices option not set!         
--- FAIL: TestInitCmd (0.01s)
panic: runtime error: invalid memory address or nil pointer dereference [recovered]
	panic: runtime error: invalid memory address or nil pointer dereference
[signal SIGSEGV: segmentation violation code=0x1 addr=0x18 pc=0x4798e96]

goroutine 44 [running]:
testing.tRunner.func1(0xc000431800)
	/usr/local/go/src/testing/testing.go:874 +0x3a3
panic(0x4efde60, 0x5e5fac0)
	/usr/local/go/src/runtime/panic.go:679 +0x1b2
github.com/wide-key/wrap-amino.(*Codec).MustMarshalJSON(0x0, 0x4f4a560, 0xc000b26b60, 0xc000b26b60, 0x100000004f958e0, 0xffffffffffffffff)
	/Users/a/GoNew/src/github.com/wide-key/wrap-amino/amino.go:125 +0x26
github.com/coinexchain/dex/modules/bankx.AppModuleBasic.DefaultGenesis(0xc000101728, 0x5e6c770, 0xc000101680)
	/Users/a/GoNew/src/github.com/wangkui0508/dex/modules/bankx/module.go:42 +0x80
github.com/cosmos/cosmos-sdk/types/module.BasicManager.DefaultGenesis(0xc0003153e0, 0x1c)
	/Users/a/GoNew/src/github.com/wide-key/cosmos-sdk/types/module/module.go:81 +0xe7
github.com/cosmos/cosmos-sdk/x/genutil/client/cli.InitCmd.func1(0xc000a96f00, 0xc0001bbfd0, 0x1, 0x1, 0x0, 0x0)
	/Users/a/GoNew/src/github.com/wide-key/cosmos-sdk/x/genutil/client/cli/init.go:88 +0x289
github.com/spf13/cobra.(*Command).execute(0xc000a96f00, 0xc0001bbfa0, 0x1, 0x1, 0xc000a96f00, 0xc0001bbfa0)
	/Users/a/Go/pkg/mod/github.com/spf13/cobra@v0.0.5/command.go:826 +0x460
github.com/spf13/cobra.(*Command).ExecuteC(0xc000a96c80, 0x4, 0xc0001d6868, 0x0)
	/Users/a/Go/pkg/mod/github.com/spf13/cobra@v0.0.5/command.go:914 +0x2fb
github.com/spf13/cobra.(*Command).Execute(...)
	/Users/a/Go/pkg/mod/github.com/spf13/cobra@v0.0.5/command.go:864
github.com/tendermint/tendermint/libs/cli.Executor.Execute(0xc000a96c80, 0x52b2ba0, 0x4, 0x4e83fa0)
	/Users/a/Go/pkg/mod/github.com/tendermint/tendermint@v0.32.7/libs/cli/setup.go:89 +0x3c
github.com/coinexchain/dex/cmd/cetd.TestInitCmd(0xc000431800)
	/Users/a/GoNew/src/github.com/wangkui0508/dex/cmd/cetd/cmd_test.go:44 +0x18d
testing.tRunner(0xc000431800, 0x52b00d0)
	/usr/local/go/src/testing/testing.go:909 +0xc9
created by testing.(*T).Run
	/usr/local/go/src/testing/testing.go:960 +0x350
FAIL	github.com/coinexchain/dex/cmd/cetd	0.114s
?   	github.com/coinexchain/dex/cmd/cetdebug	[no test files]
?   	github.com/coinexchain/dex/cmd/cetdev	[no test files]
ok  	github.com/coinexchain/dex/codec	0.097s
?   	github.com/coinexchain/dex/codec/bench	[no test files]
?   	github.com/coinexchain/dex/codec/fuzz	[no test files]
?   	github.com/coinexchain/dex/codec/gen	[no test files]
?   	github.com/coinexchain/dex/coverutil	[no test files]
ok  	github.com/coinexchain/dex/modules/alias/client/cli	0.145s
--- FAIL: TestQuery (0.00s)
panic: runtime error: invalid memory address or nil pointer dereference [recovered]
	panic: runtime error: invalid memory address or nil pointer dereference
[signal SIGSEGV: segmentation violation code=0x1 addr=0x18 pc=0x16dae86]

goroutine 26 [running]:
testing.tRunner.func1(0xc000b6a100)
	/usr/local/go/src/testing/testing.go:874 +0x3a3
panic(0x19dc7c0, 0x24c0050)
	/usr/local/go/src/runtime/panic.go:679 +0x1b2
github.com/wide-key/wrap-amino.(*Codec).MustMarshalJSON(0x0, 0x1a1c320, 0xc0000f4ee0, 0xc0000f4ee0, 0xc000b8c088, 0xc000b7e210)
	/Users/a/GoNew/src/github.com/wide-key/wrap-amino/amino.go:125 +0x26
github.com/cosmos/cosmos-sdk/types/rest.WriteErrorResponse(0x1e12800, 0xc000032270, 0x190, 0xc0001720f0, 0x45)
	/Users/a/GoNew/src/github.com/wide-key/cosmos-sdk/types/rest/rest.go:154 +0x17f
github.com/coinexchain/dex/modules/alias/client/rest.queryAliasesHandlerFn.func1(0x1e12800, 0xc000032270, 0xc000b6aa00)
	/Users/a/GoNew/src/github.com/wangkui0508/dex/modules/alias/client/rest/query.go:45 +0x317
net/http.HandlerFunc.ServeHTTP(0xc0000f4b00, 0x1e12800, 0xc000032270, 0xc000b6aa00)
	/usr/local/go/src/net/http/server.go:2007 +0x44
github.com/gorilla/mux.(*Router).ServeHTTP(0xc000b77dc0, 0x1e12800, 0xc000032270, 0xc000b6a800)
	/Users/a/Go/pkg/mod/github.com/gorilla/mux@v1.7.3/mux.go:212 +0xe2
github.com/coinexchain/dex/modules/alias/client/rest.TestQuery(0xc000b6a100)
	/Users/a/GoNew/src/github.com/wangkui0508/dex/modules/alias/client/rest/query_test.go:53 +0x646
testing.tRunner(0xc000b6a100, 0x1ced2f0)
	/usr/local/go/src/testing/testing.go:909 +0xc9
created by testing.(*T).Run
	/usr/local/go/src/testing/testing.go:960 +0x350
FAIL	github.com/coinexchain/dex/modules/alias/client/rest	0.112s
Here! 111111111111111
tom: cosmos1qy352eufqy352eufqy352eufqy35qqqptw34ca
bob: cosmos1qy352eufqy352eufqy352eufqy35qqqz9ayrkz
alice: cosmos1qy352eufqy352eufqy352eufqy35qqqrctskts
cdc : &{true 0xc0001575e0 0xc0001575e0}
cdc.cdc : &{{{0 0} 0 0 0 0} false map[0x4cfa560:0xc000bed1d0 0x4cfa620:0xc000bed0e0 0x4d85a60:0xc000bec3c0 0x4d95ee0:0xc000be94a0 0x4da5060:0xc000beca50 0x4da7d60:0xc000bec5a0 0x4db3820:0xc000be9ef0 0x4dbc380:0xc000be8d20 0x4dbf8a0:0xc000be81e0 0x4dd8300:0xc000becd20 0x4ddee80:0xc000becb40 0x4debd40:0xc000bec870 0x4df5dc0:0xc000bec690 0x4e11840:0xc000be9680 0x4e1e960:0xc000be8960 0x4e25a40:0xc000a2bd10 0x4e27480:0xc000bec960 0x4e28440:0xc000a2b770 0x4e33f80:0xc000be8ff0 0x4e37a20:0xc000be8c30 0x4e38200:0xc000a2ba40 0x4e38580:0xc000be8a50 0x4e38660:0xc000be9590 0x4e39700:0xc000a2b0e0 0x4e39a80:0xc000be8870 0x4e39b60:0xc000a2b860 0x4e39e00:0xc000a2bef0 0x4e3a180:0xc0001f5950 0x4e3aa40:0xc000a2b1d0 0x4e3bce0:0xc0001f5680 0x4e3e8e0:0xc000be8690 0x4e3ede0:0xc000be8780 0x4e475e0:0xc0001f5a40 0x4e477e0:0xc000a2b3b0 0x4e47ee0:0xc000a2aff0 0x4e482e0:0xc000a2b590 0x4e48de0:0xc000a2b2c0 0x4e491e0:0xc000a2af00 0x4e49de0:0xc0001f5e00 0x4e49fe0:0xc000a2b4a0 0x4e4aae0:0xc000a2be00 0x4e4abe0:0xc0001f5ef0 0x4e4b3e0:0xc0001f5b30 0x4e4b9e0:0xc000a2ae10 0x4e4ce80:0xc000be84b0 0x4e4f4c0:0xc000be85a0 0x4e50ea0:0xc000be9950 0x4e51560:0xc0001f53b0 0x4e51c20:0xc000a2bc20 0x4e51d40:0xc000be93b0 0x4e521c0:0xc000be83c0 0x4e55220:0xc000a2b950 0x4e558e0:0xc0001f54a0 0x4e55b20:0xc000be9e00 0x4e55e80:0xc000be8000 0x4e58ee0:0xc000be9860 0x4e5c4e0:0xc000be8b40 0x4e69d60:0xc000a2b680 0x4e7bba0:0xc0001f5d10 0x4e81be0:0xc0001f5770 0x4e85f80:0xc000be92c0 0x4e893c0:0xc000a2aa50 0x4e8a9c0:0xc000be80f0 0x4e8bba0:0xc000a2bb30 0x4e8f180:0xc0001f5c20 0x4e95f00:0xc000be91d0 0x4e9f8c0:0xc000be8e10 0x4ea1f40:0xc0001f5860 0x4ea30c0:0xc000a2ad20 0x4eb4ae0:0xc000be9d10 0x4eb9220:0xc000be9b30 0x4eb99a0:0xc0001f5590 0x4eba540:0xc000be9a40 0x4ed04c0:0xc000a2ab40] [0xc000a2aa50 0xc000be81e0 0xc000be8c30 0xc000be8d20 0xc000be9680 0xc000be9950 0xc000be9ef0 0xc000bec3c0 0xc000bec5a0 0xc000beca50] [0xc000a2ab40 0xc000a2ad20 0xc000a2ae10 0xc000a2af00 0xc000a2aff0 0xc000a2b0e0 0xc000a2b1d0 0xc000a2b2c0 0xc000a2b3b0 0xc000a2b4a0 0xc000a2b590 0xc000a2b680 0xc000a2b770 0xc000a2b860 0xc000a2b950 0xc000a2ba40 0xc000a2bb30 0xc000a2bc20 0xc000a2bd10 0xc000a2be00 0xc000a2bef0 0xc0001f53b0 0xc0001f54a0 0xc0001f5590 0xc0001f5680 0xc0001f5770 0xc0001f5860 0xc0001f5950 0xc0001f5a40 0xc0001f5b30 0xc0001f5c20 0xc0001f5d10 0xc0001f5e00 0xc0001f5ef0 0xc000be8000 0xc000be80f0 0xc000be83c0 0xc000be84b0 0xc000be85a0 0xc000be8690 0xc000be8780 0xc000be8870 0xc000be8960 0xc000be8a50 0xc000be8b40 0xc000be8e10 0xc000be8ff0 0xc000be91d0 0xc000be92c0 0xc000be93b0 0xc000be94a0 0xc000be9590 0xc000be9860 0xc000be9a40 0xc000be9b30 0xc000be9d10 0xc000be9e00 0xc000bec690 0xc000bec870 0xc000bec960 0xc000becb40 0xc000becd20] map[[1 158 130 225 176 247 155]:0xc000becd20 [14 26 29 233 120 159 45]:0xc000be94a0 [14 46 192 108 210 143 8]:0xc000a2ad20 [14 235 32 174 83 221 207]:0xc000a2b680 [17 25 160 161 138 86 229]:0xc000be84b0 [17 228 129 192 94 162 80]:0xc000a2bb30 [20 170 113 123 236 61 213]:0xc000be8780 [24 209 55 32 58 59 26]:0xc000be9590 [28 40 138 98 251 120 15]:0xc000be9d10 [35 146 198 212 41 117 199]:0xc000a2aff0 [38 143 1 176 71 128 20]:0xc000a2b4a0 [41 131 72 168 163 97 154]:0xc000a2be00 [43 72 167 230 129 120 7]:0xc000be8b40 [48 169 63 53 162 95 124]:0xc000be8ff0 [50 69 144 205 50 116 179]:0xc000be8960 [53 57 90 75 234 240 121]:0xc000be8690 [55 55 215 185 248 49 171]:0xc0001f53b0 [56 220 112 194 232 188 205]:0xc0001f5d10 [58 188 213 44 75 37 255]:0xc0001f5b30 [59 211 135 162 61 54 184]:0xc000be9b30 [63 33 145 189 33 53 241]:0xc000a2b3b0 [66 36 186 63 184 65 137]:0xc0001f5a40 [72 226 103 235 54 29 1]:0xc0001f5c20 [73 175 255 140 77 113 13]:0xc000be8870 [76 65 53 156 149 147 70]:0xc000be8000 [83 130 5 161 202 221 54]:0xc000be85a0 [86 101 111 194 104 154 209]:0xc000a2bef0 [92 66 252 53 148 138 213]:0xc0001f5590 [99 8 66 45 227 207 103]:0xc000be91d0 [99 40 144 246 228 248 56]:0xc000be9860 [100 229 227 45 120 126 196]:0xc0001f5680 [102 75 250 11 253 125 154]:0xc000be8e10 [102 105 128 150 119 71 152]:0xc000a2b770 [102 181 226 2 183 40 167]:0xc000a2af00 [103 201 236 92 175 50 138]:0xc000a2b0e0 [116 63 5 46 45 4 193]:0xc0001f54a0 [134 21 248 91 62 228 39]:0xc000a2b1d0 [136 114 150 90 191 49 231]:0xc0001f5770 [138 59 71 40 40 22 169]:0xc000be9e00 [143 220 232 224 76 231 18]:0xc0001f5950 [147 22 189 87 84 187 91]:0xc000be9a40 [149 69 104 163 40 137 16]:0xc000becb40 [153 220 79 101 246 206 152]:0xc000a2b590 [160 39 97 91 171 26 17]:0xc000a2ae10 [161 92 237 242 173 146 20]:0xc000be93b0 [165 242 194 96 232 212 255]:0xc000a2ba40 [171 92 48 223 153 248 163]:0xc000a2b860 [172 38 121 22 36 222 100]:0xc000bec690 [176 105 242 108 220 31 176]:0xc000be80f0 [179 146 171 83 96 112 184]:0xc000be8a50 [180 73 174 34 193 247 226]:0xc000bec960 [186 219 187 92 128 129 13]:0xc0001f5ef0 [191 129 227 90 156 227 226]:0xc000a2b2c0 [197 54 218 139 33 52 124]:0xc000a2bc20 [197 166 235 142 55 140 157]:0xc000a2b950 [210 168 149 143 48 167 145]:0xc000be92c0 [227 171 230 134 89 58 16]:0xc0001f5860 [228 62 31 146 29 46 78]:0xc0001f5e00 [247 34 218 84 58 236 112]:0xc000a2bd10 [247 147 122 180 45 97 78]:0xc000be83c0 [248 204 234 235 90 233 135]:0xc000bec870 [252 222 231 148 120 169 196]:0xc000a2ab40] map[alias/MsgAliasUpdate:0xc0001f54a0 asset/BaseToken:0xc000a2ab40 asset/MsgAddTokenWhitelist:0xc000a2b2c0 asset/MsgBurnToken:0xc000a2aff0 asset/MsgForbidAddr:0xc000a2b4a0 asset/MsgForbidToken:0xc000a2b0e0 asset/MsgIssueToken:0xc000a2ad20 asset/MsgMintToken:0xc000a2af00 asset/MsgModifyTokenInfo:0xc000a2b680 asset/MsgRemoveTokenWhitelist:0xc000a2b3b0 asset/MsgTransferOwnership:0xc000a2ae10 asset/MsgUnForbidAddr:0xc000a2b590 asset/MsgUnForbidToken:0xc000a2b1d0 authx/AccountX:0xc000a2b770 bancorlite/MsgBancorCancel:0xc000be93b0 bancorlite/MsgBancorInit:0xc000be91d0 bancorlite/MsgBancorTrade:0xc000be92c0 bankx/MsgMultiSend:0xc000a2ba40 bankx/MsgSend:0xc000a2b950 bankx/MsgSetMemoRequired:0xc000a2b860 bankx/MsgSupervisedSend:0xc000a2bb30 comment/MsgCommentToken:0xc000be80f0 cosmos-sdk/Account:0xc000be9860 cosmos-sdk/BaseVestingAccount:0xc000be9a40 cosmos-sdk/CommunityPoolSpendProposal:0xc000be8b40 cosmos-sdk/ContinuousVestingAccount:0xc000be9b30 cosmos-sdk/DelayedVestingAccount:0xc000be9d10 cosmos-sdk/ModuleAccount:0xc000be8e10 cosmos-sdk/MsgBeginRedelegate:0xc000be8000 cosmos-sdk/MsgCreateValidator:0xc0001f5c20 cosmos-sdk/MsgDelegate:0xc0001f5e00 cosmos-sdk/MsgDeposit:0xc000be84b0 cosmos-sdk/MsgEditValidator:0xc0001f5d10 cosmos-sdk/MsgModifyWithdrawAddress:0xc000be8a50 cosmos-sdk/MsgMultiSend:0xc000a2bef0 cosmos-sdk/MsgSend:0xc000a2be00 cosmos-sdk/MsgSubmitProposal:0xc000be83c0 cosmos-sdk/MsgUndelegate:0xc0001f5ef0 cosmos-sdk/MsgUnjail:0xc000a2bd10 cosmos-sdk/MsgVerifyInvariant:0xc000a2bc20 cosmos-sdk/MsgVote:0xc000be85a0 cosmos-sdk/MsgWithdrawDelegationReward:0xc000be8870 cosmos-sdk/MsgWithdrawValidatorCommission:0xc000be8960 cosmos-sdk/ParameterChangeProposal:0xc0001f53b0 cosmos-sdk/SoftwareUpgradeProposal:0xc000be8780 cosmos-sdk/StdTx:0xc000be9e00 cosmos-sdk/Supply:0xc000be8ff0 cosmos-sdk/TextProposal:0xc000be8690 distrx/MsgDonateToCommunityPool:0xc000be9590 incentive/state:0xc000be94a0 market/MsgCancelOrder:0xc0001f5950 market/MsgCancelTradingPair:0xc0001f5a40 market/MsgCreateOrder:0xc0001f5860 market/MsgCreateTradingPair:0xc0001f5770 market/MsgModifyPricePrecision:0xc0001f5b30 market/Order:0xc0001f5590 market/TradingPair:0xc0001f5680 tendermint/PrivKeyEd25519:0xc000becb40 tendermint/PrivKeySecp256k1:0xc000becd20 tendermint/PubKeyEd25519:0xc000bec690 tendermint/PubKeyMultisigThreshold:0xc000bec960 tendermint/PubKeySecp256k1:0xc000bec870]}
cdc : &{true 0xc0001575e0 0xc0001575e0}
cdc.cdc : &{{{0 0} 0 0 0 0} false map[0x4cfa560:0xc000bed1d0 0x4cfa620:0xc000bed0e0 0x4d85a60:0xc000bec3c0 0x4d95ee0:0xc000be94a0 0x4da5060:0xc000beca50 0x4da7d60:0xc000bec5a0 0x4db3820:0xc000be9ef0 0x4dbc380:0xc000be8d20 0x4dbf8a0:0xc000be81e0 0x4dd8300:0xc000becd20 0x4ddee80:0xc000becb40 0x4debd40:0xc000bec870 0x4df5dc0:0xc000bec690 0x4e11840:0xc000be9680 0x4e1e960:0xc000be8960 0x4e25a40:0xc000a2bd10 0x4e27480:0xc000bec960 0x4e28440:0xc000a2b770 0x4e33f80:0xc000be8ff0 0x4e37a20:0xc000be8c30 0x4e38200:0xc000a2ba40 0x4e38580:0xc000be8a50 0x4e38660:0xc000be9590 0x4e39700:0xc000a2b0e0 0x4e39a80:0xc000be8870 0x4e39b60:0xc000a2b860 0x4e39e00:0xc000a2bef0 0x4e3a180:0xc0001f5950 0x4e3aa40:0xc000a2b1d0 0x4e3bce0:0xc0001f5680 0x4e3e8e0:0xc000be8690 0x4e3ede0:0xc000be8780 0x4e475e0:0xc0001f5a40 0x4e477e0:0xc000a2b3b0 0x4e47ee0:0xc000a2aff0 0x4e482e0:0xc000a2b590 0x4e48de0:0xc000a2b2c0 0x4e491e0:0xc000a2af00 0x4e49de0:0xc0001f5e00 0x4e49fe0:0xc000a2b4a0 0x4e4aae0:0xc000a2be00 0x4e4abe0:0xc0001f5ef0 0x4e4b3e0:0xc0001f5b30 0x4e4b9e0:0xc000a2ae10 0x4e4ce80:0xc000be84b0 0x4e4f4c0:0xc000be85a0 0x4e50ea0:0xc000be9950 0x4e51560:0xc0001f53b0 0x4e51c20:0xc000a2bc20 0x4e51d40:0xc000be93b0 0x4e521c0:0xc000be83c0 0x4e55220:0xc000a2b950 0x4e558e0:0xc0001f54a0 0x4e55b20:0xc000be9e00 0x4e55e80:0xc000be8000 0x4e58ee0:0xc000be9860 0x4e5c4e0:0xc000be8b40 0x4e69d60:0xc000a2b680 0x4e7bba0:0xc0001f5d10 0x4e81be0:0xc0001f5770 0x4e85f80:0xc000be92c0 0x4e893c0:0xc000a2aa50 0x4e8a9c0:0xc000be80f0 0x4e8bba0:0xc000a2bb30 0x4e8f180:0xc0001f5c20 0x4e95f00:0xc000be91d0 0x4e9f8c0:0xc000be8e10 0x4ea1f40:0xc0001f5860 0x4ea30c0:0xc000a2ad20 0x4eb4ae0:0xc000be9d10 0x4eb9220:0xc000be9b30 0x4eb99a0:0xc0001f5590 0x4eba540:0xc000be9a40 0x4ed04c0:0xc000a2ab40] [0xc000a2aa50 0xc000be81e0 0xc000be8c30 0xc000be8d20 0xc000be9680 0xc000be9950 0xc000be9ef0 0xc000bec3c0 0xc000bec5a0 0xc000beca50] [0xc000a2ab40 0xc000a2ad20 0xc000a2ae10 0xc000a2af00 0xc000a2aff0 0xc000a2b0e0 0xc000a2b1d0 0xc000a2b2c0 0xc000a2b3b0 0xc000a2b4a0 0xc000a2b590 0xc000a2b680 0xc000a2b770 0xc000a2b860 0xc000a2b950 0xc000a2ba40 0xc000a2bb30 0xc000a2bc20 0xc000a2bd10 0xc000a2be00 0xc000a2bef0 0xc0001f53b0 0xc0001f54a0 0xc0001f5590 0xc0001f5680 0xc0001f5770 0xc0001f5860 0xc0001f5950 0xc0001f5a40 0xc0001f5b30 0xc0001f5c20 0xc0001f5d10 0xc0001f5e00 0xc0001f5ef0 0xc000be8000 0xc000be80f0 0xc000be83c0 0xc000be84b0 0xc000be85a0 0xc000be8690 0xc000be8780 0xc000be8870 0xc000be8960 0xc000be8a50 0xc000be8b40 0xc000be8e10 0xc000be8ff0 0xc000be91d0 0xc000be92c0 0xc000be93b0 0xc000be94a0 0xc000be9590 0xc000be9860 0xc000be9a40 0xc000be9b30 0xc000be9d10 0xc000be9e00 0xc000bec690 0xc000bec870 0xc000bec960 0xc000becb40 0xc000becd20] map[[1 158 130 225 176 247 155]:0xc000becd20 [14 26 29 233 120 159 45]:0xc000be94a0 [14 46 192 108 210 143 8]:0xc000a2ad20 [14 235 32 174 83 221 207]:0xc000a2b680 [17 25 160 161 138 86 229]:0xc000be84b0 [17 228 129 192 94 162 80]:0xc000a2bb30 [20 170 113 123 236 61 213]:0xc000be8780 [24 209 55 32 58 59 26]:0xc000be9590 [28 40 138 98 251 120 15]:0xc000be9d10 [35 146 198 212 41 117 199]:0xc000a2aff0 [38 143 1 176 71 128 20]:0xc000a2b4a0 [41 131 72 168 163 97 154]:0xc000a2be00 [43 72 167 230 129 120 7]:0xc000be8b40 [48 169 63 53 162 95 124]:0xc000be8ff0 [50 69 144 205 50 116 179]:0xc000be8960 [53 57 90 75 234 240 121]:0xc000be8690 [55 55 215 185 248 49 171]:0xc0001f53b0 [56 220 112 194 232 188 205]:0xc0001f5d10 [58 188 213 44 75 37 255]:0xc0001f5b30 [59 211 135 162 61 54 184]:0xc000be9b30 [63 33 145 189 33 53 241]:0xc000a2b3b0 [66 36 186 63 184 65 137]:0xc0001f5a40 [72 226 103 235 54 29 1]:0xc0001f5c20 [73 175 255 140 77 113 13]:0xc000be8870 [76 65 53 156 149 147 70]:0xc000be8000 [83 130 5 161 202 221 54]:0xc000be85a0 [86 101 111 194 104 154 209]:0xc000a2bef0 [92 66 252 53 148 138 213]:0xc0001f5590 [99 8 66 45 227 207 103]:0xc000be91d0 [99 40 144 246 228 248 56]:0xc000be9860 [100 229 227 45 120 126 196]:0xc0001f5680 [102 75 250 11 253 125 154]:0xc000be8e10 [102 105 128 150 119 71 152]:0xc000a2b770 [102 181 226 2 183 40 167]:0xc000a2af00 [103 201 236 92 175 50 138]:0xc000a2b0e0 [116 63 5 46 45 4 193]:0xc0001f54a0 [134 21 248 91 62 228 39]:0xc000a2b1d0 [136 114 150 90 191 49 231]:0xc0001f5770 [138 59 71 40 40 22 169]:0xc000be9e00 [143 220 232 224 76 231 18]:0xc0001f5950 [147 22 189 87 84 187 91]:0xc000be9a40 [149 69 104 163 40 137 16]:0xc000becb40 [153 220 79 101 246 206 152]:0xc000a2b590 [160 39 97 91 171 26 17]:0xc000a2ae10 [161 92 237 242 173 146 20]:0xc000be93b0 [165 242 194 96 232 212 255]:0xc000a2ba40 [171 92 48 223 153 248 163]:0xc000a2b860 [172 38 121 22 36 222 100]:0xc000bec690 [176 105 242 108 220 31 176]:0xc000be80f0 [179 146 171 83 96 112 184]:0xc000be8a50 [180 73 174 34 193 247 226]:0xc000bec960 [186 219 187 92 128 129 13]:0xc0001f5ef0 [191 129 227 90 156 227 226]:0xc000a2b2c0 [197 54 218 139 33 52 124]:0xc000a2bc20 [197 166 235 142 55 140 157]:0xc000a2b950 [210 168 149 143 48 167 145]:0xc000be92c0 [227 171 230 134 89 58 16]:0xc0001f5860 [228 62 31 146 29 46 78]:0xc0001f5e00 [247 34 218 84 58 236 112]:0xc000a2bd10 [247 147 122 180 45 97 78]:0xc000be83c0 [248 204 234 235 90 233 135]:0xc000bec870 [252 222 231 148 120 169 196]:0xc000a2ab40] map[alias/MsgAliasUpdate:0xc0001f54a0 asset/BaseToken:0xc000a2ab40 asset/MsgAddTokenWhitelist:0xc000a2b2c0 asset/MsgBurnToken:0xc000a2aff0 asset/MsgForbidAddr:0xc000a2b4a0 asset/MsgForbidToken:0xc000a2b0e0 asset/MsgIssueToken:0xc000a2ad20 asset/MsgMintToken:0xc000a2af00 asset/MsgModifyTokenInfo:0xc000a2b680 asset/MsgRemoveTokenWhitelist:0xc000a2b3b0 asset/MsgTransferOwnership:0xc000a2ae10 asset/MsgUnForbidAddr:0xc000a2b590 asset/MsgUnForbidToken:0xc000a2b1d0 authx/AccountX:0xc000a2b770 bancorlite/MsgBancorCancel:0xc000be93b0 bancorlite/MsgBancorInit:0xc000be91d0 bancorlite/MsgBancorTrade:0xc000be92c0 bankx/MsgMultiSend:0xc000a2ba40 bankx/MsgSend:0xc000a2b950 bankx/MsgSetMemoRequired:0xc000a2b860 bankx/MsgSupervisedSend:0xc000a2bb30 comment/MsgCommentToken:0xc000be80f0 cosmos-sdk/Account:0xc000be9860 cosmos-sdk/BaseVestingAccount:0xc000be9a40 cosmos-sdk/CommunityPoolSpendProposal:0xc000be8b40 cosmos-sdk/ContinuousVestingAccount:0xc000be9b30 cosmos-sdk/DelayedVestingAccount:0xc000be9d10 cosmos-sdk/ModuleAccount:0xc000be8e10 cosmos-sdk/MsgBeginRedelegate:0xc000be8000 cosmos-sdk/MsgCreateValidator:0xc0001f5c20 cosmos-sdk/MsgDelegate:0xc0001f5e00 cosmos-sdk/MsgDeposit:0xc000be84b0 cosmos-sdk/MsgEditValidator:0xc0001f5d10 cosmos-sdk/MsgModifyWithdrawAddress:0xc000be8a50 cosmos-sdk/MsgMultiSend:0xc000a2bef0 cosmos-sdk/MsgSend:0xc000a2be00 cosmos-sdk/MsgSubmitProposal:0xc000be83c0 cosmos-sdk/MsgUndelegate:0xc0001f5ef0 cosmos-sdk/MsgUnjail:0xc000a2bd10 cosmos-sdk/MsgVerifyInvariant:0xc000a2bc20 cosmos-sdk/MsgVote:0xc000be85a0 cosmos-sdk/MsgWithdrawDelegationReward:0xc000be8870 cosmos-sdk/MsgWithdrawValidatorCommission:0xc000be8960 cosmos-sdk/ParameterChangeProposal:0xc0001f53b0 cosmos-sdk/SoftwareUpgradeProposal:0xc000be8780 cosmos-sdk/StdTx:0xc000be9e00 cosmos-sdk/Supply:0xc000be8ff0 cosmos-sdk/TextProposal:0xc000be8690 distrx/MsgDonateToCommunityPool:0xc000be9590 incentive/state:0xc000be94a0 market/MsgCancelOrder:0xc0001f5950 market/MsgCancelTradingPair:0xc0001f5a40 market/MsgCreateOrder:0xc0001f5860 market/MsgCreateTradingPair:0xc0001f5770 market/MsgModifyPricePrecision:0xc0001f5b30 market/Order:0xc0001f5590 market/TradingPair:0xc0001f5680 tendermint/PrivKeyEd25519:0xc000becb40 tendermint/PrivKeySecp256k1:0xc000becd20 tendermint/PubKeyEd25519:0xc000bec690 tendermint/PubKeyMultisigThreshold:0xc000bec960 tendermint/PubKeySecp256k1:0xc000bec870]}
cdc : &{true 0xc0001575e0 0xc0001575e0}
cdc.cdc : &{{{0 0} 0 0 0 0} false map[0x4cfa560:0xc000bed1d0 0x4cfa620:0xc000bed0e0 0x4d85a60:0xc000bec3c0 0x4d95ee0:0xc000be94a0 0x4da5060:0xc000beca50 0x4da7d60:0xc000bec5a0 0x4db3820:0xc000be9ef0 0x4dbc380:0xc000be8d20 0x4dbf8a0:0xc000be81e0 0x4dd8300:0xc000becd20 0x4ddee80:0xc000becb40 0x4debd40:0xc000bec870 0x4df5dc0:0xc000bec690 0x4e11840:0xc000be9680 0x4e1e960:0xc000be8960 0x4e25a40:0xc000a2bd10 0x4e27480:0xc000bec960 0x4e28440:0xc000a2b770 0x4e33f80:0xc000be8ff0 0x4e37a20:0xc000be8c30 0x4e38200:0xc000a2ba40 0x4e38580:0xc000be8a50 0x4e38660:0xc000be9590 0x4e39700:0xc000a2b0e0 0x4e39a80:0xc000be8870 0x4e39b60:0xc000a2b860 0x4e39e00:0xc000a2bef0 0x4e3a180:0xc0001f5950 0x4e3aa40:0xc000a2b1d0 0x4e3bce0:0xc0001f5680 0x4e3e8e0:0xc000be8690 0x4e3ede0:0xc000be8780 0x4e475e0:0xc0001f5a40 0x4e477e0:0xc000a2b3b0 0x4e47ee0:0xc000a2aff0 0x4e482e0:0xc000a2b590 0x4e48de0:0xc000a2b2c0 0x4e491e0:0xc000a2af00 0x4e49de0:0xc0001f5e00 0x4e49fe0:0xc000a2b4a0 0x4e4aae0:0xc000a2be00 0x4e4abe0:0xc0001f5ef0 0x4e4b3e0:0xc0001f5b30 0x4e4b9e0:0xc000a2ae10 0x4e4ce80:0xc000be84b0 0x4e4f4c0:0xc000be85a0 0x4e50ea0:0xc000be9950 0x4e51560:0xc0001f53b0 0x4e51c20:0xc000a2bc20 0x4e51d40:0xc000be93b0 0x4e521c0:0xc000be83c0 0x4e55220:0xc000a2b950 0x4e558e0:0xc0001f54a0 0x4e55b20:0xc000be9e00 0x4e55e80:0xc000be8000 0x4e58ee0:0xc000be9860 0x4e5c4e0:0xc000be8b40 0x4e69d60:0xc000a2b680 0x4e7bba0:0xc0001f5d10 0x4e81be0:0xc0001f5770 0x4e85f80:0xc000be92c0 0x4e893c0:0xc000a2aa50 0x4e8a9c0:0xc000be80f0 0x4e8bba0:0xc000a2bb30 0x4e8f180:0xc0001f5c20 0x4e95f00:0xc000be91d0 0x4e9f8c0:0xc000be8e10 0x4ea1f40:0xc0001f5860 0x4ea30c0:0xc000a2ad20 0x4eb4ae0:0xc000be9d10 0x4eb9220:0xc000be9b30 0x4eb99a0:0xc0001f5590 0x4eba540:0xc000be9a40 0x4ed04c0:0xc000a2ab40] [0xc000a2aa50 0xc000be81e0 0xc000be8c30 0xc000be8d20 0xc000be9680 0xc000be9950 0xc000be9ef0 0xc000bec3c0 0xc000bec5a0 0xc000beca50] [0xc000a2ab40 0xc000a2ad20 0xc000a2ae10 0xc000a2af00 0xc000a2aff0 0xc000a2b0e0 0xc000a2b1d0 0xc000a2b2c0 0xc000a2b3b0 0xc000a2b4a0 0xc000a2b590 0xc000a2b680 0xc000a2b770 0xc000a2b860 0xc000a2b950 0xc000a2ba40 0xc000a2bb30 0xc000a2bc20 0xc000a2bd10 0xc000a2be00 0xc000a2bef0 0xc0001f53b0 0xc0001f54a0 0xc0001f5590 0xc0001f5680 0xc0001f5770 0xc0001f5860 0xc0001f5950 0xc0001f5a40 0xc0001f5b30 0xc0001f5c20 0xc0001f5d10 0xc0001f5e00 0xc0001f5ef0 0xc000be8000 0xc000be80f0 0xc000be83c0 0xc000be84b0 0xc000be85a0 0xc000be8690 0xc000be8780 0xc000be8870 0xc000be8960 0xc000be8a50 0xc000be8b40 0xc000be8e10 0xc000be8ff0 0xc000be91d0 0xc000be92c0 0xc000be93b0 0xc000be94a0 0xc000be9590 0xc000be9860 0xc000be9a40 0xc000be9b30 0xc000be9d10 0xc000be9e00 0xc000bec690 0xc000bec870 0xc000bec960 0xc000becb40 0xc000becd20] map[[1 158 130 225 176 247 155]:0xc000becd20 [14 26 29 233 120 159 45]:0xc000be94a0 [14 46 192 108 210 143 8]:0xc000a2ad20 [14 235 32 174 83 221 207]:0xc000a2b680 [17 25 160 161 138 86 229]:0xc000be84b0 [17 228 129 192 94 162 80]:0xc000a2bb30 [20 170 113 123 236 61 213]:0xc000be8780 [24 209 55 32 58 59 26]:0xc000be9590 [28 40 138 98 251 120 15]:0xc000be9d10 [35 146 198 212 41 117 199]:0xc000a2aff0 [38 143 1 176 71 128 20]:0xc000a2b4a0 [41 131 72 168 163 97 154]:0xc000a2be00 [43 72 167 230 129 120 7]:0xc000be8b40 [48 169 63 53 162 95 124]:0xc000be8ff0 [50 69 144 205 50 116 179]:0xc000be8960 [53 57 90 75 234 240 121]:0xc000be8690 [55 55 215 185 248 49 171]:0xc0001f53b0 [56 220 112 194 232 188 205]:0xc0001f5d10 [58 188 213 44 75 37 255]:0xc0001f5b30 [59 211 135 162 61 54 184]:0xc000be9b30 [63 33 145 189 33 53 241]:0xc000a2b3b0 [66 36 186 63 184 65 137]:0xc0001f5a40 [72 226 103 235 54 29 1]:0xc0001f5c20 [73 175 255 140 77 113 13]:0xc000be8870 [76 65 53 156 149 147 70]:0xc000be8000 [83 130 5 161 202 221 54]:0xc000be85a0 [86 101 111 194 104 154 209]:0xc000a2bef0 [92 66 252 53 148 138 213]:0xc0001f5590 [99 8 66 45 227 207 103]:0xc000be91d0 [99 40 144 246 228 248 56]:0xc000be9860 [100 229 227 45 120 126 196]:0xc0001f5680 [102 75 250 11 253 125 154]:0xc000be8e10 [102 105 128 150 119 71 152]:0xc000a2b770 [102 181 226 2 183 40 167]:0xc000a2af00 [103 201 236 92 175 50 138]:0xc000a2b0e0 [116 63 5 46 45 4 193]:0xc0001f54a0 [134 21 248 91 62 228 39]:0xc000a2b1d0 [136 114 150 90 191 49 231]:0xc0001f5770 [138 59 71 40 40 22 169]:0xc000be9e00 [143 220 232 224 76 231 18]:0xc0001f5950 [147 22 189 87 84 187 91]:0xc000be9a40 [149 69 104 163 40 137 16]:0xc000becb40 [153 220 79 101 246 206 152]:0xc000a2b590 [160 39 97 91 171 26 17]:0xc000a2ae10 [161 92 237 242 173 146 20]:0xc000be93b0 [165 242 194 96 232 212 255]:0xc000a2ba40 [171 92 48 223 153 248 163]:0xc000a2b860 [172 38 121 22 36 222 100]:0xc000bec690 [176 105 242 108 220 31 176]:0xc000be80f0 [179 146 171 83 96 112 184]:0xc000be8a50 [180 73 174 34 193 247 226]:0xc000bec960 [186 219 187 92 128 129 13]:0xc0001f5ef0 [191 129 227 90 156 227 226]:0xc000a2b2c0 [197 54 218 139 33 52 124]:0xc000a2bc20 [197 166 235 142 55 140 157]:0xc000a2b950 [210 168 149 143 48 167 145]:0xc000be92c0 [227 171 230 134 89 58 16]:0xc0001f5860 [228 62 31 146 29 46 78]:0xc0001f5e00 [247 34 218 84 58 236 112]:0xc000a2bd10 [247 147 122 180 45 97 78]:0xc000be83c0 [248 204 234 235 90 233 135]:0xc000bec870 [252 222 231 148 120 169 196]:0xc000a2ab40] map[alias/MsgAliasUpdate:0xc0001f54a0 asset/BaseToken:0xc000a2ab40 asset/MsgAddTokenWhitelist:0xc000a2b2c0 asset/MsgBurnToken:0xc000a2aff0 asset/MsgForbidAddr:0xc000a2b4a0 asset/MsgForbidToken:0xc000a2b0e0 asset/MsgIssueToken:0xc000a2ad20 asset/MsgMintToken:0xc000a2af00 asset/MsgModifyTokenInfo:0xc000a2b680 asset/MsgRemoveTokenWhitelist:0xc000a2b3b0 asset/MsgTransferOwnership:0xc000a2ae10 asset/MsgUnForbidAddr:0xc000a2b590 asset/MsgUnForbidToken:0xc000a2b1d0 authx/AccountX:0xc000a2b770 bancorlite/MsgBancorCancel:0xc000be93b0 bancorlite/MsgBancorInit:0xc000be91d0 bancorlite/MsgBancorTrade:0xc000be92c0 bankx/MsgMultiSend:0xc000a2ba40 bankx/MsgSend:0xc000a2b950 bankx/MsgSetMemoRequired:0xc000a2b860 bankx/MsgSupervisedSend:0xc000a2bb30 comment/MsgCommentToken:0xc000be80f0 cosmos-sdk/Account:0xc000be9860 cosmos-sdk/BaseVestingAccount:0xc000be9a40 cosmos-sdk/CommunityPoolSpendProposal:0xc000be8b40 cosmos-sdk/ContinuousVestingAccount:0xc000be9b30 cosmos-sdk/DelayedVestingAccount:0xc000be9d10 cosmos-sdk/ModuleAccount:0xc000be8e10 cosmos-sdk/MsgBeginRedelegate:0xc000be8000 cosmos-sdk/MsgCreateValidator:0xc0001f5c20 cosmos-sdk/MsgDelegate:0xc0001f5e00 cosmos-sdk/MsgDeposit:0xc000be84b0 cosmos-sdk/MsgEditValidator:0xc0001f5d10 cosmos-sdk/MsgModifyWithdrawAddress:0xc000be8a50 cosmos-sdk/MsgMultiSend:0xc000a2bef0 cosmos-sdk/MsgSend:0xc000a2be00 cosmos-sdk/MsgSubmitProposal:0xc000be83c0 cosmos-sdk/MsgUndelegate:0xc0001f5ef0 cosmos-sdk/MsgUnjail:0xc000a2bd10 cosmos-sdk/MsgVerifyInvariant:0xc000a2bc20 cosmos-sdk/MsgVote:0xc000be85a0 cosmos-sdk/MsgWithdrawDelegationReward:0xc000be8870 cosmos-sdk/MsgWithdrawValidatorCommission:0xc000be8960 cosmos-sdk/ParameterChangeProposal:0xc0001f53b0 cosmos-sdk/SoftwareUpgradeProposal:0xc000be8780 cosmos-sdk/StdTx:0xc000be9e00 cosmos-sdk/Supply:0xc000be8ff0 cosmos-sdk/TextProposal:0xc000be8690 distrx/MsgDonateToCommunityPool:0xc000be9590 incentive/state:0xc000be94a0 market/MsgCancelOrder:0xc0001f5950 market/MsgCancelTradingPair:0xc0001f5a40 market/MsgCreateOrder:0xc0001f5860 market/MsgCreateTradingPair:0xc0001f5770 market/MsgModifyPricePrecision:0xc0001f5b30 market/Order:0xc0001f5590 market/TradingPair:0xc0001f5680 tendermint/PrivKeyEd25519:0xc000becb40 tendermint/PrivKeySecp256k1:0xc000becd20 tendermint/PubKeyEd25519:0xc000bec690 tendermint/PubKeyMultisigThreshold:0xc000bec960 tendermint/PubKeySecp256k1:0xc000bec870]}
cdc : &{true 0xc0001575e0 0xc0001575e0}
cdc.cdc : &{{{0 0} 0 0 0 0} false map[0x4cfa560:0xc000bed1d0 0x4cfa620:0xc000bed0e0 0x4d85a60:0xc000bec3c0 0x4d95ee0:0xc000be94a0 0x4da5060:0xc000beca50 0x4da7d60:0xc000bec5a0 0x4db3820:0xc000be9ef0 0x4dbc380:0xc000be8d20 0x4dbf8a0:0xc000be81e0 0x4dd8300:0xc000becd20 0x4ddee80:0xc000becb40 0x4debd40:0xc000bec870 0x4df5dc0:0xc000bec690 0x4e11840:0xc000be9680 0x4e1e960:0xc000be8960 0x4e25a40:0xc000a2bd10 0x4e27480:0xc000bec960 0x4e28440:0xc000a2b770 0x4e33f80:0xc000be8ff0 0x4e37a20:0xc000be8c30 0x4e38200:0xc000a2ba40 0x4e38580:0xc000be8a50 0x4e38660:0xc000be9590 0x4e39700:0xc000a2b0e0 0x4e39a80:0xc000be8870 0x4e39b60:0xc000a2b860 0x4e39e00:0xc000a2bef0 0x4e3a180:0xc0001f5950 0x4e3aa40:0xc000a2b1d0 0x4e3bce0:0xc0001f5680 0x4e3e8e0:0xc000be8690 0x4e3ede0:0xc000be8780 0x4e475e0:0xc0001f5a40 0x4e477e0:0xc000a2b3b0 0x4e47ee0:0xc000a2aff0 0x4e482e0:0xc000a2b590 0x4e48de0:0xc000a2b2c0 0x4e491e0:0xc000a2af00 0x4e49de0:0xc0001f5e00 0x4e49fe0:0xc000a2b4a0 0x4e4aae0:0xc000a2be00 0x4e4abe0:0xc0001f5ef0 0x4e4b3e0:0xc0001f5b30 0x4e4b9e0:0xc000a2ae10 0x4e4ce80:0xc000be84b0 0x4e4f4c0:0xc000be85a0 0x4e50ea0:0xc000be9950 0x4e51560:0xc0001f53b0 0x4e51c20:0xc000a2bc20 0x4e51d40:0xc000be93b0 0x4e521c0:0xc000be83c0 0x4e55220:0xc000a2b950 0x4e558e0:0xc0001f54a0 0x4e55b20:0xc000be9e00 0x4e55e80:0xc000be8000 0x4e58ee0:0xc000be9860 0x4e5c4e0:0xc000be8b40 0x4e69d60:0xc000a2b680 0x4e7bba0:0xc0001f5d10 0x4e81be0:0xc0001f5770 0x4e85f80:0xc000be92c0 0x4e893c0:0xc000a2aa50 0x4e8a9c0:0xc000be80f0 0x4e8bba0:0xc000a2bb30 0x4e8f180:0xc0001f5c20 0x4e95f00:0xc000be91d0 0x4e9f8c0:0xc000be8e10 0x4ea1f40:0xc0001f5860 0x4ea30c0:0xc000a2ad20 0x4eb4ae0:0xc000be9d10 0x4eb9220:0xc000be9b30 0x4eb99a0:0xc0001f5590 0x4eba540:0xc000be9a40 0x4ed04c0:0xc000a2ab40] [0xc000a2aa50 0xc000be81e0 0xc000be8c30 0xc000be8d20 0xc000be9680 0xc000be9950 0xc000be9ef0 0xc000bec3c0 0xc000bec5a0 0xc000beca50] [0xc000a2ab40 0xc000a2ad20 0xc000a2ae10 0xc000a2af00 0xc000a2aff0 0xc000a2b0e0 0xc000a2b1d0 0xc000a2b2c0 0xc000a2b3b0 0xc000a2b4a0 0xc000a2b590 0xc000a2b680 0xc000a2b770 0xc000a2b860 0xc000a2b950 0xc000a2ba40 0xc000a2bb30 0xc000a2bc20 0xc000a2bd10 0xc000a2be00 0xc000a2bef0 0xc0001f53b0 0xc0001f54a0 0xc0001f5590 0xc0001f5680 0xc0001f5770 0xc0001f5860 0xc0001f5950 0xc0001f5a40 0xc0001f5b30 0xc0001f5c20 0xc0001f5d10 0xc0001f5e00 0xc0001f5ef0 0xc000be8000 0xc000be80f0 0xc000be83c0 0xc000be84b0 0xc000be85a0 0xc000be8690 0xc000be8780 0xc000be8870 0xc000be8960 0xc000be8a50 0xc000be8b40 0xc000be8e10 0xc000be8ff0 0xc000be91d0 0xc000be92c0 0xc000be93b0 0xc000be94a0 0xc000be9590 0xc000be9860 0xc000be9a40 0xc000be9b30 0xc000be9d10 0xc000be9e00 0xc000bec690 0xc000bec870 0xc000bec960 0xc000becb40 0xc000becd20] map[[1 158 130 225 176 247 155]:0xc000becd20 [14 26 29 233 120 159 45]:0xc000be94a0 [14 46 192 108 210 143 8]:0xc000a2ad20 [14 235 32 174 83 221 207]:0xc000a2b680 [17 25 160 161 138 86 229]:0xc000be84b0 [17 228 129 192 94 162 80]:0xc000a2bb30 [20 170 113 123 236 61 213]:0xc000be8780 [24 209 55 32 58 59 26]:0xc000be9590 [28 40 138 98 251 120 15]:0xc000be9d10 [35 146 198 212 41 117 199]:0xc000a2aff0 [38 143 1 176 71 128 20]:0xc000a2b4a0 [41 131 72 168 163 97 154]:0xc000a2be00 [43 72 167 230 129 120 7]:0xc000be8b40 [48 169 63 53 162 95 124]:0xc000be8ff0 [50 69 144 205 50 116 179]:0xc000be8960 [53 57 90 75 234 240 121]:0xc000be8690 [55 55 215 185 248 49 171]:0xc0001f53b0 [56 220 112 194 232 188 205]:0xc0001f5d10 [58 188 213 44 75 37 255]:0xc0001f5b30 [59 211 135 162 61 54 184]:0xc000be9b30 [63 33 145 189 33 53 241]:0xc000a2b3b0 [66 36 186 63 184 65 137]:0xc0001f5a40 [72 226 103 235 54 29 1]:0xc0001f5c20 [73 175 255 140 77 113 13]:0xc000be8870 [76 65 53 156 149 147 70]:0xc000be8000 [83 130 5 161 202 221 54]:0xc000be85a0 [86 101 111 194 104 154 209]:0xc000a2bef0 [92 66 252 53 148 138 213]:0xc0001f5590 [99 8 66 45 227 207 103]:0xc000be91d0 [99 40 144 246 228 248 56]:0xc000be9860 [100 229 227 45 120 126 196]:0xc0001f5680 [102 75 250 11 253 125 154]:0xc000be8e10 [102 105 128 150 119 71 152]:0xc000a2b770 [102 181 226 2 183 40 167]:0xc000a2af00 [103 201 236 92 175 50 138]:0xc000a2b0e0 [116 63 5 46 45 4 193]:0xc0001f54a0 [134 21 248 91 62 228 39]:0xc000a2b1d0 [136 114 150 90 191 49 231]:0xc0001f5770 [138 59 71 40 40 22 169]:0xc000be9e00 [143 220 232 224 76 231 18]:0xc0001f5950 [147 22 189 87 84 187 91]:0xc000be9a40 [149 69 104 163 40 137 16]:0xc000becb40 [153 220 79 101 246 206 152]:0xc000a2b590 [160 39 97 91 171 26 17]:0xc000a2ae10 [161 92 237 242 173 146 20]:0xc000be93b0 [165 242 194 96 232 212 255]:0xc000a2ba40 [171 92 48 223 153 248 163]:0xc000a2b860 [172 38 121 22 36 222 100]:0xc000bec690 [176 105 242 108 220 31 176]:0xc000be80f0 [179 146 171 83 96 112 184]:0xc000be8a50 [180 73 174 34 193 247 226]:0xc000bec960 [186 219 187 92 128 129 13]:0xc0001f5ef0 [191 129 227 90 156 227 226]:0xc000a2b2c0 [197 54 218 139 33 52 124]:0xc000a2bc20 [197 166 235 142 55 140 157]:0xc000a2b950 [210 168 149 143 48 167 145]:0xc000be92c0 [227 171 230 134 89 58 16]:0xc0001f5860 [228 62 31 146 29 46 78]:0xc0001f5e00 [247 34 218 84 58 236 112]:0xc000a2bd10 [247 147 122 180 45 97 78]:0xc000be83c0 [248 204 234 235 90 233 135]:0xc000bec870 [252 222 231 148 120 169 196]:0xc000a2ab40] map[alias/MsgAliasUpdate:0xc0001f54a0 asset/BaseToken:0xc000a2ab40 asset/MsgAddTokenWhitelist:0xc000a2b2c0 asset/MsgBurnToken:0xc000a2aff0 asset/MsgForbidAddr:0xc000a2b4a0 asset/MsgForbidToken:0xc000a2b0e0 asset/MsgIssueToken:0xc000a2ad20 asset/MsgMintToken:0xc000a2af00 asset/MsgModifyTokenInfo:0xc000a2b680 asset/MsgRemoveTokenWhitelist:0xc000a2b3b0 asset/MsgTransferOwnership:0xc000a2ae10 asset/MsgUnForbidAddr:0xc000a2b590 asset/MsgUnForbidToken:0xc000a2b1d0 authx/AccountX:0xc000a2b770 bancorlite/MsgBancorCancel:0xc000be93b0 bancorlite/MsgBancorInit:0xc000be91d0 bancorlite/MsgBancorTrade:0xc000be92c0 bankx/MsgMultiSend:0xc000a2ba40 bankx/MsgSend:0xc000a2b950 bankx/MsgSetMemoRequired:0xc000a2b860 bankx/MsgSupervisedSend:0xc000a2bb30 comment/MsgCommentToken:0xc000be80f0 cosmos-sdk/Account:0xc000be9860 cosmos-sdk/BaseVestingAccount:0xc000be9a40 cosmos-sdk/CommunityPoolSpendProposal:0xc000be8b40 cosmos-sdk/ContinuousVestingAccount:0xc000be9b30 cosmos-sdk/DelayedVestingAccount:0xc000be9d10 cosmos-sdk/ModuleAccount:0xc000be8e10 cosmos-sdk/MsgBeginRedelegate:0xc000be8000 cosmos-sdk/MsgCreateValidator:0xc0001f5c20 cosmos-sdk/MsgDelegate:0xc0001f5e00 cosmos-sdk/MsgDeposit:0xc000be84b0 cosmos-sdk/MsgEditValidator:0xc0001f5d10 cosmos-sdk/MsgModifyWithdrawAddress:0xc000be8a50 cosmos-sdk/MsgMultiSend:0xc000a2bef0 cosmos-sdk/MsgSend:0xc000a2be00 cosmos-sdk/MsgSubmitProposal:0xc000be83c0 cosmos-sdk/MsgUndelegate:0xc0001f5ef0 cosmos-sdk/MsgUnjail:0xc000a2bd10 cosmos-sdk/MsgVerifyInvariant:0xc000a2bc20 cosmos-sdk/MsgVote:0xc000be85a0 cosmos-sdk/MsgWithdrawDelegationReward:0xc000be8870 cosmos-sdk/MsgWithdrawValidatorCommission:0xc000be8960 cosmos-sdk/ParameterChangeProposal:0xc0001f53b0 cosmos-sdk/SoftwareUpgradeProposal:0xc000be8780 cosmos-sdk/StdTx:0xc000be9e00 cosmos-sdk/Supply:0xc000be8ff0 cosmos-sdk/TextProposal:0xc000be8690 distrx/MsgDonateToCommunityPool:0xc000be9590 incentive/state:0xc000be94a0 market/MsgCancelOrder:0xc0001f5950 market/MsgCancelTradingPair:0xc0001f5a40 market/MsgCreateOrder:0xc0001f5860 market/MsgCreateTradingPair:0xc0001f5770 market/MsgModifyPricePrecision:0xc0001f5b30 market/Order:0xc0001f5590 market/TradingPair:0xc0001f5680 tendermint/PrivKeyEd25519:0xc000becb40 tendermint/PrivKeySecp256k1:0xc000becd20 tendermint/PubKeyEd25519:0xc000bec690 tendermint/PubKeyMultisigThreshold:0xc000bec960 tendermint/PubKeySecp256k1:0xc000bec870]}
cdc : &{true 0xc0001575e0 0xc0001575e0}
cdc.cdc : &{{{0 0} 0 0 0 0} false map[0x4cfa560:0xc000bed1d0 0x4cfa620:0xc000bed0e0 0x4d85a60:0xc000bec3c0 0x4d95ee0:0xc000be94a0 0x4da5060:0xc000beca50 0x4da7d60:0xc000bec5a0 0x4db3820:0xc000be9ef0 0x4dbc380:0xc000be8d20 0x4dbf8a0:0xc000be81e0 0x4dd8300:0xc000becd20 0x4ddee80:0xc000becb40 0x4debd40:0xc000bec870 0x4df5dc0:0xc000bec690 0x4e11840:0xc000be9680 0x4e1e960:0xc000be8960 0x4e25a40:0xc000a2bd10 0x4e27480:0xc000bec960 0x4e28440:0xc000a2b770 0x4e33f80:0xc000be8ff0 0x4e37a20:0xc000be8c30 0x4e38200:0xc000a2ba40 0x4e38580:0xc000be8a50 0x4e38660:0xc000be9590 0x4e39700:0xc000a2b0e0 0x4e39a80:0xc000be8870 0x4e39b60:0xc000a2b860 0x4e39e00:0xc000a2bef0 0x4e3a180:0xc0001f5950 0x4e3aa40:0xc000a2b1d0 0x4e3bce0:0xc0001f5680 0x4e3e8e0:0xc000be8690 0x4e3ede0:0xc000be8780 0x4e475e0:0xc0001f5a40 0x4e477e0:0xc000a2b3b0 0x4e47ee0:0xc000a2aff0 0x4e482e0:0xc000a2b590 0x4e48de0:0xc000a2b2c0 0x4e491e0:0xc000a2af00 0x4e49de0:0xc0001f5e00 0x4e49fe0:0xc000a2b4a0 0x4e4aae0:0xc000a2be00 0x4e4abe0:0xc0001f5ef0 0x4e4b3e0:0xc0001f5b30 0x4e4b9e0:0xc000a2ae10 0x4e4ce80:0xc000be84b0 0x4e4f4c0:0xc000be85a0 0x4e50ea0:0xc000be9950 0x4e51560:0xc0001f53b0 0x4e51c20:0xc000a2bc20 0x4e51d40:0xc000be93b0 0x4e521c0:0xc000be83c0 0x4e55220:0xc000a2b950 0x4e558e0:0xc0001f54a0 0x4e55b20:0xc000be9e00 0x4e55e80:0xc000be8000 0x4e58ee0:0xc000be9860 0x4e5c4e0:0xc000be8b40 0x4e69d60:0xc000a2b680 0x4e7bba0:0xc0001f5d10 0x4e81be0:0xc0001f5770 0x4e85f80:0xc000be92c0 0x4e893c0:0xc000a2aa50 0x4e8a9c0:0xc000be80f0 0x4e8bba0:0xc000a2bb30 0x4e8f180:0xc0001f5c20 0x4e95f00:0xc000be91d0 0x4e9f8c0:0xc000be8e10 0x4ea1f40:0xc0001f5860 0x4ea30c0:0xc000a2ad20 0x4eb4ae0:0xc000be9d10 0x4eb9220:0xc000be9b30 0x4eb99a0:0xc0001f5590 0x4eba540:0xc000be9a40 0x4ed04c0:0xc000a2ab40] [0xc000a2aa50 0xc000be81e0 0xc000be8c30 0xc000be8d20 0xc000be9680 0xc000be9950 0xc000be9ef0 0xc000bec3c0 0xc000bec5a0 0xc000beca50] [0xc000a2ab40 0xc000a2ad20 0xc000a2ae10 0xc000a2af00 0xc000a2aff0 0xc000a2b0e0 0xc000a2b1d0 0xc000a2b2c0 0xc000a2b3b0 0xc000a2b4a0 0xc000a2b590 0xc000a2b680 0xc000a2b770 0xc000a2b860 0xc000a2b950 0xc000a2ba40 0xc000a2bb30 0xc000a2bc20 0xc000a2bd10 0xc000a2be00 0xc000a2bef0 0xc0001f53b0 0xc0001f54a0 0xc0001f5590 0xc0001f5680 0xc0001f5770 0xc0001f5860 0xc0001f5950 0xc0001f5a40 0xc0001f5b30 0xc0001f5c20 0xc0001f5d10 0xc0001f5e00 0xc0001f5ef0 0xc000be8000 0xc000be80f0 0xc000be83c0 0xc000be84b0 0xc000be85a0 0xc000be8690 0xc000be8780 0xc000be8870 0xc000be8960 0xc000be8a50 0xc000be8b40 0xc000be8e10 0xc000be8ff0 0xc000be91d0 0xc000be92c0 0xc000be93b0 0xc000be94a0 0xc000be9590 0xc000be9860 0xc000be9a40 0xc000be9b30 0xc000be9d10 0xc000be9e00 0xc000bec690 0xc000bec870 0xc000bec960 0xc000becb40 0xc000becd20] map[[1 158 130 225 176 247 155]:0xc000becd20 [14 26 29 233 120 159 45]:0xc000be94a0 [14 46 192 108 210 143 8]:0xc000a2ad20 [14 235 32 174 83 221 207]:0xc000a2b680 [17 25 160 161 138 86 229]:0xc000be84b0 [17 228 129 192 94 162 80]:0xc000a2bb30 [20 170 113 123 236 61 213]:0xc000be8780 [24 209 55 32 58 59 26]:0xc000be9590 [28 40 138 98 251 120 15]:0xc000be9d10 [35 146 198 212 41 117 199]:0xc000a2aff0 [38 143 1 176 71 128 20]:0xc000a2b4a0 [41 131 72 168 163 97 154]:0xc000a2be00 [43 72 167 230 129 120 7]:0xc000be8b40 [48 169 63 53 162 95 124]:0xc000be8ff0 [50 69 144 205 50 116 179]:0xc000be8960 [53 57 90 75 234 240 121]:0xc000be8690 [55 55 215 185 248 49 171]:0xc0001f53b0 [56 220 112 194 232 188 205]:0xc0001f5d10 [58 188 213 44 75 37 255]:0xc0001f5b30 [59 211 135 162 61 54 184]:0xc000be9b30 [63 33 145 189 33 53 241]:0xc000a2b3b0 [66 36 186 63 184 65 137]:0xc0001f5a40 [72 226 103 235 54 29 1]:0xc0001f5c20 [73 175 255 140 77 113 13]:0xc000be8870 [76 65 53 156 149 147 70]:0xc000be8000 [83 130 5 161 202 221 54]:0xc000be85a0 [86 101 111 194 104 154 209]:0xc000a2bef0 [92 66 252 53 148 138 213]:0xc0001f5590 [99 8 66 45 227 207 103]:0xc000be91d0 [99 40 144 246 228 248 56]:0xc000be9860 [100 229 227 45 120 126 196]:0xc0001f5680 [102 75 250 11 253 125 154]:0xc000be8e10 [102 105 128 150 119 71 152]:0xc000a2b770 [102 181 226 2 183 40 167]:0xc000a2af00 [103 201 236 92 175 50 138]:0xc000a2b0e0 [116 63 5 46 45 4 193]:0xc0001f54a0 [134 21 248 91 62 228 39]:0xc000a2b1d0 [136 114 150 90 191 49 231]:0xc0001f5770 [138 59 71 40 40 22 169]:0xc000be9e00 [143 220 232 224 76 231 18]:0xc0001f5950 [147 22 189 87 84 187 91]:0xc000be9a40 [149 69 104 163 40 137 16]:0xc000becb40 [153 220 79 101 246 206 152]:0xc000a2b590 [160 39 97 91 171 26 17]:0xc000a2ae10 [161 92 237 242 173 146 20]:0xc000be93b0 [165 242 194 96 232 212 255]:0xc000a2ba40 [171 92 48 223 153 248 163]:0xc000a2b860 [172 38 121 22 36 222 100]:0xc000bec690 [176 105 242 108 220 31 176]:0xc000be80f0 [179 146 171 83 96 112 184]:0xc000be8a50 [180 73 174 34 193 247 226]:0xc000bec960 [186 219 187 92 128 129 13]:0xc0001f5ef0 [191 129 227 90 156 227 226]:0xc000a2b2c0 [197 54 218 139 33 52 124]:0xc000a2bc20 [197 166 235 142 55 140 157]:0xc000a2b950 [210 168 149 143 48 167 145]:0xc000be92c0 [227 171 230 134 89 58 16]:0xc0001f5860 [228 62 31 146 29 46 78]:0xc0001f5e00 [247 34 218 84 58 236 112]:0xc000a2bd10 [247 147 122 180 45 97 78]:0xc000be83c0 [248 204 234 235 90 233 135]:0xc000bec870 [252 222 231 148 120 169 196]:0xc000a2ab40] map[alias/MsgAliasUpdate:0xc0001f54a0 asset/BaseToken:0xc000a2ab40 asset/MsgAddTokenWhitelist:0xc000a2b2c0 asset/MsgBurnToken:0xc000a2aff0 asset/MsgForbidAddr:0xc000a2b4a0 asset/MsgForbidToken:0xc000a2b0e0 asset/MsgIssueToken:0xc000a2ad20 asset/MsgMintToken:0xc000a2af00 asset/MsgModifyTokenInfo:0xc000a2b680 asset/MsgRemoveTokenWhitelist:0xc000a2b3b0 asset/MsgTransferOwnership:0xc000a2ae10 asset/MsgUnForbidAddr:0xc000a2b590 asset/MsgUnForbidToken:0xc000a2b1d0 authx/AccountX:0xc000a2b770 bancorlite/MsgBancorCancel:0xc000be93b0 bancorlite/MsgBancorInit:0xc000be91d0 bancorlite/MsgBancorTrade:0xc000be92c0 bankx/MsgMultiSend:0xc000a2ba40 bankx/MsgSend:0xc000a2b950 bankx/MsgSetMemoRequired:0xc000a2b860 bankx/MsgSupervisedSend:0xc000a2bb30 comment/MsgCommentToken:0xc000be80f0 cosmos-sdk/Account:0xc000be9860 cosmos-sdk/BaseVestingAccount:0xc000be9a40 cosmos-sdk/CommunityPoolSpendProposal:0xc000be8b40 cosmos-sdk/ContinuousVestingAccount:0xc000be9b30 cosmos-sdk/DelayedVestingAccount:0xc000be9d10 cosmos-sdk/ModuleAccount:0xc000be8e10 cosmos-sdk/MsgBeginRedelegate:0xc000be8000 cosmos-sdk/MsgCreateValidator:0xc0001f5c20 cosmos-sdk/MsgDelegate:0xc0001f5e00 cosmos-sdk/MsgDeposit:0xc000be84b0 cosmos-sdk/MsgEditValidator:0xc0001f5d10 cosmos-sdk/MsgModifyWithdrawAddress:0xc000be8a50 cosmos-sdk/MsgMultiSend:0xc000a2bef0 cosmos-sdk/MsgSend:0xc000a2be00 cosmos-sdk/MsgSubmitProposal:0xc000be83c0 cosmos-sdk/MsgUndelegate:0xc0001f5ef0 cosmos-sdk/MsgUnjail:0xc000a2bd10 cosmos-sdk/MsgVerifyInvariant:0xc000a2bc20 cosmos-sdk/MsgVote:0xc000be85a0 cosmos-sdk/MsgWithdrawDelegationReward:0xc000be8870 cosmos-sdk/MsgWithdrawValidatorCommission:0xc000be8960 cosmos-sdk/ParameterChangeProposal:0xc0001f53b0 cosmos-sdk/SoftwareUpgradeProposal:0xc000be8780 cosmos-sdk/StdTx:0xc000be9e00 cosmos-sdk/Supply:0xc000be8ff0 cosmos-sdk/TextProposal:0xc000be8690 distrx/MsgDonateToCommunityPool:0xc000be9590 incentive/state:0xc000be94a0 market/MsgCancelOrder:0xc0001f5950 market/MsgCancelTradingPair:0xc0001f5a40 market/MsgCreateOrder:0xc0001f5860 market/MsgCreateTradingPair:0xc0001f5770 market/MsgModifyPricePrecision:0xc0001f5b30 market/Order:0xc0001f5590 market/TradingPair:0xc0001f5680 tendermint/PrivKeyEd25519:0xc000becb40 tendermint/PrivKeySecp256k1:0xc000becd20 tendermint/PubKeyEd25519:0xc000bec690 tendermint/PubKeyMultisigThreshold:0xc000bec960 tendermint/PubKeySecp256k1:0xc000bec870]}
cdc : &{true 0xc0001575e0 0xc0001575e0}
cdc.cdc : &{{{0 0} 0 0 0 0} false map[0x4cfa560:0xc000bed1d0 0x4cfa620:0xc000bed0e0 0x4d85a60:0xc000bec3c0 0x4d95ee0:0xc000be94a0 0x4da5060:0xc000beca50 0x4da7d60:0xc000bec5a0 0x4db3820:0xc000be9ef0 0x4dbc380:0xc000be8d20 0x4dbf8a0:0xc000be81e0 0x4dd8300:0xc000becd20 0x4ddee80:0xc000becb40 0x4debd40:0xc000bec870 0x4df5dc0:0xc000bec690 0x4e11840:0xc000be9680 0x4e1e960:0xc000be8960 0x4e25a40:0xc000a2bd10 0x4e27480:0xc000bec960 0x4e28440:0xc000a2b770 0x4e33f80:0xc000be8ff0 0x4e37a20:0xc000be8c30 0x4e38200:0xc000a2ba40 0x4e38580:0xc000be8a50 0x4e38660:0xc000be9590 0x4e39700:0xc000a2b0e0 0x4e39a80:0xc000be8870 0x4e39b60:0xc000a2b860 0x4e39e00:0xc000a2bef0 0x4e3a180:0xc0001f5950 0x4e3aa40:0xc000a2b1d0 0x4e3bce0:0xc0001f5680 0x4e3e8e0:0xc000be8690 0x4e3ede0:0xc000be8780 0x4e475e0:0xc0001f5a40 0x4e477e0:0xc000a2b3b0 0x4e47ee0:0xc000a2aff0 0x4e482e0:0xc000a2b590 0x4e48de0:0xc000a2b2c0 0x4e491e0:0xc000a2af00 0x4e49de0:0xc0001f5e00 0x4e49fe0:0xc000a2b4a0 0x4e4aae0:0xc000a2be00 0x4e4abe0:0xc0001f5ef0 0x4e4b3e0:0xc0001f5b30 0x4e4b9e0:0xc000a2ae10 0x4e4ce80:0xc000be84b0 0x4e4f4c0:0xc000be85a0 0x4e50ea0:0xc000be9950 0x4e51560:0xc0001f53b0 0x4e51c20:0xc000a2bc20 0x4e51d40:0xc000be93b0 0x4e521c0:0xc000be83c0 0x4e55220:0xc000a2b950 0x4e558e0:0xc0001f54a0 0x4e55b20:0xc000be9e00 0x4e55e80:0xc000be8000 0x4e58ee0:0xc000be9860 0x4e5c4e0:0xc000be8b40 0x4e69d60:0xc000a2b680 0x4e7bba0:0xc0001f5d10 0x4e81be0:0xc0001f5770 0x4e85f80:0xc000be92c0 0x4e893c0:0xc000a2aa50 0x4e8a9c0:0xc000be80f0 0x4e8bba0:0xc000a2bb30 0x4e8f180:0xc0001f5c20 0x4e95f00:0xc000be91d0 0x4e9f8c0:0xc000be8e10 0x4ea1f40:0xc0001f5860 0x4ea30c0:0xc000a2ad20 0x4eb4ae0:0xc000be9d10 0x4eb9220:0xc000be9b30 0x4eb99a0:0xc0001f5590 0x4eba540:0xc000be9a40 0x4ed04c0:0xc000a2ab40] [0xc000a2aa50 0xc000be81e0 0xc000be8c30 0xc000be8d20 0xc000be9680 0xc000be9950 0xc000be9ef0 0xc000bec3c0 0xc000bec5a0 0xc000beca50] [0xc000a2ab40 0xc000a2ad20 0xc000a2ae10 0xc000a2af00 0xc000a2aff0 0xc000a2b0e0 0xc000a2b1d0 0xc000a2b2c0 0xc000a2b3b0 0xc000a2b4a0 0xc000a2b590 0xc000a2b680 0xc000a2b770 0xc000a2b860 0xc000a2b950 0xc000a2ba40 0xc000a2bb30 0xc000a2bc20 0xc000a2bd10 0xc000a2be00 0xc000a2bef0 0xc0001f53b0 0xc0001f54a0 0xc0001f5590 0xc0001f5680 0xc0001f5770 0xc0001f5860 0xc0001f5950 0xc0001f5a40 0xc0001f5b30 0xc0001f5c20 0xc0001f5d10 0xc0001f5e00 0xc0001f5ef0 0xc000be8000 0xc000be80f0 0xc000be83c0 0xc000be84b0 0xc000be85a0 0xc000be8690 0xc000be8780 0xc000be8870 0xc000be8960 0xc000be8a50 0xc000be8b40 0xc000be8e10 0xc000be8ff0 0xc000be91d0 0xc000be92c0 0xc000be93b0 0xc000be94a0 0xc000be9590 0xc000be9860 0xc000be9a40 0xc000be9b30 0xc000be9d10 0xc000be9e00 0xc000bec690 0xc000bec870 0xc000bec960 0xc000becb40 0xc000becd20] map[[1 158 130 225 176 247 155]:0xc000becd20 [14 26 29 233 120 159 45]:0xc000be94a0 [14 46 192 108 210 143 8]:0xc000a2ad20 [14 235 32 174 83 221 207]:0xc000a2b680 [17 25 160 161 138 86 229]:0xc000be84b0 [17 228 129 192 94 162 80]:0xc000a2bb30 [20 170 113 123 236 61 213]:0xc000be8780 [24 209 55 32 58 59 26]:0xc000be9590 [28 40 138 98 251 120 15]:0xc000be9d10 [35 146 198 212 41 117 199]:0xc000a2aff0 [38 143 1 176 71 128 20]:0xc000a2b4a0 [41 131 72 168 163 97 154]:0xc000a2be00 [43 72 167 230 129 120 7]:0xc000be8b40 [48 169 63 53 162 95 124]:0xc000be8ff0 [50 69 144 205 50 116 179]:0xc000be8960 [53 57 90 75 234 240 121]:0xc000be8690 [55 55 215 185 248 49 171]:0xc0001f53b0 [56 220 112 194 232 188 205]:0xc0001f5d10 [58 188 213 44 75 37 255]:0xc0001f5b30 [59 211 135 162 61 54 184]:0xc000be9b30 [63 33 145 189 33 53 241]:0xc000a2b3b0 [66 36 186 63 184 65 137]:0xc0001f5a40 [72 226 103 235 54 29 1]:0xc0001f5c20 [73 175 255 140 77 113 13]:0xc000be8870 [76 65 53 156 149 147 70]:0xc000be8000 [83 130 5 161 202 221 54]:0xc000be85a0 [86 101 111 194 104 154 209]:0xc000a2bef0 [92 66 252 53 148 138 213]:0xc0001f5590 [99 8 66 45 227 207 103]:0xc000be91d0 [99 40 144 246 228 248 56]:0xc000be9860 [100 229 227 45 120 126 196]:0xc0001f5680 [102 75 250 11 253 125 154]:0xc000be8e10 [102 105 128 150 119 71 152]:0xc000a2b770 [102 181 226 2 183 40 167]:0xc000a2af00 [103 201 236 92 175 50 138]:0xc000a2b0e0 [116 63 5 46 45 4 193]:0xc0001f54a0 [134 21 248 91 62 228 39]:0xc000a2b1d0 [136 114 150 90 191 49 231]:0xc0001f5770 [138 59 71 40 40 22 169]:0xc000be9e00 [143 220 232 224 76 231 18]:0xc0001f5950 [147 22 189 87 84 187 91]:0xc000be9a40 [149 69 104 163 40 137 16]:0xc000becb40 [153 220 79 101 246 206 152]:0xc000a2b590 [160 39 97 91 171 26 17]:0xc000a2ae10 [161 92 237 242 173 146 20]:0xc000be93b0 [165 242 194 96 232 212 255]:0xc000a2ba40 [171 92 48 223 153 248 163]:0xc000a2b860 [172 38 121 22 36 222 100]:0xc000bec690 [176 105 242 108 220 31 176]:0xc000be80f0 [179 146 171 83 96 112 184]:0xc000be8a50 [180 73 174 34 193 247 226]:0xc000bec960 [186 219 187 92 128 129 13]:0xc0001f5ef0 [191 129 227 90 156 227 226]:0xc000a2b2c0 [197 54 218 139 33 52 124]:0xc000a2bc20 [197 166 235 142 55 140 157]:0xc000a2b950 [210 168 149 143 48 167 145]:0xc000be92c0 [227 171 230 134 89 58 16]:0xc0001f5860 [228 62 31 146 29 46 78]:0xc0001f5e00 [247 34 218 84 58 236 112]:0xc000a2bd10 [247 147 122 180 45 97 78]:0xc000be83c0 [248 204 234 235 90 233 135]:0xc000bec870 [252 222 231 148 120 169 196]:0xc000a2ab40] map[alias/MsgAliasUpdate:0xc0001f54a0 asset/BaseToken:0xc000a2ab40 asset/MsgAddTokenWhitelist:0xc000a2b2c0 asset/MsgBurnToken:0xc000a2aff0 asset/MsgForbidAddr:0xc000a2b4a0 asset/MsgForbidToken:0xc000a2b0e0 asset/MsgIssueToken:0xc000a2ad20 asset/MsgMintToken:0xc000a2af00 asset/MsgModifyTokenInfo:0xc000a2b680 asset/MsgRemoveTokenWhitelist:0xc000a2b3b0 asset/MsgTransferOwnership:0xc000a2ae10 asset/MsgUnForbidAddr:0xc000a2b590 asset/MsgUnForbidToken:0xc000a2b1d0 authx/AccountX:0xc000a2b770 bancorlite/MsgBancorCancel:0xc000be93b0 bancorlite/MsgBancorInit:0xc000be91d0 bancorlite/MsgBancorTrade:0xc000be92c0 bankx/MsgMultiSend:0xc000a2ba40 bankx/MsgSend:0xc000a2b950 bankx/MsgSetMemoRequired:0xc000a2b860 bankx/MsgSupervisedSend:0xc000a2bb30 comment/MsgCommentToken:0xc000be80f0 cosmos-sdk/Account:0xc000be9860 cosmos-sdk/BaseVestingAccount:0xc000be9a40 cosmos-sdk/CommunityPoolSpendProposal:0xc000be8b40 cosmos-sdk/ContinuousVestingAccount:0xc000be9b30 cosmos-sdk/DelayedVestingAccount:0xc000be9d10 cosmos-sdk/ModuleAccount:0xc000be8e10 cosmos-sdk/MsgBeginRedelegate:0xc000be8000 cosmos-sdk/MsgCreateValidator:0xc0001f5c20 cosmos-sdk/MsgDelegate:0xc0001f5e00 cosmos-sdk/MsgDeposit:0xc000be84b0 cosmos-sdk/MsgEditValidator:0xc0001f5d10 cosmos-sdk/MsgModifyWithdrawAddress:0xc000be8a50 cosmos-sdk/MsgMultiSend:0xc000a2bef0 cosmos-sdk/MsgSend:0xc000a2be00 cosmos-sdk/MsgSubmitProposal:0xc000be83c0 cosmos-sdk/MsgUndelegate:0xc0001f5ef0 cosmos-sdk/MsgUnjail:0xc000a2bd10 cosmos-sdk/MsgVerifyInvariant:0xc000a2bc20 cosmos-sdk/MsgVote:0xc000be85a0 cosmos-sdk/MsgWithdrawDelegationReward:0xc000be8870 cosmos-sdk/MsgWithdrawValidatorCommission:0xc000be8960 cosmos-sdk/ParameterChangeProposal:0xc0001f53b0 cosmos-sdk/SoftwareUpgradeProposal:0xc000be8780 cosmos-sdk/StdTx:0xc000be9e00 cosmos-sdk/Supply:0xc000be8ff0 cosmos-sdk/TextProposal:0xc000be8690 distrx/MsgDonateToCommunityPool:0xc000be9590 incentive/state:0xc000be94a0 market/MsgCancelOrder:0xc0001f5950 market/MsgCancelTradingPair:0xc0001f5a40 market/MsgCreateOrder:0xc0001f5860 market/MsgCreateTradingPair:0xc0001f5770 market/MsgModifyPricePrecision:0xc0001f5b30 market/Order:0xc0001f5590 market/TradingPair:0xc0001f5680 tendermint/PrivKeyEd25519:0xc000becb40 tendermint/PrivKeySecp256k1:0xc000becd20 tendermint/PubKeyEd25519:0xc000bec690 tendermint/PubKeyMultisigThreshold:0xc000bec960 tendermint/PubKeySecp256k1:0xc000bec870]}
cdc : &{true 0xc0001575e0 0xc0001575e0}
cdc.cdc : &{{{0 0} 0 0 0 0} false map[0x4cfa560:0xc000bed1d0 0x4cfa620:0xc000bed0e0 0x4d85a60:0xc000bec3c0 0x4d95ee0:0xc000be94a0 0x4da5060:0xc000beca50 0x4da7d60:0xc000bec5a0 0x4db3820:0xc000be9ef0 0x4dbc380:0xc000be8d20 0x4dbf8a0:0xc000be81e0 0x4dd8300:0xc000becd20 0x4ddee80:0xc000becb40 0x4debd40:0xc000bec870 0x4df5dc0:0xc000bec690 0x4e11840:0xc000be9680 0x4e1e960:0xc000be8960 0x4e25a40:0xc000a2bd10 0x4e27480:0xc000bec960 0x4e28440:0xc000a2b770 0x4e33f80:0xc000be8ff0 0x4e37a20:0xc000be8c30 0x4e38200:0xc000a2ba40 0x4e38580:0xc000be8a50 0x4e38660:0xc000be9590 0x4e39700:0xc000a2b0e0 0x4e39a80:0xc000be8870 0x4e39b60:0xc000a2b860 0x4e39e00:0xc000a2bef0 0x4e3a180:0xc0001f5950 0x4e3aa40:0xc000a2b1d0 0x4e3bce0:0xc0001f5680 0x4e3e8e0:0xc000be8690 0x4e3ede0:0xc000be8780 0x4e475e0:0xc0001f5a40 0x4e477e0:0xc000a2b3b0 0x4e47ee0:0xc000a2aff0 0x4e482e0:0xc000a2b590 0x4e48de0:0xc000a2b2c0 0x4e491e0:0xc000a2af00 0x4e49de0:0xc0001f5e00 0x4e49fe0:0xc000a2b4a0 0x4e4aae0:0xc000a2be00 0x4e4abe0:0xc0001f5ef0 0x4e4b3e0:0xc0001f5b30 0x4e4b9e0:0xc000a2ae10 0x4e4ce80:0xc000be84b0 0x4e4f4c0:0xc000be85a0 0x4e50ea0:0xc000be9950 0x4e51560:0xc0001f53b0 0x4e51c20:0xc000a2bc20 0x4e51d40:0xc000be93b0 0x4e521c0:0xc000be83c0 0x4e55220:0xc000a2b950 0x4e558e0:0xc0001f54a0 0x4e55b20:0xc000be9e00 0x4e55e80:0xc000be8000 0x4e58ee0:0xc000be9860 0x4e5c4e0:0xc000be8b40 0x4e69d60:0xc000a2b680 0x4e7bba0:0xc0001f5d10 0x4e81be0:0xc0001f5770 0x4e85f80:0xc000be92c0 0x4e893c0:0xc000a2aa50 0x4e8a9c0:0xc000be80f0 0x4e8bba0:0xc000a2bb30 0x4e8f180:0xc0001f5c20 0x4e95f00:0xc000be91d0 0x4e9f8c0:0xc000be8e10 0x4ea1f40:0xc0001f5860 0x4ea30c0:0xc000a2ad20 0x4eb4ae0:0xc000be9d10 0x4eb9220:0xc000be9b30 0x4eb99a0:0xc0001f5590 0x4eba540:0xc000be9a40 0x4ed04c0:0xc000a2ab40] [0xc000a2aa50 0xc000be81e0 0xc000be8c30 0xc000be8d20 0xc000be9680 0xc000be9950 0xc000be9ef0 0xc000bec3c0 0xc000bec5a0 0xc000beca50] [0xc000a2ab40 0xc000a2ad20 0xc000a2ae10 0xc000a2af00 0xc000a2aff0 0xc000a2b0e0 0xc000a2b1d0 0xc000a2b2c0 0xc000a2b3b0 0xc000a2b4a0 0xc000a2b590 0xc000a2b680 0xc000a2b770 0xc000a2b860 0xc000a2b950 0xc000a2ba40 0xc000a2bb30 0xc000a2bc20 0xc000a2bd10 0xc000a2be00 0xc000a2bef0 0xc0001f53b0 0xc0001f54a0 0xc0001f5590 0xc0001f5680 0xc0001f5770 0xc0001f5860 0xc0001f5950 0xc0001f5a40 0xc0001f5b30 0xc0001f5c20 0xc0001f5d10 0xc0001f5e00 0xc0001f5ef0 0xc000be8000 0xc000be80f0 0xc000be83c0 0xc000be84b0 0xc000be85a0 0xc000be8690 0xc000be8780 0xc000be8870 0xc000be8960 0xc000be8a50 0xc000be8b40 0xc000be8e10 0xc000be8ff0 0xc000be91d0 0xc000be92c0 0xc000be93b0 0xc000be94a0 0xc000be9590 0xc000be9860 0xc000be9a40 0xc000be9b30 0xc000be9d10 0xc000be9e00 0xc000bec690 0xc000bec870 0xc000bec960 0xc000becb40 0xc000becd20] map[[1 158 130 225 176 247 155]:0xc000becd20 [14 26 29 233 120 159 45]:0xc000be94a0 [14 46 192 108 210 143 8]:0xc000a2ad20 [14 235 32 174 83 221 207]:0xc000a2b680 [17 25 160 161 138 86 229]:0xc000be84b0 [17 228 129 192 94 162 80]:0xc000a2bb30 [20 170 113 123 236 61 213]:0xc000be8780 [24 209 55 32 58 59 26]:0xc000be9590 [28 40 138 98 251 120 15]:0xc000be9d10 [35 146 198 212 41 117 199]:0xc000a2aff0 [38 143 1 176 71 128 20]:0xc000a2b4a0 [41 131 72 168 163 97 154]:0xc000a2be00 [43 72 167 230 129 120 7]:0xc000be8b40 [48 169 63 53 162 95 124]:0xc000be8ff0 [50 69 144 205 50 116 179]:0xc000be8960 [53 57 90 75 234 240 121]:0xc000be8690 [55 55 215 185 248 49 171]:0xc0001f53b0 [56 220 112 194 232 188 205]:0xc0001f5d10 [58 188 213 44 75 37 255]:0xc0001f5b30 [59 211 135 162 61 54 184]:0xc000be9b30 [63 33 145 189 33 53 241]:0xc000a2b3b0 [66 36 186 63 184 65 137]:0xc0001f5a40 [72 226 103 235 54 29 1]:0xc0001f5c20 [73 175 255 140 77 113 13]:0xc000be8870 [76 65 53 156 149 147 70]:0xc000be8000 [83 130 5 161 202 221 54]:0xc000be85a0 [86 101 111 194 104 154 209]:0xc000a2bef0 [92 66 252 53 148 138 213]:0xc0001f5590 [99 8 66 45 227 207 103]:0xc000be91d0 [99 40 144 246 228 248 56]:0xc000be9860 [100 229 227 45 120 126 196]:0xc0001f5680 [102 75 250 11 253 125 154]:0xc000be8e10 [102 105 128 150 119 71 152]:0xc000a2b770 [102 181 226 2 183 40 167]:0xc000a2af00 [103 201 236 92 175 50 138]:0xc000a2b0e0 [116 63 5 46 45 4 193]:0xc0001f54a0 [134 21 248 91 62 228 39]:0xc000a2b1d0 [136 114 150 90 191 49 231]:0xc0001f5770 [138 59 71 40 40 22 169]:0xc000be9e00 [143 220 232 224 76 231 18]:0xc0001f5950 [147 22 189 87 84 187 91]:0xc000be9a40 [149 69 104 163 40 137 16]:0xc000becb40 [153 220 79 101 246 206 152]:0xc000a2b590 [160 39 97 91 171 26 17]:0xc000a2ae10 [161 92 237 242 173 146 20]:0xc000be93b0 [165 242 194 96 232 212 255]:0xc000a2ba40 [171 92 48 223 153 248 163]:0xc000a2b860 [172 38 121 22 36 222 100]:0xc000bec690 [176 105 242 108 220 31 176]:0xc000be80f0 [179 146 171 83 96 112 184]:0xc000be8a50 [180 73 174 34 193 247 226]:0xc000bec960 [186 219 187 92 128 129 13]:0xc0001f5ef0 [191 129 227 90 156 227 226]:0xc000a2b2c0 [197 54 218 139 33 52 124]:0xc000a2bc20 [197 166 235 142 55 140 157]:0xc000a2b950 [210 168 149 143 48 167 145]:0xc000be92c0 [227 171 230 134 89 58 16]:0xc0001f5860 [228 62 31 146 29 46 78]:0xc0001f5e00 [247 34 218 84 58 236 112]:0xc000a2bd10 [247 147 122 180 45 97 78]:0xc000be83c0 [248 204 234 235 90 233 135]:0xc000bec870 [252 222 231 148 120 169 196]:0xc000a2ab40] map[alias/MsgAliasUpdate:0xc0001f54a0 asset/BaseToken:0xc000a2ab40 asset/MsgAddTokenWhitelist:0xc000a2b2c0 asset/MsgBurnToken:0xc000a2aff0 asset/MsgForbidAddr:0xc000a2b4a0 asset/MsgForbidToken:0xc000a2b0e0 asset/MsgIssueToken:0xc000a2ad20 asset/MsgMintToken:0xc000a2af00 asset/MsgModifyTokenInfo:0xc000a2b680 asset/MsgRemoveTokenWhitelist:0xc000a2b3b0 asset/MsgTransferOwnership:0xc000a2ae10 asset/MsgUnForbidAddr:0xc000a2b590 asset/MsgUnForbidToken:0xc000a2b1d0 authx/AccountX:0xc000a2b770 bancorlite/MsgBancorCancel:0xc000be93b0 bancorlite/MsgBancorInit:0xc000be91d0 bancorlite/MsgBancorTrade:0xc000be92c0 bankx/MsgMultiSend:0xc000a2ba40 bankx/MsgSend:0xc000a2b950 bankx/MsgSetMemoRequired:0xc000a2b860 bankx/MsgSupervisedSend:0xc000a2bb30 comment/MsgCommentToken:0xc000be80f0 cosmos-sdk/Account:0xc000be9860 cosmos-sdk/BaseVestingAccount:0xc000be9a40 cosmos-sdk/CommunityPoolSpendProposal:0xc000be8b40 cosmos-sdk/ContinuousVestingAccount:0xc000be9b30 cosmos-sdk/DelayedVestingAccount:0xc000be9d10 cosmos-sdk/ModuleAccount:0xc000be8e10 cosmos-sdk/MsgBeginRedelegate:0xc000be8000 cosmos-sdk/MsgCreateValidator:0xc0001f5c20 cosmos-sdk/MsgDelegate:0xc0001f5e00 cosmos-sdk/MsgDeposit:0xc000be84b0 cosmos-sdk/MsgEditValidator:0xc0001f5d10 cosmos-sdk/MsgModifyWithdrawAddress:0xc000be8a50 cosmos-sdk/MsgMultiSend:0xc000a2bef0 cosmos-sdk/MsgSend:0xc000a2be00 cosmos-sdk/MsgSubmitProposal:0xc000be83c0 cosmos-sdk/MsgUndelegate:0xc0001f5ef0 cosmos-sdk/MsgUnjail:0xc000a2bd10 cosmos-sdk/MsgVerifyInvariant:0xc000a2bc20 cosmos-sdk/MsgVote:0xc000be85a0 cosmos-sdk/MsgWithdrawDelegationReward:0xc000be8870 cosmos-sdk/MsgWithdrawValidatorCommission:0xc000be8960 cosmos-sdk/ParameterChangeProposal:0xc0001f53b0 cosmos-sdk/SoftwareUpgradeProposal:0xc000be8780 cosmos-sdk/StdTx:0xc000be9e00 cosmos-sdk/Supply:0xc000be8ff0 cosmos-sdk/TextProposal:0xc000be8690 distrx/MsgDonateToCommunityPool:0xc000be9590 incentive/state:0xc000be94a0 market/MsgCancelOrder:0xc0001f5950 market/MsgCancelTradingPair:0xc0001f5a40 market/MsgCreateOrder:0xc0001f5860 market/MsgCreateTradingPair:0xc0001f5770 market/MsgModifyPricePrecision:0xc0001f5b30 market/Order:0xc0001f5590 market/TradingPair:0xc0001f5680 tendermint/PrivKeyEd25519:0xc000becb40 tendermint/PrivKeySecp256k1:0xc000becd20 tendermint/PubKeyEd25519:0xc000bec690 tendermint/PubKeyMultisigThreshold:0xc000bec960 tendermint/PubKeySecp256k1:0xc000bec870]}
--- FAIL: TestQueryParams (0.00s)
panic: runtime error: invalid memory address or nil pointer dereference [recovered]
	panic: runtime error: invalid memory address or nil pointer dereference
[signal SIGSEGV: segmentation violation code=0x1 addr=0x18 pc=0x463ca69]

goroutine 15 [running]:
testing.tRunner.func1(0xc00008f700)
	/usr/local/go/src/testing/testing.go:874 +0x3a3
panic(0x4d6d140, 0x5b10010)
	/usr/local/go/src/runtime/panic.go:679 +0x1b2
github.com/wide-key/wrap-amino.(*Codec).MarshalJSON(...)
	/Users/a/GoNew/src/github.com/wide-key/wrap-amino/amino.go:113
github.com/cosmos/cosmos-sdk/codec.MarshalJSONIndent(0x0, 0x4e6e0e0, 0xc000b7b680, 0xc000b7b680, 0xc0001076f0, 0xc000beea60, 0x5, 0x1f)
	/Users/a/GoNew/src/github.com/wide-key/cosmos-sdk/codec/codec.go:41 +0x29
github.com/coinexchain/dex/modules/alias/internal/keepers.queryParameters(0x52bef40, 0xc0000d2008, 0x52cff00, 0xc000108e80, 0x0, 0x0, 0x0, 0x0, 0x0, 0x0, ...)
	/Users/a/GoNew/src/github.com/wangkui0508/dex/modules/alias/internal/keepers/querier.go:71 +0x1df
github.com/coinexchain/dex/modules/alias/internal/keepers.NewQuerier.func1(0x52bef40, 0xc0000d2008, 0x52cff00, 0xc000108e80, 0x0, 0x0, 0x0, 0x0, 0x0, 0x0, ...)
	/Users/a/GoNew/src/github.com/wangkui0508/dex/modules/alias/internal/keepers/querier.go:24 +0x1b3
github.com/coinexchain/dex/modules/alias/internal/keepers_test.TestQueryParams(0xc00008f700)
	/Users/a/GoNew/src/github.com/wangkui0508/dex/modules/alias/internal/keepers/querier_test.go:24 +0x32b
testing.tRunner(0xc00008f700, 0x50e9738)
	/usr/local/go/src/testing/testing.go:909 +0xc9
created by testing.(*T).Run
	/usr/local/go/src/testing/testing.go:960 +0x350
FAIL	github.com/coinexchain/dex/modules/alias/internal/keepers	0.102s
?   	github.com/coinexchain/dex/modules/alias/internal/types	[no test files]
?   	github.com/coinexchain/dex/modules/alias/simulation	[no test files]
ok  	github.com/coinexchain/dex/modules/asset	0.118s
ok  	github.com/coinexchain/dex/modules/asset/client/cli	0.169s
ok  	github.com/coinexchain/dex/modules/asset/client/rest	0.089s
Here! 111111111111111
cdc : &{true 0xc000906ee0 0xc000906ee0}
cdc.cdc : &{{{0 0} 0 0 0 0} false map[0x4ba67a0:0xc000af8d20 0x4bb8820:0xc000af8690 0x4bb96e0:0xc000af8960 0x4bb9960:0xc000af8c30 0x4c4a380:0xc000b0b590 0x4c4a400:0xc000b0b0e0 0x4c63fc0:0xc000b0ae10 0x4c7c3e0:0xc000b0b680 0x4c7c480:0xc000b0b860 0x4c8ed60:0xc000b0b1d0 0x4c8ee20:0xc000b0b3b0 0x4cb24c0:0xc000b0a870 0x4cbeda0:0xc000af8b40 0x4cc4340:0xc000b0b4a0 0x4cc9120:0xc000b0ab40 0x4cc9200:0xc000b0af00 0x4cd3680:0xc000af8000 0x4cd3760:0xc000af80f0 0x4ce2a40:0xc000af81e0 0x4ce2b40:0xc000b0bef0 0x4ce2c40:0xc000af83c0 0x4ce2d40:0xc000b0be00 0x4ce2e40:0xc000af82d0 0x4ce2f40:0xc000b0bd10 0x4ce3040:0xc000af84b0 0x4cf0da0:0xc000b0a960 0x4cf7340:0xc000af85a0 0x4d123c0:0xc000af8870 0x4d21e20:0xc000b0b950 0x4d34ec0:0xc000b0ac30 0x4d386a0:0xc000b0bc20 0x4d4c940:0xc000af8780 0x4d58180:0xc000af8a50 0x4d63120:0xc000b0ba40] [0xc000b0a870 0xc000b0ab40 0xc000b0ae10 0xc000b0b0e0 0xc000b0b590 0xc000b0b950] [0xc000b0a960 0xc000b0ac30 0xc000b0af00 0xc000b0b1d0 0xc000b0b3b0 0xc000b0b4a0 0xc000b0b680 0xc000b0b860 0xc000b0ba40 0xc000b0bc20 0xc000b0bd10 0xc000b0be00 0xc000b0bef0 0xc000af8000 0xc000af80f0 0xc000af81e0 0xc000af82d0 0xc000af83c0 0xc000af84b0 0xc000af85a0] map[[1 158 130 225 176 247 155]:0xc000b0b860 [14 46 192 108 210 143 8]:0xc000b0bc20 [14 235 32 174 83 221 207]:0xc000af85a0 [19 116 56 73 228 234 14]:0xc000b0ac30 [30 242 40 214 240 198 0]:0xc000b0af00 [35 146 198 212 41 117 199]:0xc000b0bef0 [38 143 1 176 71 128 20]:0xc000af83c0 [63 33 145 189 33 53 241]:0xc000af82d0 [102 181 226 2 183 40 167]:0xc000b0be00 [103 201 236 92 175 50 138]:0xc000af8000 [134 21 248 91 62 228 39]:0xc000af80f0 [149 69 104 163 40 137 16]:0xc000b0b680 [153 220 79 101 246 206 152]:0xc000af84b0 [160 39 97 91 171 26 17]:0xc000b0bd10 [172 38 121 22 36 222 100]:0xc000b0b1d0 [180 73 174 34 193 247 226]:0xc000b0b4a0 [191 129 227 90 156 227 226]:0xc000af81e0 [239 9 218 207 99 101 196]:0xc000b0a960 [248 204 234 235 90 233 135]:0xc000b0b3b0 [252 222 231 148 120 169 196]:0xc000b0ba40] map[asset/BaseToken:0xc000b0ba40 asset/MsgAddTokenWhitelist:0xc000af81e0 asset/MsgBurnToken:0xc000b0bef0 asset/MsgForbidAddr:0xc000af83c0 asset/MsgForbidToken:0xc000af8000 asset/MsgIssueToken:0xc000b0bc20 asset/MsgMintToken:0xc000b0be00 asset/MsgModifyTokenInfo:0xc000af85a0 asset/MsgRemoveTokenWhitelist:0xc000af82d0 asset/MsgTransferOwnership:0xc000b0bd10 asset/MsgUnForbidAddr:0xc000af84b0 asset/MsgUnForbidToken:0xc000af80f0 tendermint/PrivKeyEd25519:0xc000b0b680 tendermint/PrivKeySecp256k1:0xc000b0b860 tendermint/PubKeyEd25519:0xc000b0b1d0 tendermint/PubKeyMultisigThreshold:0xc000b0b4a0 tendermint/PubKeySecp256k1:0xc000b0b3b0 test/staking/BaseAccount:0xc000b0a960 test/staking/ModuleAccount:0xc000b0ac30 test/supply/supply:0xc000b0af00]}
cdc : &{true 0xc000906ee0 0xc000906ee0}
cdc.cdc : &{{{0 0} 0 0 0 0} false map[0x4ba67a0:0xc000af8d20 0x4bb8820:0xc000af8690 0x4bb96e0:0xc000af8960 0x4bb9960:0xc000af8c30 0x4c4a380:0xc000b0b590 0x4c4a400:0xc000b0b0e0 0x4c63fc0:0xc000b0ae10 0x4c7c3e0:0xc000b0b680 0x4c7c480:0xc000b0b860 0x4c8ed60:0xc000b0b1d0 0x4c8ee20:0xc000b0b3b0 0x4cb24c0:0xc000b0a870 0x4cbeda0:0xc000af8b40 0x4cc4340:0xc000b0b4a0 0x4cc9120:0xc000b0ab40 0x4cc9200:0xc000b0af00 0x4cd3680:0xc000af8000 0x4cd3760:0xc000af80f0 0x4ce2a40:0xc000af81e0 0x4ce2b40:0xc000b0bef0 0x4ce2c40:0xc000af83c0 0x4ce2d40:0xc000b0be00 0x4ce2e40:0xc000af82d0 0x4ce2f40:0xc000b0bd10 0x4ce3040:0xc000af84b0 0x4cf0da0:0xc000b0a960 0x4cf7340:0xc000af85a0 0x4d123c0:0xc000af8870 0x4d21e20:0xc000b0b950 0x4d34ec0:0xc000b0ac30 0x4d386a0:0xc000b0bc20 0x4d4c940:0xc000af8780 0x4d58180:0xc000af8a50 0x4d63120:0xc000b0ba40] [0xc000b0a870 0xc000b0ab40 0xc000b0ae10 0xc000b0b0e0 0xc000b0b590 0xc000b0b950] [0xc000b0a960 0xc000b0ac30 0xc000b0af00 0xc000b0b1d0 0xc000b0b3b0 0xc000b0b4a0 0xc000b0b680 0xc000b0b860 0xc000b0ba40 0xc000b0bc20 0xc000b0bd10 0xc000b0be00 0xc000b0bef0 0xc000af8000 0xc000af80f0 0xc000af81e0 0xc000af82d0 0xc000af83c0 0xc000af84b0 0xc000af85a0] map[[1 158 130 225 176 247 155]:0xc000b0b860 [14 46 192 108 210 143 8]:0xc000b0bc20 [14 235 32 174 83 221 207]:0xc000af85a0 [19 116 56 73 228 234 14]:0xc000b0ac30 [30 242 40 214 240 198 0]:0xc000b0af00 [35 146 198 212 41 117 199]:0xc000b0bef0 [38 143 1 176 71 128 20]:0xc000af83c0 [63 33 145 189 33 53 241]:0xc000af82d0 [102 181 226 2 183 40 167]:0xc000b0be00 [103 201 236 92 175 50 138]:0xc000af8000 [134 21 248 91 62 228 39]:0xc000af80f0 [149 69 104 163 40 137 16]:0xc000b0b680 [153 220 79 101 246 206 152]:0xc000af84b0 [160 39 97 91 171 26 17]:0xc000b0bd10 [172 38 121 22 36 222 100]:0xc000b0b1d0 [180 73 174 34 193 247 226]:0xc000b0b4a0 [191 129 227 90 156 227 226]:0xc000af81e0 [239 9 218 207 99 101 196]:0xc000b0a960 [248 204 234 235 90 233 135]:0xc000b0b3b0 [252 222 231 148 120 169 196]:0xc000b0ba40] map[asset/BaseToken:0xc000b0ba40 asset/MsgAddTokenWhitelist:0xc000af81e0 asset/MsgBurnToken:0xc000b0bef0 asset/MsgForbidAddr:0xc000af83c0 asset/MsgForbidToken:0xc000af8000 asset/MsgIssueToken:0xc000b0bc20 asset/MsgMintToken:0xc000b0be00 asset/MsgModifyTokenInfo:0xc000af85a0 asset/MsgRemoveTokenWhitelist:0xc000af82d0 asset/MsgTransferOwnership:0xc000b0bd10 asset/MsgUnForbidAddr:0xc000af84b0 asset/MsgUnForbidToken:0xc000af80f0 tendermint/PrivKeyEd25519:0xc000b0b680 tendermint/PrivKeySecp256k1:0xc000b0b860 tendermint/PubKeyEd25519:0xc000b0b1d0 tendermint/PubKeyMultisigThreshold:0xc000b0b4a0 tendermint/PubKeySecp256k1:0xc000b0b3b0 test/staking/BaseAccount:0xc000b0a960 test/staking/ModuleAccount:0xc000b0ac30 test/supply/supply:0xc000b0af00]}
--- FAIL: Test_queryParams (0.00s)
panic: runtime error: invalid memory address or nil pointer dereference [recovered]
	panic: runtime error: invalid memory address or nil pointer dereference
[signal SIGSEGV: segmentation violation code=0x1 addr=0x18 pc=0x43cb6e9]

goroutine 140 [running]:
testing.tRunner.func1(0xc000942a00)
	/usr/local/go/src/testing/testing.go:874 +0x3a3
panic(0x4c1a620, 0x587d5b0)
	/usr/local/go/src/runtime/panic.go:679 +0x1b2
github.com/wide-key/wrap-amino.(*Codec).MarshalJSON(...)
	/Users/a/GoNew/src/github.com/wide-key/wrap-amino/amino.go:113
github.com/cosmos/cosmos-sdk/codec.MarshalJSONIndent(0x0, 0x4c977e0, 0xc000ca0300, 0xc000ca0300, 0xc000974300, 0x0, 0x0, 0x0)
	/Users/a/GoNew/src/github.com/wide-key/cosmos-sdk/codec/codec.go:41 +0x29
github.com/coinexchain/dex/modules/asset/internal/keepers.queryParameters(0x50dd720, 0xc0000e0008, 0x50ebb40, 0xc000974300, 0x0, 0x0, 0x0, 0x0, 0x0, 0x0, ...)
	/Users/a/GoNew/src/github.com/wangkui0508/dex/modules/asset/internal/keepers/querier.go:39 +0xcd
github.com/coinexchain/dex/modules/asset/internal/keepers.NewQuerier.func1(0x50dd720, 0xc0000e0008, 0x50ebb40, 0xc000974300, 0x0, 0x0, 0x0, 0x0, 0x0, 0x0, ...)
	/Users/a/GoNew/src/github.com/wangkui0508/dex/modules/asset/internal/keepers/querier.go:19 +0x366
github.com/coinexchain/dex/modules/asset/internal/keepers_test.Test_queryParams(0xc000942a00)
	/Users/a/GoNew/src/github.com/wangkui0508/dex/modules/asset/internal/keepers/querier_test.go:25 +0x223
testing.tRunner(0xc000942a00, 0x4f6d4a8)
	/usr/local/go/src/testing/testing.go:909 +0xc9
created by testing.(*T).Run
	/usr/local/go/src/testing/testing.go:960 +0x350
FAIL	github.com/coinexchain/dex/modules/asset/internal/keepers	0.111s
Here! 111111111111111
panic: runtime error: invalid memory address or nil pointer dereference [recovered]
	panic: runtime error: invalid memory address or nil pointer dereference
[signal SIGSEGV: segmentation violation code=0x1 addr=0x18 pc=0x13be586]

goroutine 171 [running]:
testing.tRunner.func1(0xc000d36b00)
	/usr/local/go/src/testing/testing.go:874 +0x3a3
panic(0x19b9aa0, 0x2486ea0)
	/usr/local/go/src/runtime/panic.go:679 +0x1b2
github.com/wide-key/wrap-amino.(*Codec).MustMarshalJSON(0x0, 0x1aa9fa0, 0xc0008da800, 0xc0008da800, 0x10b46b, 0x1109c7d)
	/Users/a/GoNew/src/github.com/wide-key/wrap-amino/amino.go:125 +0x26
github.com/coinexchain/dex/modules/asset/internal/types.MsgIssueToken.GetSignBytes(0x1ae25fb, 0x9, 0x1add29e, 0x3, 0xc000d38320, 0xc000987b40, 0x14, 0x20, 0x0, 0x0, ...)
	/Users/a/GoNew/src/github.com/wangkui0508/dex/modules/asset/internal/types/msg.go:83 +0x9a
github.com/coinexchain/dex/modules/asset/internal/types.TestMsg_GetSignBytes.func1(0xc000d36b00)
	/Users/a/GoNew/src/github.com/wangkui0508/dex/modules/asset/internal/types/msg_test.go:790 +0x3c
testing.tRunner(0xc000d36b00, 0xc000d2e470)
	/usr/local/go/src/testing/testing.go:909 +0xc9
created by testing.(*T).Run
	/usr/local/go/src/testing/testing.go:960 +0x350
FAIL	github.com/coinexchain/dex/modules/asset/internal/types	0.091s
?   	github.com/coinexchain/dex/modules/asset/simulation	[no test files]
Here! 111111111111111
cdc : &{true 0xc0008b3650 0xc0008b3650}
cdc.cdc : &{{{0 0} 0 0 0 0} false map[0x4cfee60:0xc000c4de00 0x4d87ee0:0xc000c4cf00 0x4d98360:0xc00011cff0 0x4da75e0:0xc000c4d590 0x4daa2e0:0xc000c4d0e0 0x4db5da0:0xc000c4ca50 0x4dbe9a0:0xc00011d2c0 0x4dc1ec0:0xc00011c960 0x4dda920:0xc000c4d860 0x4de14a0:0xc000c4d680 0x4dee360:0xc000c4d3b0 0x4df83e0:0xc000c4d1d0 0x4e13f20:0xc000c42d20 0x4e21040:0xc00011db30 0x4e28120:0xc000c43590 0x4e29b60:0xc000c4d4a0 0x4e2ab20:0xc000c42b40 0x4e36660:0xc00011d590 0x4e3a100:0xc00011d1d0 0x4e3a8e0:0xc000c422d0 0x4e3ac60:0xc00011dc20 0x4e3ad40:0xc000c42c30 0x4e3bde0:0xc000c4c2d0 0x4e3c160:0xc00011da40 0x4e3c240:0xc000c420f0 0x4e3c4e0:0xc00011d950 0x4e3c860:0xc000c42870 0x4e3d120:0xc000c4c3c0 0x4e3e3c0:0xc000c425a0 0x4e40fc0:0xc00011cd20 0x4e414c0:0xc00011cf00 0x4e49dc0:0xc000c42960 0x4e49fc0:0xc000c4c5a0 0x4e4a6c0:0xc000c4c1e0 0x4e4aac0:0xc000c4c780 0x4e4b5c0:0xc000c4c4b0 0x4e4b9c0:0xc000c4c0f0 0x4e4c5c0:0xc000c43860 0x4e4c7c0:0xc000c4c690 0x4e4d2c0:0xc00011d860 0x4e4d3c0:0xc000c43950 0x4e4dbc0:0xc000c42a50 0x4e4e1c0:0xc000c4c000 0x4e4f660:0xc00011cb40 0x4e51ca0:0xc00011cc30 0x4e53680:0xc000c42ff0 0x4e53d40:0xc000c4c960 0x4e54400:0xc00011d0e0 0x4e54520:0xc000c42000 0x4e549a0:0xc00011ca50 0x4e57a00:0xc000c421e0 0x4e580c0:0xc000c43b30 0x4e58300:0xc000c434a0 0x4e58660:0xc000c43a40 0x4e5b6c0:0xc000c42f00 0x4e5ecc0:0xc00011dd10 0x4e6c680:0xc000c4c870 0x4e7e380:0xc000c4dd10 0x4e7e4c0:0xc000c43770 0x4e84500:0xc000c42690 0x4e888a0:0xc00011def0 0x4e8bce0:0xc000c43c20 0x4e8d2e0:0xc00011d770 0x4e8e4c0:0xc000c423c0 0x4e91aa0:0xc000c43680 0x4e98820:0xc00011de00 0x4ea21e0:0xc00011d3b0 0x4ea4860:0xc000c42780 0x4ea59e0:0xc000c43ef0 0x4eb7400:0xc000c433b0 0x4ebb3c0:0xc000c4dc20 0x4ebbb40:0xc000c431d0 0x4ebc2c0:0xc000c424b0 0x4ebce60:0xc000c430e0 0x4ec69e0:0xc000c4def0 0x4ed2de0:0xc000c43d10 0x4ee5f80:0xc000c8e000] [0xc00011c960 0xc00011d1d0 0xc00011d2c0 0xc000c42d20 0xc000c42ff0 0xc000c43c20 0xc000c4ca50 0xc000c4cf00 0xc000c4d0e0 0xc000c4d590] [0xc00011ca50 0xc00011cb40 0xc00011cc30 0xc00011cd20 0xc00011cf00 0xc00011cff0 0xc00011d0e0 0xc00011d3b0 0xc00011d590 0xc00011d770 0xc00011d860 0xc00011d950 0xc00011da40 0xc00011db30 0xc00011dc20 0xc00011dd10 0xc00011de00 0xc00011def0 0xc000c42000 0xc000c420f0 0xc000c421e0 0xc000c422d0 0xc000c423c0 0xc000c424b0 0xc000c425a0 0xc000c42690 0xc000c42780 0xc000c42870 0xc000c42960 0xc000c42a50 0xc000c42b40 0xc000c42c30 0xc000c42f00 0xc000c430e0 0xc000c431d0 0xc000c433b0 0xc000c434a0 0xc000c43590 0xc000c43680 0xc000c43770 0xc000c43860 0xc000c43950 0xc000c43a40 0xc000c43b30 0xc000c43d10 0xc000c43ef0 0xc000c4c000 0xc000c4c0f0 0xc000c4c1e0 0xc000c4c2d0 0xc000c4c3c0 0xc000c4c4b0 0xc000c4c5a0 0xc000c4c690 0xc000c4c780 0xc000c4c870 0xc000c4c960 0xc000c4d1d0 0xc000c4d3b0 0xc000c4d4a0 0xc000c4d680 0xc000c4d860] map[[1 158 130 225 176 247 155]:0xc000c4d860 [14 26 29 233 120 159 45]:0xc00011cff0 [14 46 192 108 210 143 8]:0xc000c43ef0 [14 235 32 174 83 221 207]:0xc000c4c870 [17 25 160 161 138 86 229]:0xc00011cb40 [17 228 129 192 94 162 80]:0xc000c423c0 [20 170 113 123 236 61 213]:0xc00011cf00 [24 209 55 32 58 59 26]:0xc000c42c30 [28 40 138 98 251 120 15]:0xc000c433b0 [35 146 198 212 41 117 199]:0xc000c4c1e0 [38 143 1 176 71 128 20]:0xc000c4c690 [41 131 72 168 163 97 154]:0xc00011d860 [43 72 167 230 129 120 7]:0xc00011dd10 [48 169 63 53 162 95 124]:0xc00011d590 [50 69 144 205 50 116 179]:0xc00011db30 [53 57 90 75 234 240 121]:0xc00011cd20 [55 55 215 185 248 49 171]:0xc000c4c960 [56 220 112 194 232 188 205]:0xc000c43770 [58 188 213 44 75 37 255]:0xc000c42a50 [59 211 135 162 61 54 184]:0xc000c431d0 [63 33 145 189 33 53 241]:0xc000c4c5a0 [66 36 186 63 184 65 137]:0xc000c42960 [72 226 103 235 54 29 1]:0xc000c43680 [73 175 255 140 77 113 13]:0xc00011da40 [76 65 53 156 149 147 70]:0xc000c43a40 [83 130 5 161 202 221 54]:0xc00011cc30 [86 101 111 194 104 154 209]:0xc00011d950 [92 66 252 53 148 138 213]:0xc000c424b0 [99 8 66 45 227 207 103]:0xc00011de00 [99 40 144 246 228 248 56]:0xc000c42f00 [100 229 227 45 120 126 196]:0xc000c425a0 [102 75 250 11 253 125 154]:0xc00011d3b0 [102 105 128 150 119 71 152]:0xc000c42b40 [102 181 226 2 183 40 167]:0xc000c4c0f0 [103 201 236 92 175 50 138]:0xc000c4c2d0 [116 63 5 46 45 4 193]:0xc000c43b30 [134 21 248 91 62 228 39]:0xc000c4c3c0 [136 114 150 90 191 49 231]:0xc000c42690 [138 59 71 40 40 22 169]:0xc000c434a0 [143 220 232 224 76 231 18]:0xc000c42870 [147 22 189 87 84 187 91]:0xc000c430e0 [149 69 104 163 40 137 16]:0xc000c4d680 [153 220 79 101 246 206 152]:0xc000c4c780 [160 39 97 91 171 26 17]:0xc000c4c000 [161 92 237 242 173 146 20]:0xc000c42000 [165 242 194 96 232 212 255]:0xc000c422d0 [171 92 48 223 153 248 163]:0xc000c420f0 [172 38 121 22 36 222 100]:0xc000c4d1d0 [176 105 242 108 220 31 176]:0xc00011d770 [179 146 171 83 96 112 184]:0xc00011dc20 [180 73 174 34 193 247 226]:0xc000c4d4a0 [186 219 187 92 128 129 13]:0xc000c43950 [191 129 227 90 156 227 226]:0xc000c4c4b0 [197 54 218 139 33 52 124]:0xc00011d0e0 [197 166 235 142 55 140 157]:0xc000c421e0 [210 168 149 143 48 167 145]:0xc00011def0 [227 171 230 134 89 58 16]:0xc000c42780 [228 62 31 146 29 46 78]:0xc000c43860 [247 34 218 84 58 236 112]:0xc000c43590 [247 147 122 180 45 97 78]:0xc00011ca50 [248 204 234 235 90 233 135]:0xc000c4d3b0 [252 222 231 148 120 169 196]:0xc000c43d10] map[alias/MsgAliasUpdate:0xc000c43b30 asset/BaseToken:0xc000c43d10 asset/MsgAddTokenWhitelist:0xc000c4c4b0 asset/MsgBurnToken:0xc000c4c1e0 asset/MsgForbidAddr:0xc000c4c690 asset/MsgForbidToken:0xc000c4c2d0 asset/MsgIssueToken:0xc000c43ef0 asset/MsgMintToken:0xc000c4c0f0 asset/MsgModifyTokenInfo:0xc000c4c870 asset/MsgRemoveTokenWhitelist:0xc000c4c5a0 asset/MsgTransferOwnership:0xc000c4c000 asset/MsgUnForbidAddr:0xc000c4c780 asset/MsgUnForbidToken:0xc000c4c3c0 authx/AccountX:0xc000c42b40 bancorlite/MsgBancorCancel:0xc000c42000 bancorlite/MsgBancorInit:0xc00011de00 bancorlite/MsgBancorTrade:0xc00011def0 bankx/MsgMultiSend:0xc000c422d0 bankx/MsgSend:0xc000c421e0 bankx/MsgSetMemoRequired:0xc000c420f0 bankx/MsgSupervisedSend:0xc000c423c0 comment/MsgCommentToken:0xc00011d770 cosmos-sdk/Account:0xc000c42f00 cosmos-sdk/BaseVestingAccount:0xc000c430e0 cosmos-sdk/CommunityPoolSpendProposal:0xc00011dd10 cosmos-sdk/ContinuousVestingAccount:0xc000c431d0 cosmos-sdk/DelayedVestingAccount:0xc000c433b0 cosmos-sdk/ModuleAccount:0xc00011d3b0 cosmos-sdk/MsgBeginRedelegate:0xc000c43a40 cosmos-sdk/MsgCreateValidator:0xc000c43680 cosmos-sdk/MsgDelegate:0xc000c43860 cosmos-sdk/MsgDeposit:0xc00011cb40 cosmos-sdk/MsgEditValidator:0xc000c43770 cosmos-sdk/MsgModifyWithdrawAddress:0xc00011dc20 cosmos-sdk/MsgMultiSend:0xc00011d950 cosmos-sdk/MsgSend:0xc00011d860 cosmos-sdk/MsgSubmitProposal:0xc00011ca50 cosmos-sdk/MsgUndelegate:0xc000c43950 cosmos-sdk/MsgUnjail:0xc000c43590 cosmos-sdk/MsgVerifyInvariant:0xc00011d0e0 cosmos-sdk/MsgVote:0xc00011cc30 cosmos-sdk/MsgWithdrawDelegationReward:0xc00011da40 cosmos-sdk/MsgWithdrawValidatorCommission:0xc00011db30 cosmos-sdk/ParameterChangeProposal:0xc000c4c960 cosmos-sdk/SoftwareUpgradeProposal:0xc00011cf00 cosmos-sdk/StdTx:0xc000c434a0 cosmos-sdk/Supply:0xc00011d590 cosmos-sdk/TextProposal:0xc00011cd20 distrx/MsgDonateToCommunityPool:0xc000c42c30 incentive/state:0xc00011cff0 market/MsgCancelOrder:0xc000c42870 market/MsgCancelTradingPair:0xc000c42960 market/MsgCreateOrder:0xc000c42780 market/MsgCreateTradingPair:0xc000c42690 market/MsgModifyPricePrecision:0xc000c42a50 market/Order:0xc000c424b0 market/TradingPair:0xc000c425a0 tendermint/PrivKeyEd25519:0xc000c4d680 tendermint/PrivKeySecp256k1:0xc000c4d860 tendermint/PubKeyEd25519:0xc000c4d1d0 tendermint/PubKeyMultisigThreshold:0xc000c4d4a0 tendermint/PubKeySecp256k1:0xc000c4d3b0]}
cdc : &{true 0xc000132cb0 0xc000132cb0}
cdc.cdc : &{{{0 0} 0 0 0 0} false map[0x4cfaba0:0xc000cf5590 0x4cfee60:0xc000cf51d0 0x4d5e160:0xc000cf5680 0x4d87ee0:0xc000cf42d0 0x4d98360:0xc000ced680 0x4da75e0:0xc000cf4960 0x4daa2e0:0xc000cf44b0 0x4db5da0:0xc000cedef0 0x4dbe9a0:0xc000cc2000 0x4dc1ec0:0xc000ced860 0x4dda920:0xc000cf4c30 0x4de14a0:0xc000cf4a50 0x4dee360:0xc000cf4780 0x4df83e0:0xc000cf45a0 0x4e13f20:0xc000cec780 0x4e21040:0xc000cc2e10 0x4e28120:0xc000cecff0 0x4e28660:0xc000cf54a0 0x4e29b60:0xc000cf4870 0x4e2ab20:0xc000cec5a0 0x4e36660:0xc000cc22d0 0x4e3a100:0xc000cbbef0 0x4e3a8e0:0xc000cc2960 0x4e3ac60:0xc000cc2f00 0x4e3ad40:0xc000cec690 0x4e3bde0:0xc000cc3860 0x4e3c160:0xc000cc2d20 0x4e3c240:0xc000cc2780 0x4e3c4e0:0xc000cc2c30 0x4e3c860:0xc000cec2d0 0x4e3d120:0xc000cc3950 0x4e3e3c0:0xc000cec000 0x4e40fc0:0xc000cedd10 0x4e414c0:0xc000cede00 0x4e49dc0:0xc000cec3c0 0x4e49fc0:0xc000cc3b30 0x4e4a6c0:0xc000cc3770 0x4e4aac0:0xc000cc3d10 0x4e4b5c0:0xc000cc3a40 0x4e4b9c0:0xc000cc3680 0x4e4c5c0:0xc000ced2c0 0x4e4c7c0:0xc000cc3c20 0x4e4d2c0:0xc000cc2b40 0x4e4d3c0:0xc000ced3b0 0x4e4dbc0:0xc000cec4b0 0x4e4e1c0:0xc000cc3590 0x4e4f660:0xc000cedb30 0x4e51ca0:0xc000cedc20 0x4e53680:0xc000ceca50 0x4e53d40:0xc000ced590 0x4e54400:0xc000ced770 0x4e54520:0xc000cc2690 0x4e549a0:0xc000ceda40 0x4e57a00:0xc000cc2870 0x4e580c0:0xc000cc30e0 0x4e58300:0xc000cecf00 0x4e58660:0xc000ced4a0 0x4e5b6c0:0xc000cec960 0x4e5ecc0:0xc000cc2ff0 0x4e6c680:0xc000cc3e00 0x4e7e380:0xc000cf50e0 0x4e7e4c0:0xc000ced1d0 0x4e84500:0xc000cec0f0 0x4e888a0:0xc000cc25a0 0x4e8bce0:0xc000cc31d0 0x4e8d2e0:0xc000cbbe00 0x4e8e4c0:0xc000cc2a50 0x4e91aa0:0xc000ced0e0 0x4e98820:0xc000cc24b0 0x4ea21e0:0xc000cc20f0 0x4ea4860:0xc000cec1e0 0x4ea59e0:0xc000cc34a0 0x4eb7400:0xc000cece10 0x4ebb3c0:0xc000cf4ff0 0x4ebbb40:0xc000cecc30 0x4ebc2c0:0xc000cc3ef0 0x4ebce60:0xc000cecb40 0x4ec69e0:0xc000cf52c0 0x4ed2de0:0xc000cc32c0 0x4ee5f80:0xc000cf53b0] [0xc000cbbef0 0xc000cc2000 0xc000cc31d0 0xc000cec780 0xc000ceca50 0xc000ced860 0xc000cedef0 0xc000cf42d0 0xc000cf44b0 0xc000cf4960] [0xc000cbbe00 0xc000cc20f0 0xc000cc22d0 0xc000cc24b0 0xc000cc25a0 0xc000cc2690 0xc000cc2780 0xc000cc2870 0xc000cc2960 0xc000cc2a50 0xc000cc2b40 0xc000cc2c30 0xc000cc2d20 0xc000cc2e10 0xc000cc2f00 0xc000cc2ff0 0xc000cc30e0 0xc000cc32c0 0xc000cc34a0 0xc000cc3590 0xc000cc3680 0xc000cc3770 0xc000cc3860 0xc000cc3950 0xc000cc3a40 0xc000cc3b30 0xc000cc3c20 0xc000cc3d10 0xc000cc3e00 0xc000cc3ef0 0xc000cec000 0xc000cec0f0 0xc000cec1e0 0xc000cec2d0 0xc000cec3c0 0xc000cec4b0 0xc000cec5a0 0xc000cec690 0xc000cec960 0xc000cecb40 0xc000cecc30 0xc000cece10 0xc000cecf00 0xc000cecff0 0xc000ced0e0 0xc000ced1d0 0xc000ced2c0 0xc000ced3b0 0xc000ced4a0 0xc000ced590 0xc000ced680 0xc000ced770 0xc000ceda40 0xc000cedb30 0xc000cedc20 0xc000cedd10 0xc000cede00 0xc000cf45a0 0xc000cf4780 0xc000cf4870 0xc000cf4a50 0xc000cf4c30] map[[1 158 130 225 176 247 155]:0xc000cf4c30 [14 26 29 233 120 159 45]:0xc000ced680 [14 46 192 108 210 143 8]:0xc000cc34a0 [14 235 32 174 83 221 207]:0xc000cc3e00 [17 25 160 161 138 86 229]:0xc000cedb30 [17 228 129 192 94 162 80]:0xc000cc2a50 [20 170 113 123 236 61 213]:0xc000cede00 [24 209 55 32 58 59 26]:0xc000cec690 [28 40 138 98 251 120 15]:0xc000cece10 [35 146 198 212 41 117 199]:0xc000cc3770 [38 143 1 176 71 128 20]:0xc000cc3c20 [41 131 72 168 163 97 154]:0xc000cc2b40 [43 72 167 230 129 120 7]:0xc000cc2ff0 [48 169 63 53 162 95 124]:0xc000cc22d0 [50 69 144 205 50 116 179]:0xc000cc2e10 [53 57 90 75 234 240 121]:0xc000cedd10 [55 55 215 185 248 49 171]:0xc000ced590 [56 220 112 194 232 188 205]:0xc000ced1d0 [58 188 213 44 75 37 255]:0xc000cec4b0 [59 211 135 162 61 54 184]:0xc000cecc30 [63 33 145 189 33 53 241]:0xc000cc3b30 [66 36 186 63 184 65 137]:0xc000cec3c0 [72 226 103 235 54 29 1]:0xc000ced0e0 [73 175 255 140 77 113 13]:0xc000cc2d20 [76 65 53 156 149 147 70]:0xc000ced4a0 [83 130 5 161 202 221 54]:0xc000cedc20 [86 101 111 194 104 154 209]:0xc000cc2c30 [92 66 252 53 148 138 213]:0xc000cc3ef0 [99 8 66 45 227 207 103]:0xc000cc24b0 [99 40 144 246 228 248 56]:0xc000cec960 [100 229 227 45 120 126 196]:0xc000cec000 [102 75 250 11 253 125 154]:0xc000cc20f0 [102 105 128 150 119 71 152]:0xc000cec5a0 [102 181 226 2 183 40 167]:0xc000cc3680 [103 201 236 92 175 50 138]:0xc000cc3860 [116 63 5 46 45 4 193]:0xc000cc30e0 [134 21 248 91 62 228 39]:0xc000cc3950 [136 114 150 90 191 49 231]:0xc000cec0f0 [138 59 71 40 40 22 169]:0xc000cecf00 [143 220 232 224 76 231 18]:0xc000cec2d0 [147 22 189 87 84 187 91]:0xc000cecb40 [149 69 104 163 40 137 16]:0xc000cf4a50 [153 220 79 101 246 206 152]:0xc000cc3d10 [160 39 97 91 171 26 17]:0xc000cc3590 [161 92 237 242 173 146 20]:0xc000cc2690 [165 242 194 96 232 212 255]:0xc000cc2960 [171 92 48 223 153 248 163]:0xc000cc2780 [172 38 121 22 36 222 100]:0xc000cf45a0 [176 105 242 108 220 31 176]:0xc000cbbe00 [179 146 171 83 96 112 184]:0xc000cc2f00 [180 73 174 34 193 247 226]:0xc000cf4870 [186 219 187 92 128 129 13]:0xc000ced3b0 [191 129 227 90 156 227 226]:0xc000cc3a40 [197 54 218 139 33 52 124]:0xc000ced770 [197 166 235 142 55 140 157]:0xc000cc2870 [210 168 149 143 48 167 145]:0xc000cc25a0 [227 171 230 134 89 58 16]:0xc000cec1e0 [228 62 31 146 29 46 78]:0xc000ced2c0 [247 34 218 84 58 236 112]:0xc000cecff0 [247 147 122 180 45 97 78]:0xc000ceda40 [248 204 234 235 90 233 135]:0xc000cf4780 [252 222 231 148 120 169 196]:0xc000cc32c0] map[alias/MsgAliasUpdate:0xc000cc30e0 asset/BaseToken:0xc000cc32c0 asset/MsgAddTokenWhitelist:0xc000cc3a40 asset/MsgBurnToken:0xc000cc3770 asset/MsgForbidAddr:0xc000cc3c20 asset/MsgForbidToken:0xc000cc3860 asset/MsgIssueToken:0xc000cc34a0 asset/MsgMintToken:0xc000cc3680 asset/MsgModifyTokenInfo:0xc000cc3e00 asset/MsgRemoveTokenWhitelist:0xc000cc3b30 asset/MsgTransferOwnership:0xc000cc3590 asset/MsgUnForbidAddr:0xc000cc3d10 asset/MsgUnForbidToken:0xc000cc3950 authx/AccountX:0xc000cec5a0 bancorlite/MsgBancorCancel:0xc000cc2690 bancorlite/MsgBancorInit:0xc000cc24b0 bancorlite/MsgBancorTrade:0xc000cc25a0 bankx/MsgMultiSend:0xc000cc2960 bankx/MsgSend:0xc000cc2870 bankx/MsgSetMemoRequired:0xc000cc2780 bankx/MsgSupervisedSend:0xc000cc2a50 comment/MsgCommentToken:0xc000cbbe00 cosmos-sdk/Account:0xc000cec960 cosmos-sdk/BaseVestingAccount:0xc000cecb40 cosmos-sdk/CommunityPoolSpendProposal:0xc000cc2ff0 cosmos-sdk/ContinuousVestingAccount:0xc000cecc30 cosmos-sdk/DelayedVestingAccount:0xc000cece10 cosmos-sdk/ModuleAccount:0xc000cc20f0 cosmos-sdk/MsgBeginRedelegate:0xc000ced4a0 cosmos-sdk/MsgCreateValidator:0xc000ced0e0 cosmos-sdk/MsgDelegate:0xc000ced2c0 cosmos-sdk/MsgDeposit:0xc000cedb30 cosmos-sdk/MsgEditValidator:0xc000ced1d0 cosmos-sdk/MsgModifyWithdrawAddress:0xc000cc2f00 cosmos-sdk/MsgMultiSend:0xc000cc2c30 cosmos-sdk/MsgSend:0xc000cc2b40 cosmos-sdk/MsgSubmitProposal:0xc000ceda40 cosmos-sdk/MsgUndelegate:0xc000ced3b0 cosmos-sdk/MsgUnjail:0xc000cecff0 cosmos-sdk/MsgVerifyInvariant:0xc000ced770 cosmos-sdk/MsgVote:0xc000cedc20 cosmos-sdk/MsgWithdrawDelegationReward:0xc000cc2d20 cosmos-sdk/MsgWithdrawValidatorCommission:0xc000cc2e10 cosmos-sdk/ParameterChangeProposal:0xc000ced590 cosmos-sdk/SoftwareUpgradeProposal:0xc000cede00 cosmos-sdk/StdTx:0xc000cecf00 cosmos-sdk/Supply:0xc000cc22d0 cosmos-sdk/TextProposal:0xc000cedd10 distrx/MsgDonateToCommunityPool:0xc000cec690 incentive/state:0xc000ced680 market/MsgCancelOrder:0xc000cec2d0 market/MsgCancelTradingPair:0xc000cec3c0 market/MsgCreateOrder:0xc000cec1e0 market/MsgCreateTradingPair:0xc000cec0f0 market/MsgModifyPricePrecision:0xc000cec4b0 market/Order:0xc000cc3ef0 market/TradingPair:0xc000cec000 tendermint/PrivKeyEd25519:0xc000cf4a50 tendermint/PrivKeySecp256k1:0xc000cf4c30 tendermint/PubKeyEd25519:0xc000cf45a0 tendermint/PubKeyMultisigThreshold:0xc000cf4870 tendermint/PubKeySecp256k1:0xc000cf4780]}
--- FAIL: TestExport (0.00s)
panic: runtime error: invalid memory address or nil pointer dereference [recovered]
	panic: runtime error: invalid memory address or nil pointer dereference
[signal SIGSEGV: segmentation violation code=0x1 addr=0x8 pc=0x49500a6]

goroutine 53 [running]:
testing.tRunner.func1(0xc000c97700)
	/usr/local/go/src/testing/testing.go:874 +0x3a3
panic(0x4d6f440, 0x5b16ff0)
	/usr/local/go/src/runtime/panic.go:679 +0x1b2
github.com/wide-key/wrap-amino.(*Codec).MustMarshalBinaryLengthPrefixed(...)
	/Users/a/GoNew/src/github.com/wide-key/wrap-amino/amino.go:122
github.com/coinexchain/dex/modules/authx/internal/types.Params.Equal(0xc000ce95c0, 0xc000ce93c0, 0x4de2260)
	/Users/a/GoNew/src/github.com/wangkui0508/dex/modules/authx/internal/types/params.go:67 +0x86
github.com/coinexchain/dex/modules/authx_test.TestExport(0xc000c97700)
	/Users/a/GoNew/src/github.com/wangkui0508/dex/modules/authx/genesis_test.go:42 +0x35b
testing.tRunner(0xc000c97700, 0x50ec100)
	/usr/local/go/src/testing/testing.go:909 +0xc9
created by testing.(*T).Run
	/usr/local/go/src/testing/testing.go:960 +0x350
FAIL	github.com/coinexchain/dex/modules/authx	0.103s
ok  	github.com/coinexchain/dex/modules/authx/client/cli	0.084s
ok  	github.com/coinexchain/dex/modules/authx/client/rest	0.080s
Here! 111111111111111
cdc : &{true 0xc00013e070 0xc00013e070}
cdc.cdc : &{{{0 0} 0 0 0 0} false map[0x4cfde20:0xc000c29b30 0x4d86ae0:0xc000c28c30 0x4d96f60:0xc0004e1a40 0x4da60e0:0xc000c292c0 0x4da8de0:0xc000c28e10 0x4db4920:0xc000c28690 0x4dbd480:0xc000c20780 0x4dc09a0:0xc0004e1ef0 0x4dd9400:0xc000c29590 0x4ddff80:0xc000c293b0 0x4dece40:0xc000c290e0 0x4df6ec0:0xc000c28f00 0x4e12940:0xc000c213b0 0x4e1fa60:0xc000c283c0 0x4e26b40:0xc0004e13b0 0x4e28580:0xc000c291d0 0x4e29540:0xc0004e12c0 0x4e35080:0xc000c20a50 0x4e38b20:0xc000c20690 0x4e39300:0xc0004e1d10 0x4e39680:0xc000c284b0 0x4e39760:0xc000c212c0 0x4e3a800:0xc0004e0c30 0x4e3ab80:0xc000c282d0 0x4e3ac60:0xc0004e1b30 0x4e3af00:0xc000c21d10 0x4e3b280:0xc000c20ff0 0x4e3bb40:0xc0004e0d20 0x4e3cde0:0xc000c20d20 0x4e3f9e0:0xc000c202d0 0x4e3fee0:0xc000c204b0 0x4e487e0:0xc000c210e0 0x4e489e0:0xc0004e0f00 0x4e490e0:0xc0004e0b40 0x4e494e0:0xc0004e10e0 0x4e49fe0:0xc0004e0e10 0x4e4a3e0:0xc0004e0a50 0x4e4afe0:0xc0004e1680 0x4e4b1e0:0xc0004e0ff0 0x4e4bce0:0xc000c21c20 0x4e4bde0:0xc0004e1770 0x4e4c5e0:0xc000c211d0 0x4e4cbe0:0xc0004e0960 0x4e4e180:0xc000c200f0 0x4e507c0:0xc000c201e0 0x4e521a0:0xc000c21680 0x4e52860:0xc000c205a0 0x4e52f20:0xc000c281e0 0x4e53040:0xc000c280f0 0x4e534c0:0xc000c20000 0x4e56520:0xc0004e1c20 0x4e56be0:0xc000c21e00 0x4e56e20:0xc000c21b30 0x4e57180:0xc0004e1860 0x4e5a1e0:0xc000c21590 0x4e5d900:0xc000c285a0 0x4e6b180:0xc0004e11d0 0x4e7ce80:0xc000c29a40 0x4e7cfc0:0xc0004e1590 0x4e83000:0xc000c20e10 0x4e873a0:0xc000c28000 0x4e8a7e0:0xc0004e05a0 0x4e8bde0:0xc0004e1950 0x4e8cfc0:0xc0004e1e00 0x4e905a0:0xc0004e14a0 0x4e97320:0xc000c21ef0 0x4ea0ce0:0xc000c20870 0x4ea3360:0xc000c20f00 0x4ea44e0:0xc0004e0870 0x4eb5f00:0xc000c21a40 0x4eb9ec0:0xc000c29950 0x4eba640:0xc000c21860 0x4ebadc0:0xc000c20c30 0x4ebb960:0xc000c21770 0x4ec54e0:0xc000c29c20 0x4ed18e0:0xc0004e0690 0x4ee4a80:0xc000c29d10] [0xc0004e05a0 0xc0004e1ef0 0xc000c20690 0xc000c20780 0xc000c213b0 0xc000c21680 0xc000c28690 0xc000c28c30 0xc000c28e10 0xc000c292c0] [0xc0004e0690 0xc0004e0870 0xc0004e0960 0xc0004e0a50 0xc0004e0b40 0xc0004e0c30 0xc0004e0d20 0xc0004e0e10 0xc0004e0f00 0xc0004e0ff0 0xc0004e10e0 0xc0004e11d0 0xc0004e12c0 0xc0004e13b0 0xc0004e14a0 0xc0004e1590 0xc0004e1680 0xc0004e1770 0xc0004e1860 0xc0004e1950 0xc0004e1a40 0xc0004e1b30 0xc0004e1c20 0xc0004e1d10 0xc0004e1e00 0xc000c20000 0xc000c200f0 0xc000c201e0 0xc000c202d0 0xc000c204b0 0xc000c205a0 0xc000c20870 0xc000c20a50 0xc000c20c30 0xc000c20d20 0xc000c20e10 0xc000c20f00 0xc000c20ff0 0xc000c210e0 0xc000c211d0 0xc000c212c0 0xc000c21590 0xc000c21770 0xc000c21860 0xc000c21a40 0xc000c21b30 0xc000c21c20 0xc000c21d10 0xc000c21e00 0xc000c21ef0 0xc000c28000 0xc000c280f0 0xc000c281e0 0xc000c282d0 0xc000c283c0 0xc000c284b0 0xc000c285a0 0xc000c28f00 0xc000c290e0 0xc000c291d0 0xc000c293b0 0xc000c29590] map[[1 158 130 225 176 247 155]:0xc000c29590 [14 26 29 233 120 159 45]:0xc0004e1a40 [14 46 192 108 210 143 8]:0xc0004e0870 [14 235 32 174 83 221 207]:0xc0004e11d0 [17 25 160 161 138 86 229]:0xc000c200f0 [17 228 129 192 94 162 80]:0xc0004e1e00 [20 170 113 123 236 61 213]:0xc000c204b0 [24 209 55 32 58 59 26]:0xc000c212c0 [28 40 138 98 251 120 15]:0xc000c21a40 [35 146 198 212 41 117 199]:0xc0004e0b40 [38 143 1 176 71 128 20]:0xc0004e0ff0 [41 131 72 168 163 97 154]:0xc000c21c20 [43 72 167 230 129 120 7]:0xc000c285a0 [48 169 63 53 162 95 124]:0xc000c20a50 [50 69 144 205 50 116 179]:0xc000c283c0 [53 57 90 75 234 240 121]:0xc000c202d0 [55 55 215 185 248 49 171]:0xc000c205a0 [56 220 112 194 232 188 205]:0xc0004e1590 [58 188 213 44 75 37 255]:0xc000c211d0 [59 211 135 162 61 54 184]:0xc000c21860 [63 33 145 189 33 53 241]:0xc0004e0f00 [66 36 186 63 184 65 137]:0xc000c210e0 [72 226 103 235 54 29 1]:0xc0004e14a0 [73 175 255 140 77 113 13]:0xc000c282d0 [76 65 53 156 149 147 70]:0xc0004e1860 [83 130 5 161 202 221 54]:0xc000c201e0 [86 101 111 194 104 154 209]:0xc000c21d10 [92 66 252 53 148 138 213]:0xc000c20c30 [99 8 66 45 227 207 103]:0xc000c21ef0 [99 40 144 246 228 248 56]:0xc000c21590 [100 229 227 45 120 126 196]:0xc000c20d20 [102 75 250 11 253 125 154]:0xc000c20870 [102 105 128 150 119 71 152]:0xc0004e12c0 [102 181 226 2 183 40 167]:0xc0004e0a50 [103 201 236 92 175 50 138]:0xc0004e0c30 [116 63 5 46 45 4 193]:0xc000c21e00 [134 21 248 91 62 228 39]:0xc0004e0d20 [136 114 150 90 191 49 231]:0xc000c20e10 [138 59 71 40 40 22 169]:0xc000c21b30 [143 220 232 224 76 231 18]:0xc000c20ff0 [147 22 189 87 84 187 91]:0xc000c21770 [149 69 104 163 40 137 16]:0xc000c293b0 [153 220 79 101 246 206 152]:0xc0004e10e0 [160 39 97 91 171 26 17]:0xc0004e0960 [161 92 237 242 173 146 20]:0xc000c280f0 [165 242 194 96 232 212 255]:0xc0004e1d10 [171 92 48 223 153 248 163]:0xc0004e1b30 [172 38 121 22 36 222 100]:0xc000c28f00 [176 105 242 108 220 31 176]:0xc0004e1950 [179 146 171 83 96 112 184]:0xc000c284b0 [180 73 174 34 193 247 226]:0xc000c291d0 [186 219 187 92 128 129 13]:0xc0004e1770 [191 129 227 90 156 227 226]:0xc0004e0e10 [197 54 218 139 33 52 124]:0xc000c281e0 [197 166 235 142 55 140 157]:0xc0004e1c20 [210 168 149 143 48 167 145]:0xc000c28000 [227 171 230 134 89 58 16]:0xc000c20f00 [228 62 31 146 29 46 78]:0xc0004e1680 [247 34 218 84 58 236 112]:0xc0004e13b0 [247 147 122 180 45 97 78]:0xc000c20000 [248 204 234 235 90 233 135]:0xc000c290e0 [252 222 231 148 120 169 196]:0xc0004e0690] map[alias/MsgAliasUpdate:0xc000c21e00 asset/BaseToken:0xc0004e0690 asset/MsgAddTokenWhitelist:0xc0004e0e10 asset/MsgBurnToken:0xc0004e0b40 asset/MsgForbidAddr:0xc0004e0ff0 asset/MsgForbidToken:0xc0004e0c30 asset/MsgIssueToken:0xc0004e0870 asset/MsgMintToken:0xc0004e0a50 asset/MsgModifyTokenInfo:0xc0004e11d0 asset/MsgRemoveTokenWhitelist:0xc0004e0f00 asset/MsgTransferOwnership:0xc0004e0960 asset/MsgUnForbidAddr:0xc0004e10e0 asset/MsgUnForbidToken:0xc0004e0d20 authx/AccountX:0xc0004e12c0 bancorlite/MsgBancorCancel:0xc000c280f0 bancorlite/MsgBancorInit:0xc000c21ef0 bancorlite/MsgBancorTrade:0xc000c28000 bankx/MsgMultiSend:0xc0004e1d10 bankx/MsgSend:0xc0004e1c20 bankx/MsgSetMemoRequired:0xc0004e1b30 bankx/MsgSupervisedSend:0xc0004e1e00 comment/MsgCommentToken:0xc0004e1950 cosmos-sdk/Account:0xc000c21590 cosmos-sdk/BaseVestingAccount:0xc000c21770 cosmos-sdk/CommunityPoolSpendProposal:0xc000c285a0 cosmos-sdk/ContinuousVestingAccount:0xc000c21860 cosmos-sdk/DelayedVestingAccount:0xc000c21a40 cosmos-sdk/ModuleAccount:0xc000c20870 cosmos-sdk/MsgBeginRedelegate:0xc0004e1860 cosmos-sdk/MsgCreateValidator:0xc0004e14a0 cosmos-sdk/MsgDelegate:0xc0004e1680 cosmos-sdk/MsgDeposit:0xc000c200f0 cosmos-sdk/MsgEditValidator:0xc0004e1590 cosmos-sdk/MsgModifyWithdrawAddress:0xc000c284b0 cosmos-sdk/MsgMultiSend:0xc000c21d10 cosmos-sdk/MsgSend:0xc000c21c20 cosmos-sdk/MsgSubmitProposal:0xc000c20000 cosmos-sdk/MsgUndelegate:0xc0004e1770 cosmos-sdk/MsgUnjail:0xc0004e13b0 cosmos-sdk/MsgVerifyInvariant:0xc000c281e0 cosmos-sdk/MsgVote:0xc000c201e0 cosmos-sdk/MsgWithdrawDelegationReward:0xc000c282d0 cosmos-sdk/MsgWithdrawValidatorCommission:0xc000c283c0 cosmos-sdk/ParameterChangeProposal:0xc000c205a0 cosmos-sdk/SoftwareUpgradeProposal:0xc000c204b0 cosmos-sdk/StdTx:0xc000c21b30 cosmos-sdk/Supply:0xc000c20a50 cosmos-sdk/TextProposal:0xc000c202d0 distrx/MsgDonateToCommunityPool:0xc000c212c0 incentive/state:0xc0004e1a40 market/MsgCancelOrder:0xc000c20ff0 market/MsgCancelTradingPair:0xc000c210e0 market/MsgCreateOrder:0xc000c20f00 market/MsgCreateTradingPair:0xc000c20e10 market/MsgModifyPricePrecision:0xc000c211d0 market/Order:0xc000c20c30 market/TradingPair:0xc000c20d20 tendermint/PrivKeyEd25519:0xc000c293b0 tendermint/PrivKeySecp256k1:0xc000c29590 tendermint/PubKeyEd25519:0xc000c28f00 tendermint/PubKeyMultisigThreshold:0xc000c291d0 tendermint/PubKeySecp256k1:0xc000c290e0]}
--- FAIL: TestGetSetParams (0.00s)
panic: runtime error: invalid memory address or nil pointer dereference [recovered]
	panic: runtime error: invalid memory address or nil pointer dereference
[signal SIGSEGV: segmentation violation code=0x1 addr=0x8 pc=0x4951196]

goroutine 30 [running]:
testing.tRunner.func1(0xc000c0e100)
	/usr/local/go/src/testing/testing.go:874 +0x3a3
panic(0x4d6e1c0, 0x5b13070)
	/usr/local/go/src/runtime/panic.go:679 +0x1b2
github.com/wide-key/wrap-amino.(*Codec).MustMarshalBinaryLengthPrefixed(...)
	/Users/a/GoNew/src/github.com/wide-key/wrap-amino/amino.go:122
github.com/coinexchain/dex/modules/authx/internal/types.Params.Equal(0xc0001471e0, 0xc0001473a0, 0xc00001a370)
	/Users/a/GoNew/src/github.com/wangkui0508/dex/modules/authx/internal/types/params.go:67 +0x86
github.com/coinexchain/dex/modules/authx/internal/keepers_test.TestGetSetParams(0xc000c0e100)
	/Users/a/GoNew/src/github.com/wangkui0508/dex/modules/authx/internal/keepers/keeper_test.go:21 +0x26c
testing.tRunner(0xc000c0e100, 0x50eabb0)
	/usr/local/go/src/testing/testing.go:909 +0xc9
created by testing.(*T).Run
	/usr/local/go/src/testing/testing.go:960 +0x350
FAIL	github.com/coinexchain/dex/modules/authx/internal/keepers	0.133s
--- FAIL: TestParams_Equal (0.00s)
panic: runtime error: invalid memory address or nil pointer dereference [recovered]
	panic: runtime error: invalid memory address or nil pointer dereference
[signal SIGSEGV: segmentation violation code=0x1 addr=0x8 pc=0x18ad686]

goroutine 32 [running]:
testing.tRunner.func1(0xc000565500)
	/usr/local/go/src/testing/testing.go:874 +0x3a3
panic(0x1993e40, 0x2431200)
	/usr/local/go/src/runtime/panic.go:679 +0x1b2
github.com/wide-key/wrap-amino.(*Codec).MustMarshalBinaryLengthPrefixed(...)
	/Users/a/GoNew/src/github.com/wide-key/wrap-amino/amino.go:122
github.com/coinexchain/dex/modules/authx/internal/types.Params.Equal(0xc0009e7b20, 0xc0009e7b80, 0xc0009e7b80)
	/Users/a/GoNew/src/github.com/wangkui0508/dex/modules/authx/internal/types/params.go:67 +0x86
github.com/coinexchain/dex/modules/authx/internal/types.TestParams_Equal(0xc000565500)
	/Users/a/GoNew/src/github.com/wangkui0508/dex/modules/authx/internal/types/params_test.go:14 +0x70
testing.tRunner(0xc000565500, 0x1c9b670)
	/usr/local/go/src/testing/testing.go:909 +0xc9
created by testing.(*T).Run
	/usr/local/go/src/testing/testing.go:960 +0x350
FAIL	github.com/coinexchain/dex/modules/authx/internal/types	0.108s
Here! 111111111111111
--- FAIL: TestAppModuleBasic_ValidateGenesis (0.00s)
panic: runtime error: invalid memory address or nil pointer dereference [recovered]
	panic: runtime error: invalid memory address or nil pointer dereference
[signal SIGSEGV: segmentation violation code=0x1 addr=0x18 pc=0x43c9a06]

goroutine 69 [running]:
testing.tRunner.func1(0xc000c5c100)
	/usr/local/go/src/testing/testing.go:874 +0x3a3
panic(0x4d7de20, 0x5b3e150)
	/usr/local/go/src/runtime/panic.go:679 +0x1b2
github.com/wide-key/wrap-amino.(*Codec).MustMarshalJSON(0x0, 0x4df2420, 0xc000146ba0, 0xc000146ba0, 0x545cde0, 0x5b00e00)
	/Users/a/GoNew/src/github.com/wide-key/wrap-amino/amino.go:125 +0x26
github.com/coinexchain/dex/modules/bancorlite.AppModuleBasic.DefaultGenesis(0x9f7b54b6, 0x5b5d780, 0xc000c5a708)
	/Users/a/GoNew/src/github.com/wangkui0508/dex/modules/bancorlite/module.go:33 +0x8a
github.com/coinexchain/dex/modules/bancorlite.TestAppModuleBasic_ValidateGenesis(0xc000c5c100)
	/Users/a/GoNew/src/github.com/wangkui0508/dex/modules/bancorlite/module_test.go:22 +0x34
testing.tRunner(0xc000c5c100, 0x50fbaf0)
	/usr/local/go/src/testing/testing.go:909 +0xc9
created by testing.(*T).Run
	/usr/local/go/src/testing/testing.go:960 +0x350
FAIL	github.com/coinexchain/dex/modules/bancorlite	0.095s
?   	github.com/coinexchain/dex/modules/bancorlite/client/cli	[no test files]
?   	github.com/coinexchain/dex/modules/bancorlite/client/rest	[no test files]
Here! 111111111111111
cdc : &{true 0xc0005448c0 0xc0005448c0}
cdc.cdc : &{{{0 0} 0 0 0 0} false map[0x4cf93e0:0xc000a68a50 0x4d84c40:0xc000a63d10 0x4d951c0:0xc000a44870 0x4da43c0:0xc000a683c0 0x4da70c0:0xc000a63ef0 0x4db2c00:0xc000a63860 0x4dbb760:0xc000a62b40 0x4dbec80:0xc000a621e0 0x4dd7780:0xc000a68690 0x4dde300:0xc000a684b0 0x4deb1c0:0xc000a681e0 0x4df5240:0xc000a68000 0x4e10d80:0xc000a45950 0x4e1dea0:0xc000a35860 0x4e24f80:0xc000a62870 0x4e269c0:0xc000a682d0 0x4e27980:0xc000a633b0 0x4e334c0:0xc000a62e10 0x4e36f60:0xc000a62a50 0x4e37740:0xc000a63680 0x4e37ac0:0xc000a35950 0x4e37ba0:0xc000a45860 0x4e38c40:0xc000a441e0 0x4e38fc0:0xc000a35770 0x4e390a0:0xc000a634a0 0x4e39340:0xc000a44ff0 0x4e396c0:0xc000a45590 0x4e39f80:0xc000a442d0 0x4e3b220:0xc000a452c0 0x4e3de20:0xc000a62690 0x4e3e320:0xc000a62780 0x4e46b20:0xc000a45680 0x4e46d20:0xc000a444b0 0x4e47420:0xc000a440f0 0x4e47820:0xc000a44690 0x4e48320:0xc000a443c0 0x4e48720:0xc000a44000 0x4e49320:0xc000a44c30 0x4e49520:0xc000a445a0 0x4e4a020:0xc000a44f00 0x4e4a120:0xc000a44d20 0x4e4a920:0xc000a45770 0x4e4af20:0xc000a35ef0 0x4e4c3c0:0xc000a624b0 0x4e4ea00:0xc000a625a0 0x4e503e0:0xc000a45c20 0x4e50aa0:0xc000a62960 0x4e51160:0xc000a44960 0x4e51280:0xc000a632c0 0x4e51700:0xc000a623c0 0x4e54760:0xc000a63590 0x4e54e20:0xc000a62ff0 0x4e55060:0xc000a620f0 0x4e553c0:0xc000a44e10 0x4e58420:0xc000a45a40 0x4e5ba20:0xc000a35a40 0x4e692a0:0xc000a44780 0x4e7b0e0:0xc000a44b40 0x4e81120:0xc000a453b0 0x4e85620:0xc000a631d0 0x4e88d20:0xc000a35b30 0x4e8a320:0xc000a450e0 0x4e8b500:0xc000a63770 0x4e8eae0:0xc000a44a50 0x4e95860:0xc000a630e0 0x4e9f220:0xc000a62c30 0x4ea18a0:0xc000a454a0 0x4ea2a20:0xc000a35e00 0x4eb4440:0xc000a62000 0x4eb8b80:0xc000a45e00 0x4eb9300:0xc000a451d0 0x4eb9ea0:0xc000a45d10 0x4ecfe20:0xc000a35c20] [0xc000a35b30 0xc000a45950 0xc000a45c20 0xc000a621e0 0xc000a62a50 0xc000a62b40 0xc000a63860 0xc000a63d10 0xc000a63ef0 0xc000a683c0] [0xc000a35770 0xc000a35860 0xc000a35950 0xc000a35a40 0xc000a35c20 0xc000a35e00 0xc000a35ef0 0xc000a44000 0xc000a440f0 0xc000a441e0 0xc000a442d0 0xc000a443c0 0xc000a444b0 0xc000a445a0 0xc000a44690 0xc000a44780 0xc000a44870 0xc000a44960 0xc000a44a50 0xc000a44b40 0xc000a44c30 0xc000a44d20 0xc000a44e10 0xc000a44f00 0xc000a44ff0 0xc000a450e0 0xc000a451d0 0xc000a452c0 0xc000a453b0 0xc000a454a0 0xc000a45590 0xc000a45680 0xc000a45770 0xc000a45860 0xc000a45a40 0xc000a45d10 0xc000a45e00 0xc000a62000 0xc000a620f0 0xc000a623c0 0xc000a624b0 0xc000a625a0 0xc000a62690 0xc000a62780 0xc000a62870 0xc000a62960 0xc000a62c30 0xc000a62e10 0xc000a62ff0 0xc000a630e0 0xc000a631d0 0xc000a632c0 0xc000a633b0 0xc000a634a0 0xc000a63590 0xc000a63680 0xc000a63770 0xc000a68000 0xc000a681e0 0xc000a682d0 0xc000a684b0 0xc000a68690] map[[1 158 130 225 176 247 155]:0xc000a68690 [14 26 29 233 120 159 45]:0xc000a44870 [14 46 192 108 210 143 8]:0xc000a35e00 [14 235 32 174 83 221 207]:0xc000a44780 [17 25 160 161 138 86 229]:0xc000a624b0 [17 228 129 192 94 162 80]:0xc000a63770 [20 170 113 123 236 61 213]:0xc000a62780 [24 209 55 32 58 59 26]:0xc000a45860 [28 40 138 98 251 120 15]:0xc000a62000 [35 146 198 212 41 117 199]:0xc000a440f0 [38 143 1 176 71 128 20]:0xc000a445a0 [41 131 72 168 163 97 154]:0xc000a44f00 [43 72 167 230 129 120 7]:0xc000a35a40 [48 169 63 53 162 95 124]:0xc000a62e10 [50 69 144 205 50 116 179]:0xc000a35860 [53 57 90 75 234 240 121]:0xc000a62690 [55 55 215 185 248 49 171]:0xc000a62960 [56 220 112 194 232 188 205]:0xc000a44b40 [58 188 213 44 75 37 255]:0xc000a45770 [59 211 135 162 61 54 184]:0xc000a45e00 [63 33 145 189 33 53 241]:0xc000a444b0 [66 36 186 63 184 65 137]:0xc000a45680 [72 226 103 235 54 29 1]:0xc000a44a50 [73 175 255 140 77 113 13]:0xc000a35770 [76 65 53 156 149 147 70]:0xc000a44e10 [83 130 5 161 202 221 54]:0xc000a625a0 [86 101 111 194 104 154 209]:0xc000a44ff0 [92 66 252 53 148 138 213]:0xc000a451d0 [99 8 66 45 227 207 103]:0xc000a630e0 [99 40 144 246 228 248 56]:0xc000a45a40 [100 229 227 45 120 126 196]:0xc000a452c0 [102 75 250 11 253 125 154]:0xc000a62c30 [102 105 128 150 119 71 152]:0xc000a633b0 [102 181 226 2 183 40 167]:0xc000a44000 [103 201 236 92 175 50 138]:0xc000a441e0 [116 63 5 46 45 4 193]:0xc000a62ff0 [134 21 248 91 62 228 39]:0xc000a442d0 [136 114 150 90 191 49 231]:0xc000a453b0 [138 59 71 40 40 22 169]:0xc000a620f0 [143 220 232 224 76 231 18]:0xc000a45590 [147 22 189 87 84 187 91]:0xc000a45d10 [149 69 104 163 40 137 16]:0xc000a684b0 [153 220 79 101 246 206 152]:0xc000a44690 [160 39 97 91 171 26 17]:0xc000a35ef0 [161 92 237 242 173 146 20]:0xc000a632c0 [165 242 194 96 232 212 255]:0xc000a63680 [171 92 48 223 153 248 163]:0xc000a634a0 [172 38 121 22 36 222 100]:0xc000a68000 [176 105 242 108 220 31 176]:0xc000a450e0 [179 146 171 83 96 112 184]:0xc000a35950 [180 73 174 34 193 247 226]:0xc000a682d0 [186 219 187 92 128 129 13]:0xc000a44d20 [191 129 227 90 156 227 226]:0xc000a443c0 [197 54 218 139 33 52 124]:0xc000a44960 [197 166 235 142 55 140 157]:0xc000a63590 [210 168 149 143 48 167 145]:0xc000a631d0 [227 171 230 134 89 58 16]:0xc000a454a0 [228 62 31 146 29 46 78]:0xc000a44c30 [247 34 218 84 58 236 112]:0xc000a62870 [247 147 122 180 45 97 78]:0xc000a623c0 [248 204 234 235 90 233 135]:0xc000a681e0 [252 222 231 148 120 169 196]:0xc000a35c20] map[alias/MsgAliasUpdate:0xc000a62ff0 asset/BaseToken:0xc000a35c20 asset/MsgAddTokenWhitelist:0xc000a443c0 asset/MsgBurnToken:0xc000a440f0 asset/MsgForbidAddr:0xc000a445a0 asset/MsgForbidToken:0xc000a441e0 asset/MsgIssueToken:0xc000a35e00 asset/MsgMintToken:0xc000a44000 asset/MsgModifyTokenInfo:0xc000a44780 asset/MsgRemoveTokenWhitelist:0xc000a444b0 asset/MsgTransferOwnership:0xc000a35ef0 asset/MsgUnForbidAddr:0xc000a44690 asset/MsgUnForbidToken:0xc000a442d0 authx/AccountX:0xc000a633b0 bancorlite/MsgBancorCancel:0xc000a632c0 bancorlite/MsgBancorInit:0xc000a630e0 bancorlite/MsgBancorTrade:0xc000a631d0 bankx/MsgMultiSend:0xc000a63680 bankx/MsgSend:0xc000a63590 bankx/MsgSetMemoRequired:0xc000a634a0 bankx/MsgSupervisedSend:0xc000a63770 comment/MsgCommentToken:0xc000a450e0 cosmos-sdk/Account:0xc000a45a40 cosmos-sdk/BaseVestingAccount:0xc000a45d10 cosmos-sdk/CommunityPoolSpendProposal:0xc000a35a40 cosmos-sdk/ContinuousVestingAccount:0xc000a45e00 cosmos-sdk/DelayedVestingAccount:0xc000a62000 cosmos-sdk/ModuleAccount:0xc000a62c30 cosmos-sdk/MsgBeginRedelegate:0xc000a44e10 cosmos-sdk/MsgCreateValidator:0xc000a44a50 cosmos-sdk/MsgDelegate:0xc000a44c30 cosmos-sdk/MsgDeposit:0xc000a624b0 cosmos-sdk/MsgEditValidator:0xc000a44b40 cosmos-sdk/MsgModifyWithdrawAddress:0xc000a35950 cosmos-sdk/MsgMultiSend:0xc000a44ff0 cosmos-sdk/MsgSend:0xc000a44f00 cosmos-sdk/MsgSubmitProposal:0xc000a623c0 cosmos-sdk/MsgUndelegate:0xc000a44d20 cosmos-sdk/MsgUnjail:0xc000a62870 cosmos-sdk/MsgVerifyInvariant:0xc000a44960 cosmos-sdk/MsgVote:0xc000a625a0 cosmos-sdk/MsgWithdrawDelegationReward:0xc000a35770 cosmos-sdk/MsgWithdrawValidatorCommission:0xc000a35860 cosmos-sdk/ParameterChangeProposal:0xc000a62960 cosmos-sdk/SoftwareUpgradeProposal:0xc000a62780 cosmos-sdk/StdTx:0xc000a620f0 cosmos-sdk/Supply:0xc000a62e10 cosmos-sdk/TextProposal:0xc000a62690 distrx/MsgDonateToCommunityPool:0xc000a45860 incentive/state:0xc000a44870 market/MsgCancelOrder:0xc000a45590 market/MsgCancelTradingPair:0xc000a45680 market/MsgCreateOrder:0xc000a454a0 market/MsgCreateTradingPair:0xc000a453b0 market/MsgModifyPricePrecision:0xc000a45770 market/Order:0xc000a451d0 market/TradingPair:0xc000a452c0 tendermint/PrivKeyEd25519:0xc000a684b0 tendermint/PrivKeySecp256k1:0xc000a68690 tendermint/PubKeyEd25519:0xc000a68000 tendermint/PubKeyMultisigThreshold:0xc000a682d0 tendermint/PubKeySecp256k1:0xc000a681e0]}
cdc : &{true 0xc0005448c0 0xc0005448c0}
cdc.cdc : &{{{0 0} 0 0 0 0} false map[0x4cf93e0:0xc000a68a50 0x4d84c40:0xc000a63d10 0x4d951c0:0xc000a44870 0x4da43c0:0xc000a683c0 0x4da70c0:0xc000a63ef0 0x4db2c00:0xc000a63860 0x4dbb760:0xc000a62b40 0x4dbec80:0xc000a621e0 0x4dd7780:0xc000a68690 0x4dde300:0xc000a684b0 0x4deb1c0:0xc000a681e0 0x4df5240:0xc000a68000 0x4e10d80:0xc000a45950 0x4e1dea0:0xc000a35860 0x4e24f80:0xc000a62870 0x4e269c0:0xc000a682d0 0x4e27980:0xc000a633b0 0x4e334c0:0xc000a62e10 0x4e36f60:0xc000a62a50 0x4e37740:0xc000a63680 0x4e37ac0:0xc000a35950 0x4e37ba0:0xc000a45860 0x4e38c40:0xc000a441e0 0x4e38fc0:0xc000a35770 0x4e390a0:0xc000a634a0 0x4e39340:0xc000a44ff0 0x4e396c0:0xc000a45590 0x4e39f80:0xc000a442d0 0x4e3b220:0xc000a452c0 0x4e3de20:0xc000a62690 0x4e3e320:0xc000a62780 0x4e46b20:0xc000a45680 0x4e46d20:0xc000a444b0 0x4e47420:0xc000a440f0 0x4e47820:0xc000a44690 0x4e48320:0xc000a443c0 0x4e48720:0xc000a44000 0x4e49320:0xc000a44c30 0x4e49520:0xc000a445a0 0x4e4a020:0xc000a44f00 0x4e4a120:0xc000a44d20 0x4e4a920:0xc000a45770 0x4e4af20:0xc000a35ef0 0x4e4c3c0:0xc000a624b0 0x4e4ea00:0xc000a625a0 0x4e503e0:0xc000a45c20 0x4e50aa0:0xc000a62960 0x4e51160:0xc000a44960 0x4e51280:0xc000a632c0 0x4e51700:0xc000a623c0 0x4e54760:0xc000a63590 0x4e54e20:0xc000a62ff0 0x4e55060:0xc000a620f0 0x4e553c0:0xc000a44e10 0x4e58420:0xc000a45a40 0x4e5ba20:0xc000a35a40 0x4e692a0:0xc000a44780 0x4e7b0e0:0xc000a44b40 0x4e81120:0xc000a453b0 0x4e85620:0xc000a631d0 0x4e88d20:0xc000a35b30 0x4e8a320:0xc000a450e0 0x4e8b500:0xc000a63770 0x4e8eae0:0xc000a44a50 0x4e95860:0xc000a630e0 0x4e9f220:0xc000a62c30 0x4ea18a0:0xc000a454a0 0x4ea2a20:0xc000a35e00 0x4eb4440:0xc000a62000 0x4eb8b80:0xc000a45e00 0x4eb9300:0xc000a451d0 0x4eb9ea0:0xc000a45d10 0x4ecfe20:0xc000a35c20] [0xc000a35b30 0xc000a45950 0xc000a45c20 0xc000a621e0 0xc000a62a50 0xc000a62b40 0xc000a63860 0xc000a63d10 0xc000a63ef0 0xc000a683c0] [0xc000a35770 0xc000a35860 0xc000a35950 0xc000a35a40 0xc000a35c20 0xc000a35e00 0xc000a35ef0 0xc000a44000 0xc000a440f0 0xc000a441e0 0xc000a442d0 0xc000a443c0 0xc000a444b0 0xc000a445a0 0xc000a44690 0xc000a44780 0xc000a44870 0xc000a44960 0xc000a44a50 0xc000a44b40 0xc000a44c30 0xc000a44d20 0xc000a44e10 0xc000a44f00 0xc000a44ff0 0xc000a450e0 0xc000a451d0 0xc000a452c0 0xc000a453b0 0xc000a454a0 0xc000a45590 0xc000a45680 0xc000a45770 0xc000a45860 0xc000a45a40 0xc000a45d10 0xc000a45e00 0xc000a62000 0xc000a620f0 0xc000a623c0 0xc000a624b0 0xc000a625a0 0xc000a62690 0xc000a62780 0xc000a62870 0xc000a62960 0xc000a62c30 0xc000a62e10 0xc000a62ff0 0xc000a630e0 0xc000a631d0 0xc000a632c0 0xc000a633b0 0xc000a634a0 0xc000a63590 0xc000a63680 0xc000a63770 0xc000a68000 0xc000a681e0 0xc000a682d0 0xc000a684b0 0xc000a68690] map[[1 158 130 225 176 247 155]:0xc000a68690 [14 26 29 233 120 159 45]:0xc000a44870 [14 46 192 108 210 143 8]:0xc000a35e00 [14 235 32 174 83 221 207]:0xc000a44780 [17 25 160 161 138 86 229]:0xc000a624b0 [17 228 129 192 94 162 80]:0xc000a63770 [20 170 113 123 236 61 213]:0xc000a62780 [24 209 55 32 58 59 26]:0xc000a45860 [28 40 138 98 251 120 15]:0xc000a62000 [35 146 198 212 41 117 199]:0xc000a440f0 [38 143 1 176 71 128 20]:0xc000a445a0 [41 131 72 168 163 97 154]:0xc000a44f00 [43 72 167 230 129 120 7]:0xc000a35a40 [48 169 63 53 162 95 124]:0xc000a62e10 [50 69 144 205 50 116 179]:0xc000a35860 [53 57 90 75 234 240 121]:0xc000a62690 [55 55 215 185 248 49 171]:0xc000a62960 [56 220 112 194 232 188 205]:0xc000a44b40 [58 188 213 44 75 37 255]:0xc000a45770 [59 211 135 162 61 54 184]:0xc000a45e00 [63 33 145 189 33 53 241]:0xc000a444b0 [66 36 186 63 184 65 137]:0xc000a45680 [72 226 103 235 54 29 1]:0xc000a44a50 [73 175 255 140 77 113 13]:0xc000a35770 [76 65 53 156 149 147 70]:0xc000a44e10 [83 130 5 161 202 221 54]:0xc000a625a0 [86 101 111 194 104 154 209]:0xc000a44ff0 [92 66 252 53 148 138 213]:0xc000a451d0 [99 8 66 45 227 207 103]:0xc000a630e0 [99 40 144 246 228 248 56]:0xc000a45a40 [100 229 227 45 120 126 196]:0xc000a452c0 [102 75 250 11 253 125 154]:0xc000a62c30 [102 105 128 150 119 71 152]:0xc000a633b0 [102 181 226 2 183 40 167]:0xc000a44000 [103 201 236 92 175 50 138]:0xc000a441e0 [116 63 5 46 45 4 193]:0xc000a62ff0 [134 21 248 91 62 228 39]:0xc000a442d0 [136 114 150 90 191 49 231]:0xc000a453b0 [138 59 71 40 40 22 169]:0xc000a620f0 [143 220 232 224 76 231 18]:0xc000a45590 [147 22 189 87 84 187 91]:0xc000a45d10 [149 69 104 163 40 137 16]:0xc000a684b0 [153 220 79 101 246 206 152]:0xc000a44690 [160 39 97 91 171 26 17]:0xc000a35ef0 [161 92 237 242 173 146 20]:0xc000a632c0 [165 242 194 96 232 212 255]:0xc000a63680 [171 92 48 223 153 248 163]:0xc000a634a0 [172 38 121 22 36 222 100]:0xc000a68000 [176 105 242 108 220 31 176]:0xc000a450e0 [179 146 171 83 96 112 184]:0xc000a35950 [180 73 174 34 193 247 226]:0xc000a682d0 [186 219 187 92 128 129 13]:0xc000a44d20 [191 129 227 90 156 227 226]:0xc000a443c0 [197 54 218 139 33 52 124]:0xc000a44960 [197 166 235 142 55 140 157]:0xc000a63590 [210 168 149 143 48 167 145]:0xc000a631d0 [227 171 230 134 89 58 16]:0xc000a454a0 [228 62 31 146 29 46 78]:0xc000a44c30 [247 34 218 84 58 236 112]:0xc000a62870 [247 147 122 180 45 97 78]:0xc000a623c0 [248 204 234 235 90 233 135]:0xc000a681e0 [252 222 231 148 120 169 196]:0xc000a35c20] map[alias/MsgAliasUpdate:0xc000a62ff0 asset/BaseToken:0xc000a35c20 asset/MsgAddTokenWhitelist:0xc000a443c0 asset/MsgBurnToken:0xc000a440f0 asset/MsgForbidAddr:0xc000a445a0 asset/MsgForbidToken:0xc000a441e0 asset/MsgIssueToken:0xc000a35e00 asset/MsgMintToken:0xc000a44000 asset/MsgModifyTokenInfo:0xc000a44780 asset/MsgRemoveTokenWhitelist:0xc000a444b0 asset/MsgTransferOwnership:0xc000a35ef0 asset/MsgUnForbidAddr:0xc000a44690 asset/MsgUnForbidToken:0xc000a442d0 authx/AccountX:0xc000a633b0 bancorlite/MsgBancorCancel:0xc000a632c0 bancorlite/MsgBancorInit:0xc000a630e0 bancorlite/MsgBancorTrade:0xc000a631d0 bankx/MsgMultiSend:0xc000a63680 bankx/MsgSend:0xc000a63590 bankx/MsgSetMemoRequired:0xc000a634a0 bankx/MsgSupervisedSend:0xc000a63770 comment/MsgCommentToken:0xc000a450e0 cosmos-sdk/Account:0xc000a45a40 cosmos-sdk/BaseVestingAccount:0xc000a45d10 cosmos-sdk/CommunityPoolSpendProposal:0xc000a35a40 cosmos-sdk/ContinuousVestingAccount:0xc000a45e00 cosmos-sdk/DelayedVestingAccount:0xc000a62000 cosmos-sdk/ModuleAccount:0xc000a62c30 cosmos-sdk/MsgBeginRedelegate:0xc000a44e10 cosmos-sdk/MsgCreateValidator:0xc000a44a50 cosmos-sdk/MsgDelegate:0xc000a44c30 cosmos-sdk/MsgDeposit:0xc000a624b0 cosmos-sdk/MsgEditValidator:0xc000a44b40 cosmos-sdk/MsgModifyWithdrawAddress:0xc000a35950 cosmos-sdk/MsgMultiSend:0xc000a44ff0 cosmos-sdk/MsgSend:0xc000a44f00 cosmos-sdk/MsgSubmitProposal:0xc000a623c0 cosmos-sdk/MsgUndelegate:0xc000a44d20 cosmos-sdk/MsgUnjail:0xc000a62870 cosmos-sdk/MsgVerifyInvariant:0xc000a44960 cosmos-sdk/MsgVote:0xc000a625a0 cosmos-sdk/MsgWithdrawDelegationReward:0xc000a35770 cosmos-sdk/MsgWithdrawValidatorCommission:0xc000a35860 cosmos-sdk/ParameterChangeProposal:0xc000a62960 cosmos-sdk/SoftwareUpgradeProposal:0xc000a62780 cosmos-sdk/StdTx:0xc000a620f0 cosmos-sdk/Supply:0xc000a62e10 cosmos-sdk/TextProposal:0xc000a62690 distrx/MsgDonateToCommunityPool:0xc000a45860 incentive/state:0xc000a44870 market/MsgCancelOrder:0xc000a45590 market/MsgCancelTradingPair:0xc000a45680 market/MsgCreateOrder:0xc000a454a0 market/MsgCreateTradingPair:0xc000a453b0 market/MsgModifyPricePrecision:0xc000a45770 market/Order:0xc000a451d0 market/TradingPair:0xc000a452c0 tendermint/PrivKeyEd25519:0xc000a684b0 tendermint/PrivKeySecp256k1:0xc000a68690 tendermint/PubKeyEd25519:0xc000a68000 tendermint/PubKeyMultisigThreshold:0xc000a682d0 tendermint/PubKeySecp256k1:0xc000a681e0]}
cdc : &{true 0xc0005448c0 0xc0005448c0}
cdc.cdc : &{{{0 0} 0 0 0 0} false map[0x4cf93e0:0xc000a68a50 0x4d84c40:0xc000a63d10 0x4d951c0:0xc000a44870 0x4da43c0:0xc000a683c0 0x4da70c0:0xc000a63ef0 0x4db2c00:0xc000a63860 0x4dbb760:0xc000a62b40 0x4dbec80:0xc000a621e0 0x4dd7780:0xc000a68690 0x4dde300:0xc000a684b0 0x4deb1c0:0xc000a681e0 0x4df5240:0xc000a68000 0x4e10d80:0xc000a45950 0x4e1dea0:0xc000a35860 0x4e24f80:0xc000a62870 0x4e269c0:0xc000a682d0 0x4e27980:0xc000a633b0 0x4e334c0:0xc000a62e10 0x4e36f60:0xc000a62a50 0x4e37740:0xc000a63680 0x4e37ac0:0xc000a35950 0x4e37ba0:0xc000a45860 0x4e38c40:0xc000a441e0 0x4e38fc0:0xc000a35770 0x4e390a0:0xc000a634a0 0x4e39340:0xc000a44ff0 0x4e396c0:0xc000a45590 0x4e39f80:0xc000a442d0 0x4e3b220:0xc000a452c0 0x4e3de20:0xc000a62690 0x4e3e320:0xc000a62780 0x4e46b20:0xc000a45680 0x4e46d20:0xc000a444b0 0x4e47420:0xc000a440f0 0x4e47820:0xc000a44690 0x4e48320:0xc000a443c0 0x4e48720:0xc000a44000 0x4e49320:0xc000a44c30 0x4e49520:0xc000a445a0 0x4e4a020:0xc000a44f00 0x4e4a120:0xc000a44d20 0x4e4a920:0xc000a45770 0x4e4af20:0xc000a35ef0 0x4e4c3c0:0xc000a624b0 0x4e4ea00:0xc000a625a0 0x4e503e0:0xc000a45c20 0x4e50aa0:0xc000a62960 0x4e51160:0xc000a44960 0x4e51280:0xc000a632c0 0x4e51700:0xc000a623c0 0x4e54760:0xc000a63590 0x4e54e20:0xc000a62ff0 0x4e55060:0xc000a620f0 0x4e553c0:0xc000a44e10 0x4e58420:0xc000a45a40 0x4e5ba20:0xc000a35a40 0x4e692a0:0xc000a44780 0x4e7b0e0:0xc000a44b40 0x4e81120:0xc000a453b0 0x4e85620:0xc000a631d0 0x4e88d20:0xc000a35b30 0x4e8a320:0xc000a450e0 0x4e8b500:0xc000a63770 0x4e8eae0:0xc000a44a50 0x4e95860:0xc000a630e0 0x4e9f220:0xc000a62c30 0x4ea18a0:0xc000a454a0 0x4ea2a20:0xc000a35e00 0x4eb4440:0xc000a62000 0x4eb8b80:0xc000a45e00 0x4eb9300:0xc000a451d0 0x4eb9ea0:0xc000a45d10 0x4ecfe20:0xc000a35c20] [0xc000a35b30 0xc000a45950 0xc000a45c20 0xc000a621e0 0xc000a62a50 0xc000a62b40 0xc000a63860 0xc000a63d10 0xc000a63ef0 0xc000a683c0] [0xc000a35770 0xc000a35860 0xc000a35950 0xc000a35a40 0xc000a35c20 0xc000a35e00 0xc000a35ef0 0xc000a44000 0xc000a440f0 0xc000a441e0 0xc000a442d0 0xc000a443c0 0xc000a444b0 0xc000a445a0 0xc000a44690 0xc000a44780 0xc000a44870 0xc000a44960 0xc000a44a50 0xc000a44b40 0xc000a44c30 0xc000a44d20 0xc000a44e10 0xc000a44f00 0xc000a44ff0 0xc000a450e0 0xc000a451d0 0xc000a452c0 0xc000a453b0 0xc000a454a0 0xc000a45590 0xc000a45680 0xc000a45770 0xc000a45860 0xc000a45a40 0xc000a45d10 0xc000a45e00 0xc000a62000 0xc000a620f0 0xc000a623c0 0xc000a624b0 0xc000a625a0 0xc000a62690 0xc000a62780 0xc000a62870 0xc000a62960 0xc000a62c30 0xc000a62e10 0xc000a62ff0 0xc000a630e0 0xc000a631d0 0xc000a632c0 0xc000a633b0 0xc000a634a0 0xc000a63590 0xc000a63680 0xc000a63770 0xc000a68000 0xc000a681e0 0xc000a682d0 0xc000a684b0 0xc000a68690] map[[1 158 130 225 176 247 155]:0xc000a68690 [14 26 29 233 120 159 45]:0xc000a44870 [14 46 192 108 210 143 8]:0xc000a35e00 [14 235 32 174 83 221 207]:0xc000a44780 [17 25 160 161 138 86 229]:0xc000a624b0 [17 228 129 192 94 162 80]:0xc000a63770 [20 170 113 123 236 61 213]:0xc000a62780 [24 209 55 32 58 59 26]:0xc000a45860 [28 40 138 98 251 120 15]:0xc000a62000 [35 146 198 212 41 117 199]:0xc000a440f0 [38 143 1 176 71 128 20]:0xc000a445a0 [41 131 72 168 163 97 154]:0xc000a44f00 [43 72 167 230 129 120 7]:0xc000a35a40 [48 169 63 53 162 95 124]:0xc000a62e10 [50 69 144 205 50 116 179]:0xc000a35860 [53 57 90 75 234 240 121]:0xc000a62690 [55 55 215 185 248 49 171]:0xc000a62960 [56 220 112 194 232 188 205]:0xc000a44b40 [58 188 213 44 75 37 255]:0xc000a45770 [59 211 135 162 61 54 184]:0xc000a45e00 [63 33 145 189 33 53 241]:0xc000a444b0 [66 36 186 63 184 65 137]:0xc000a45680 [72 226 103 235 54 29 1]:0xc000a44a50 [73 175 255 140 77 113 13]:0xc000a35770 [76 65 53 156 149 147 70]:0xc000a44e10 [83 130 5 161 202 221 54]:0xc000a625a0 [86 101 111 194 104 154 209]:0xc000a44ff0 [92 66 252 53 148 138 213]:0xc000a451d0 [99 8 66 45 227 207 103]:0xc000a630e0 [99 40 144 246 228 248 56]:0xc000a45a40 [100 229 227 45 120 126 196]:0xc000a452c0 [102 75 250 11 253 125 154]:0xc000a62c30 [102 105 128 150 119 71 152]:0xc000a633b0 [102 181 226 2 183 40 167]:0xc000a44000 [103 201 236 92 175 50 138]:0xc000a441e0 [116 63 5 46 45 4 193]:0xc000a62ff0 [134 21 248 91 62 228 39]:0xc000a442d0 [136 114 150 90 191 49 231]:0xc000a453b0 [138 59 71 40 40 22 169]:0xc000a620f0 [143 220 232 224 76 231 18]:0xc000a45590 [147 22 189 87 84 187 91]:0xc000a45d10 [149 69 104 163 40 137 16]:0xc000a684b0 [153 220 79 101 246 206 152]:0xc000a44690 [160 39 97 91 171 26 17]:0xc000a35ef0 [161 92 237 242 173 146 20]:0xc000a632c0 [165 242 194 96 232 212 255]:0xc000a63680 [171 92 48 223 153 248 163]:0xc000a634a0 [172 38 121 22 36 222 100]:0xc000a68000 [176 105 242 108 220 31 176]:0xc000a450e0 [179 146 171 83 96 112 184]:0xc000a35950 [180 73 174 34 193 247 226]:0xc000a682d0 [186 219 187 92 128 129 13]:0xc000a44d20 [191 129 227 90 156 227 226]:0xc000a443c0 [197 54 218 139 33 52 124]:0xc000a44960 [197 166 235 142 55 140 157]:0xc000a63590 [210 168 149 143 48 167 145]:0xc000a631d0 [227 171 230 134 89 58 16]:0xc000a454a0 [228 62 31 146 29 46 78]:0xc000a44c30 [247 34 218 84 58 236 112]:0xc000a62870 [247 147 122 180 45 97 78]:0xc000a623c0 [248 204 234 235 90 233 135]:0xc000a681e0 [252 222 231 148 120 169 196]:0xc000a35c20] map[alias/MsgAliasUpdate:0xc000a62ff0 asset/BaseToken:0xc000a35c20 asset/MsgAddTokenWhitelist:0xc000a443c0 asset/MsgBurnToken:0xc000a440f0 asset/MsgForbidAddr:0xc000a445a0 asset/MsgForbidToken:0xc000a441e0 asset/MsgIssueToken:0xc000a35e00 asset/MsgMintToken:0xc000a44000 asset/MsgModifyTokenInfo:0xc000a44780 asset/MsgRemoveTokenWhitelist:0xc000a444b0 asset/MsgTransferOwnership:0xc000a35ef0 asset/MsgUnForbidAddr:0xc000a44690 asset/MsgUnForbidToken:0xc000a442d0 authx/AccountX:0xc000a633b0 bancorlite/MsgBancorCancel:0xc000a632c0 bancorlite/MsgBancorInit:0xc000a630e0 bancorlite/MsgBancorTrade:0xc000a631d0 bankx/MsgMultiSend:0xc000a63680 bankx/MsgSend:0xc000a63590 bankx/MsgSetMemoRequired:0xc000a634a0 bankx/MsgSupervisedSend:0xc000a63770 comment/MsgCommentToken:0xc000a450e0 cosmos-sdk/Account:0xc000a45a40 cosmos-sdk/BaseVestingAccount:0xc000a45d10 cosmos-sdk/CommunityPoolSpendProposal:0xc000a35a40 cosmos-sdk/ContinuousVestingAccount:0xc000a45e00 cosmos-sdk/DelayedVestingAccount:0xc000a62000 cosmos-sdk/ModuleAccount:0xc000a62c30 cosmos-sdk/MsgBeginRedelegate:0xc000a44e10 cosmos-sdk/MsgCreateValidator:0xc000a44a50 cosmos-sdk/MsgDelegate:0xc000a44c30 cosmos-sdk/MsgDeposit:0xc000a624b0 cosmos-sdk/MsgEditValidator:0xc000a44b40 cosmos-sdk/MsgModifyWithdrawAddress:0xc000a35950 cosmos-sdk/MsgMultiSend:0xc000a44ff0 cosmos-sdk/MsgSend:0xc000a44f00 cosmos-sdk/MsgSubmitProposal:0xc000a623c0 cosmos-sdk/MsgUndelegate:0xc000a44d20 cosmos-sdk/MsgUnjail:0xc000a62870 cosmos-sdk/MsgVerifyInvariant:0xc000a44960 cosmos-sdk/MsgVote:0xc000a625a0 cosmos-sdk/MsgWithdrawDelegationReward:0xc000a35770 cosmos-sdk/MsgWithdrawValidatorCommission:0xc000a35860 cosmos-sdk/ParameterChangeProposal:0xc000a62960 cosmos-sdk/SoftwareUpgradeProposal:0xc000a62780 cosmos-sdk/StdTx:0xc000a620f0 cosmos-sdk/Supply:0xc000a62e10 cosmos-sdk/TextProposal:0xc000a62690 distrx/MsgDonateToCommunityPool:0xc000a45860 incentive/state:0xc000a44870 market/MsgCancelOrder:0xc000a45590 market/MsgCancelTradingPair:0xc000a45680 market/MsgCreateOrder:0xc000a454a0 market/MsgCreateTradingPair:0xc000a453b0 market/MsgModifyPricePrecision:0xc000a45770 market/Order:0xc000a451d0 market/TradingPair:0xc000a452c0 tendermint/PrivKeyEd25519:0xc000a684b0 tendermint/PrivKeySecp256k1:0xc000a68690 tendermint/PubKeyEd25519:0xc000a68000 tendermint/PubKeyMultisigThreshold:0xc000a682d0 tendermint/PubKeySecp256k1:0xc000a681e0]}
--- FAIL: TestQueryParams (0.00s)
panic: runtime error: invalid memory address or nil pointer dereference [recovered]
	panic: runtime error: invalid memory address or nil pointer dereference
[signal SIGSEGV: segmentation violation code=0x1 addr=0x18 pc=0x463c269]

goroutine 63 [running]:
testing.tRunner.func1(0xc000a10900)
	/usr/local/go/src/testing/testing.go:874 +0x3a3
panic(0x4d6c320, 0x5b11040)
	/usr/local/go/src/runtime/panic.go:679 +0x1b2
github.com/wide-key/wrap-amino.(*Codec).MarshalJSON(...)
	/Users/a/GoNew/src/github.com/wide-key/wrap-amino/amino.go:113
github.com/cosmos/cosmos-sdk/codec.MarshalJSONIndent(0x0, 0x4e24500, 0xc000a49ec0, 0xc000a49ec0, 0xc000a5f000, 0xc000a49ba0, 0xa, 0x19)
	/Users/a/GoNew/src/github.com/wide-key/cosmos-sdk/codec/codec.go:41 +0x29
github.com/coinexchain/dex/modules/bancorlite/internal/keepers.queryParameters(0x52bf4a0, 0xc000102000, 0x52d0460, 0xc0001d7480, 0x0, 0x0, 0x0, 0x0, 0x0, 0x0, ...)
	/Users/a/GoNew/src/github.com/wangkui0508/dex/modules/bancorlite/internal/keepers/querier.go:55 +0x1ae
github.com/coinexchain/dex/modules/bancorlite/internal/keepers.NewQuerier.func1(0x52bf4a0, 0xc000102000, 0x52d0460, 0xc0001d7480, 0x0, 0x0, 0x0, 0x0, 0x0, 0x0, ...)
	/Users/a/GoNew/src/github.com/wangkui0508/dex/modules/bancorlite/internal/keepers/querier.go:22 +0x341
github.com/coinexchain/dex/modules/bancorlite/internal/keepers_test.TestQueryParams(0xc000a10900)
	/Users/a/GoNew/src/github.com/wangkui0508/dex/modules/bancorlite/internal/keepers/querier_test.go:24 +0x307
testing.tRunner(0xc000a10900, 0x50e9138)
	/usr/local/go/src/testing/testing.go:909 +0xc9
created by testing.(*T).Run
	/usr/local/go/src/testing/testing.go:960 +0x350
FAIL	github.com/coinexchain/dex/modules/bancorlite/internal/keepers	0.126s
ok  	github.com/coinexchain/dex/modules/bancorlite/internal/types	0.091s
?   	github.com/coinexchain/dex/modules/bancorlite/simulation	[no test files]
ok  	github.com/coinexchain/dex/modules/bankx	0.207s
ok  	github.com/coinexchain/dex/modules/bankx/client/cli	0.087s
ok  	github.com/coinexchain/dex/modules/bankx/client/rest	0.098s
Here! 111111111111111
cdc : &{true 0xc000a24b60 0xc000a24b60}
cdc.cdc : &{{{0 0} 0 0 0 0} false map[0x4cd9640:0xc000dc4d20 0x4cfcb40:0xc000dc4ff0 0x4cfe500:0xc000dc50e0 0x4d00e00:0xc000dc4c30 0x4d01500:0xc000dc4b40 0x4d89be0:0xc000dbfc20 0x4d9a060:0xc000dbea50 0x4da9160:0xc000dc42d0 0x4dabe60:0xc000dbfe00 0x4db7a40:0xc000dbf860 0x4dc05a0:0xc000d85860 0x4dc3ac0:0xc000d840f0 0x4ddc520:0xc000dc45a0 0x4de3140:0xc000dc43c0 0x4df0000:0xc000dc40f0 0x4dfa080:0xc000dbfef0 0x4e15bc0:0xc000d84960 0x4e22ce0:0xc000dbf2c0 0x4e29dc0:0xc000d85680 0x4e2a300:0xc000dc4960 0x4e2b800:0xc000dc41e0 0x4e2c7c0:0xc000d84870 0x4e38300:0xc000d85b30 0x4e3bda0:0xc000d85770 0x4e3c580:0xc000d853b0 0x4e3c900:0xc000dbf3b0 0x4e3c9e0:0xc000d7db30 0x4e3da80:0xc000dbe3c0 0x4e3de00:0xc000dbf1d0 0x4e3dee0:0xc000d851d0 0x4e3e180:0xc000dbf770 0x4e3e500:0xc000dbef00 0x4e3edc0:0xc000dbe4b0 0x4e40060:0xc000dbec30 0x4e42c60:0xc000d845a0 0x4e43160:0xc000d84690 0x4e4b960:0xc000dbeff0 0x4e4bb60:0xc000dbe690 0x4e4c260:0xc000dbe2d0 0x4e4c660:0xc000dbe870 0x4e4d160:0xc000dbe5a0 0x4e4d560:0xc000dbe1e0 0x4e4e160:0xc000d7de00 0x4e4e360:0xc000dbe780 0x4e4ee60:0xc000dbf680 0x4e4ef60:0xc000d7def0 0x4e4f760:0xc000dbf0e0 0x4e4fd60:0xc000dbe0f0 0x4e51200:0xc000d843c0 0x4e53840:0xc000d844b0 0x4e55220:0xc000d84c30 0x4e558e0:0xc000d7d770 0x4e55fa0:0xc000d85590 0x4e560c0:0xc000d7da40 0x4e56540:0xc000d842d0 0x4e595a0:0xc000d852c0 0x4e59c60:0xc000dbf590 0x4e59ea0:0xc000d850e0 0x4e5a200:0xc000d84000 0x4e5d260:0xc000d84a50 0x4e60860:0xc000dbf4a0 0x4e6e220:0xc000dbe960 0x4e7ff20:0xc000dc4e10 0x4e80060:0xc000d7dd10 0x4e860a0:0xc000dbed20 0x4e8a440:0xc000d7d950 0x4e8d880:0xc000d85d10 0x4e8ee80:0xc000d84780 0x4e90060:0xc000d854a0 0x4e93640:0xc000d7dc20 0x4e9a3c0:0xc000d7d860 0x4ea3d80:0xc000d85950 0x4ea6400:0xc000dbee10 0x4ea7580:0xc000dbe000 0x4eb8fa0:0xc000d84ff0 0x4ebcf60:0xc000dc4a50 0x4ebd6e0:0xc000d84e10 0x4ebde60:0xc000dbeb40 0x4ebea00:0xc000d84d20 0x4ec8580:0xc000dc4f00 0x4ed4980:0xc000d85e00] [0xc000d840f0 0xc000d84960 0xc000d84c30 0xc000d85770 0xc000d85860 0xc000d85d10 0xc000dbf860 0xc000dbfc20 0xc000dbfe00 0xc000dc42d0] [0xc000d7d770 0xc000d7d860 0xc000d7d950 0xc000d7da40 0xc000d7db30 0xc000d7dc20 0xc000d7dd10 0xc000d7de00 0xc000d7def0 0xc000d84000 0xc000d842d0 0xc000d843c0 0xc000d844b0 0xc000d845a0 0xc000d84690 0xc000d84780 0xc000d84870 0xc000d84a50 0xc000d84d20 0xc000d84e10 0xc000d84ff0 0xc000d850e0 0xc000d851d0 0xc000d852c0 0xc000d853b0 0xc000d854a0 0xc000d85590 0xc000d85680 0xc000d85950 0xc000d85b30 0xc000d85e00 0xc000dbe000 0xc000dbe0f0 0xc000dbe1e0 0xc000dbe2d0 0xc000dbe3c0 0xc000dbe4b0 0xc000dbe5a0 0xc000dbe690 0xc000dbe780 0xc000dbe870 0xc000dbe960 0xc000dbea50 0xc000dbeb40 0xc000dbec30 0xc000dbed20 0xc000dbee10 0xc000dbef00 0xc000dbeff0 0xc000dbf0e0 0xc000dbf1d0 0xc000dbf2c0 0xc000dbf3b0 0xc000dbf4a0 0xc000dbf590 0xc000dbf680 0xc000dbf770 0xc000dbfef0 0xc000dc40f0 0xc000dc41e0 0xc000dc43c0 0xc000dc45a0] map[[1 158 130 225 176 247 155]:0xc000dc45a0 [14 26 29 233 120 159 45]:0xc000dbea50 [14 46 192 108 210 143 8]:0xc000dbe000 [14 235 32 174 83 221 207]:0xc000dbe960 [17 25 160 161 138 86 229]:0xc000d843c0 [17 228 129 192 94 162 80]:0xc000d854a0 [20 170 113 123 236 61 213]:0xc000d84690 [24 209 55 32 58 59 26]:0xc000d7db30 [28 40 138 98 251 120 15]:0xc000d84ff0 [35 146 198 212 41 117 199]:0xc000dbe2d0 [38 143 1 176 71 128 20]:0xc000dbe780 [41 131 72 168 163 97 154]:0xc000dbf680 [43 72 167 230 129 120 7]:0xc000dbf4a0 [48 169 63 53 162 95 124]:0xc000d85b30 [50 69 144 205 50 116 179]:0xc000dbf2c0 [53 57 90 75 234 240 121]:0xc000d845a0 [55 55 215 185 248 49 171]:0xc000d7d770 [56 220 112 194 232 188 205]:0xc000d7dd10 [58 188 213 44 75 37 255]:0xc000dbf0e0 [59 211 135 162 61 54 184]:0xc000d84e10 [63 33 145 189 33 53 241]:0xc000dbe690 [66 36 186 63 184 65 137]:0xc000dbeff0 [72 226 103 235 54 29 1]:0xc000d7dc20 [73 175 255 140 77 113 13]:0xc000dbf1d0 [76 65 53 156 149 147 70]:0xc000d84000 [83 130 5 161 202 221 54]:0xc000d844b0 [86 101 111 194 104 154 209]:0xc000dbf770 [92 66 252 53 148 138 213]:0xc000dbeb40 [99 8 66 45 227 207 103]:0xc000d7d860 [99 40 144 246 228 248 56]:0xc000d84a50 [100 229 227 45 120 126 196]:0xc000dbec30 [102 75 250 11 253 125 154]:0xc000d85950 [102 105 128 150 119 71 152]:0xc000d84870 [102 181 226 2 183 40 167]:0xc000dbe1e0 [103 201 236 92 175 50 138]:0xc000dbe3c0 [116 63 5 46 45 4 193]:0xc000dbf590 [134 21 248 91 62 228 39]:0xc000dbe4b0 [136 114 150 90 191 49 231]:0xc000dbed20 [138 59 71 40 40 22 169]:0xc000d850e0 [143 220 232 224 76 231 18]:0xc000dbef00 [147 22 189 87 84 187 91]:0xc000d84d20 [149 69 104 163 40 137 16]:0xc000dc43c0 [153 220 79 101 246 206 152]:0xc000dbe870 [160 39 97 91 171 26 17]:0xc000dbe0f0 [161 92 237 242 173 146 20]:0xc000d7da40 [165 242 194 96 232 212 255]:0xc000d853b0 [171 92 48 223 153 248 163]:0xc000d851d0 [172 38 121 22 36 222 100]:0xc000dbfef0 [176 105 242 108 220 31 176]:0xc000d84780 [179 146 171 83 96 112 184]:0xc000dbf3b0 [180 73 174 34 193 247 226]:0xc000dc41e0 [186 219 187 92 128 129 13]:0xc000d7def0 [191 129 227 90 156 227 226]:0xc000dbe5a0 [197 54 218 139 33 52 124]:0xc000d85590 [197 166 235 142 55 140 157]:0xc000d852c0 [210 168 149 143 48 167 145]:0xc000d7d950 [227 171 230 134 89 58 16]:0xc000dbee10 [228 62 31 146 29 46 78]:0xc000d7de00 [247 34 218 84 58 236 112]:0xc000d85680 [247 147 122 180 45 97 78]:0xc000d842d0 [248 204 234 235 90 233 135]:0xc000dc40f0 [252 222 231 148 120 169 196]:0xc000d85e00] map[alias/MsgAliasUpdate:0xc000dbf590 asset/BaseToken:0xc000d85e00 asset/MsgAddTokenWhitelist:0xc000dbe5a0 asset/MsgBurnToken:0xc000dbe2d0 asset/MsgForbidAddr:0xc000dbe780 asset/MsgForbidToken:0xc000dbe3c0 asset/MsgIssueToken:0xc000dbe000 asset/MsgMintToken:0xc000dbe1e0 asset/MsgModifyTokenInfo:0xc000dbe960 asset/MsgRemoveTokenWhitelist:0xc000dbe690 asset/MsgTransferOwnership:0xc000dbe0f0 asset/MsgUnForbidAddr:0xc000dbe870 asset/MsgUnForbidToken:0xc000dbe4b0 authx/AccountX:0xc000d84870 bancorlite/MsgBancorCancel:0xc000d7da40 bancorlite/MsgBancorInit:0xc000d7d860 bancorlite/MsgBancorTrade:0xc000d7d950 bankx/MsgMultiSend:0xc000d853b0 bankx/MsgSend:0xc000d852c0 bankx/MsgSetMemoRequired:0xc000d851d0 bankx/MsgSupervisedSend:0xc000d854a0 comment/MsgCommentToken:0xc000d84780 cosmos-sdk/Account:0xc000d84a50 cosmos-sdk/BaseVestingAccount:0xc000d84d20 cosmos-sdk/CommunityPoolSpendProposal:0xc000dbf4a0 cosmos-sdk/ContinuousVestingAccount:0xc000d84e10 cosmos-sdk/DelayedVestingAccount:0xc000d84ff0 cosmos-sdk/ModuleAccount:0xc000d85950 cosmos-sdk/MsgBeginRedelegate:0xc000d84000 cosmos-sdk/MsgCreateValidator:0xc000d7dc20 cosmos-sdk/MsgDelegate:0xc000d7de00 cosmos-sdk/MsgDeposit:0xc000d843c0 cosmos-sdk/MsgEditValidator:0xc000d7dd10 cosmos-sdk/MsgModifyWithdrawAddress:0xc000dbf3b0 cosmos-sdk/MsgMultiSend:0xc000dbf770 cosmos-sdk/MsgSend:0xc000dbf680 cosmos-sdk/MsgSubmitProposal:0xc000d842d0 cosmos-sdk/MsgUndelegate:0xc000d7def0 cosmos-sdk/MsgUnjail:0xc000d85680 cosmos-sdk/MsgVerifyInvariant:0xc000d85590 cosmos-sdk/MsgVote:0xc000d844b0 cosmos-sdk/MsgWithdrawDelegationReward:0xc000dbf1d0 cosmos-sdk/MsgWithdrawValidatorCommission:0xc000dbf2c0 cosmos-sdk/ParameterChangeProposal:0xc000d7d770 cosmos-sdk/SoftwareUpgradeProposal:0xc000d84690 cosmos-sdk/StdTx:0xc000d850e0 cosmos-sdk/Supply:0xc000d85b30 cosmos-sdk/TextProposal:0xc000d845a0 distrx/MsgDonateToCommunityPool:0xc000d7db30 incentive/state:0xc000dbea50 market/MsgCancelOrder:0xc000dbef00 market/MsgCancelTradingPair:0xc000dbeff0 market/MsgCreateOrder:0xc000dbee10 market/MsgCreateTradingPair:0xc000dbed20 market/MsgModifyPricePrecision:0xc000dbf0e0 market/Order:0xc000dbeb40 market/TradingPair:0xc000dbec30 tendermint/PrivKeyEd25519:0xc000dc43c0 tendermint/PrivKeySecp256k1:0xc000dc45a0 tendermint/PubKeyEd25519:0xc000dbfef0 tendermint/PubKeyMultisigThreshold:0xc000dc41e0 tendermint/PubKeySecp256k1:0xc000dc40f0]}
cdc : &{true 0xc000a24b60 0xc000a24b60}
cdc.cdc : &{{{0 0} 0 0 0 0} false map[0x4cd9640:0xc000dc4d20 0x4cfcb40:0xc000dc4ff0 0x4cfe500:0xc000dc50e0 0x4d00e00:0xc000dc4c30 0x4d01500:0xc000dc4b40 0x4d89be0:0xc000dbfc20 0x4d9a060:0xc000dbea50 0x4da9160:0xc000dc42d0 0x4dabe60:0xc000dbfe00 0x4db7a40:0xc000dbf860 0x4dc05a0:0xc000d85860 0x4dc3ac0:0xc000d840f0 0x4ddc520:0xc000dc45a0 0x4de3140:0xc000dc43c0 0x4df0000:0xc000dc40f0 0x4dfa080:0xc000dbfef0 0x4e15bc0:0xc000d84960 0x4e22ce0:0xc000dbf2c0 0x4e29dc0:0xc000d85680 0x4e2a300:0xc000dc4960 0x4e2b800:0xc000dc41e0 0x4e2c7c0:0xc000d84870 0x4e38300:0xc000d85b30 0x4e3bda0:0xc000d85770 0x4e3c580:0xc000d853b0 0x4e3c900:0xc000dbf3b0 0x4e3c9e0:0xc000d7db30 0x4e3da80:0xc000dbe3c0 0x4e3de00:0xc000dbf1d0 0x4e3dee0:0xc000d851d0 0x4e3e180:0xc000dbf770 0x4e3e500:0xc000dbef00 0x4e3edc0:0xc000dbe4b0 0x4e40060:0xc000dbec30 0x4e42c60:0xc000d845a0 0x4e43160:0xc000d84690 0x4e4b960:0xc000dbeff0 0x4e4bb60:0xc000dbe690 0x4e4c260:0xc000dbe2d0 0x4e4c660:0xc000dbe870 0x4e4d160:0xc000dbe5a0 0x4e4d560:0xc000dbe1e0 0x4e4e160:0xc000d7de00 0x4e4e360:0xc000dbe780 0x4e4ee60:0xc000dbf680 0x4e4ef60:0xc000d7def0 0x4e4f760:0xc000dbf0e0 0x4e4fd60:0xc000dbe0f0 0x4e51200:0xc000d843c0 0x4e53840:0xc000d844b0 0x4e55220:0xc000d84c30 0x4e558e0:0xc000d7d770 0x4e55fa0:0xc000d85590 0x4e560c0:0xc000d7da40 0x4e56540:0xc000d842d0 0x4e595a0:0xc000d852c0 0x4e59c60:0xc000dbf590 0x4e59ea0:0xc000d850e0 0x4e5a200:0xc000d84000 0x4e5d260:0xc000d84a50 0x4e60860:0xc000dbf4a0 0x4e6e220:0xc000dbe960 0x4e7ff20:0xc000dc4e10 0x4e80060:0xc000d7dd10 0x4e860a0:0xc000dbed20 0x4e8a440:0xc000d7d950 0x4e8d880:0xc000d85d10 0x4e8ee80:0xc000d84780 0x4e90060:0xc000d854a0 0x4e93640:0xc000d7dc20 0x4e9a3c0:0xc000d7d860 0x4ea3d80:0xc000d85950 0x4ea6400:0xc000dbee10 0x4ea7580:0xc000dbe000 0x4eb8fa0:0xc000d84ff0 0x4ebcf60:0xc000dc4a50 0x4ebd6e0:0xc000d84e10 0x4ebde60:0xc000dbeb40 0x4ebea00:0xc000d84d20 0x4ec8580:0xc000dc4f00 0x4ed4980:0xc000d85e00] [0xc000d840f0 0xc000d84960 0xc000d84c30 0xc000d85770 0xc000d85860 0xc000d85d10 0xc000dbf860 0xc000dbfc20 0xc000dbfe00 0xc000dc42d0] [0xc000d7d770 0xc000d7d860 0xc000d7d950 0xc000d7da40 0xc000d7db30 0xc000d7dc20 0xc000d7dd10 0xc000d7de00 0xc000d7def0 0xc000d84000 0xc000d842d0 0xc000d843c0 0xc000d844b0 0xc000d845a0 0xc000d84690 0xc000d84780 0xc000d84870 0xc000d84a50 0xc000d84d20 0xc000d84e10 0xc000d84ff0 0xc000d850e0 0xc000d851d0 0xc000d852c0 0xc000d853b0 0xc000d854a0 0xc000d85590 0xc000d85680 0xc000d85950 0xc000d85b30 0xc000d85e00 0xc000dbe000 0xc000dbe0f0 0xc000dbe1e0 0xc000dbe2d0 0xc000dbe3c0 0xc000dbe4b0 0xc000dbe5a0 0xc000dbe690 0xc000dbe780 0xc000dbe870 0xc000dbe960 0xc000dbea50 0xc000dbeb40 0xc000dbec30 0xc000dbed20 0xc000dbee10 0xc000dbef00 0xc000dbeff0 0xc000dbf0e0 0xc000dbf1d0 0xc000dbf2c0 0xc000dbf3b0 0xc000dbf4a0 0xc000dbf590 0xc000dbf680 0xc000dbf770 0xc000dbfef0 0xc000dc40f0 0xc000dc41e0 0xc000dc43c0 0xc000dc45a0] map[[1 158 130 225 176 247 155]:0xc000dc45a0 [14 26 29 233 120 159 45]:0xc000dbea50 [14 46 192 108 210 143 8]:0xc000dbe000 [14 235 32 174 83 221 207]:0xc000dbe960 [17 25 160 161 138 86 229]:0xc000d843c0 [17 228 129 192 94 162 80]:0xc000d854a0 [20 170 113 123 236 61 213]:0xc000d84690 [24 209 55 32 58 59 26]:0xc000d7db30 [28 40 138 98 251 120 15]:0xc000d84ff0 [35 146 198 212 41 117 199]:0xc000dbe2d0 [38 143 1 176 71 128 20]:0xc000dbe780 [41 131 72 168 163 97 154]:0xc000dbf680 [43 72 167 230 129 120 7]:0xc000dbf4a0 [48 169 63 53 162 95 124]:0xc000d85b30 [50 69 144 205 50 116 179]:0xc000dbf2c0 [53 57 90 75 234 240 121]:0xc000d845a0 [55 55 215 185 248 49 171]:0xc000d7d770 [56 220 112 194 232 188 205]:0xc000d7dd10 [58 188 213 44 75 37 255]:0xc000dbf0e0 [59 211 135 162 61 54 184]:0xc000d84e10 [63 33 145 189 33 53 241]:0xc000dbe690 [66 36 186 63 184 65 137]:0xc000dbeff0 [72 226 103 235 54 29 1]:0xc000d7dc20 [73 175 255 140 77 113 13]:0xc000dbf1d0 [76 65 53 156 149 147 70]:0xc000d84000 [83 130 5 161 202 221 54]:0xc000d844b0 [86 101 111 194 104 154 209]:0xc000dbf770 [92 66 252 53 148 138 213]:0xc000dbeb40 [99 8 66 45 227 207 103]:0xc000d7d860 [99 40 144 246 228 248 56]:0xc000d84a50 [100 229 227 45 120 126 196]:0xc000dbec30 [102 75 250 11 253 125 154]:0xc000d85950 [102 105 128 150 119 71 152]:0xc000d84870 [102 181 226 2 183 40 167]:0xc000dbe1e0 [103 201 236 92 175 50 138]:0xc000dbe3c0 [116 63 5 46 45 4 193]:0xc000dbf590 [134 21 248 91 62 228 39]:0xc000dbe4b0 [136 114 150 90 191 49 231]:0xc000dbed20 [138 59 71 40 40 22 169]:0xc000d850e0 [143 220 232 224 76 231 18]:0xc000dbef00 [147 22 189 87 84 187 91]:0xc000d84d20 [149 69 104 163 40 137 16]:0xc000dc43c0 [153 220 79 101 246 206 152]:0xc000dbe870 [160 39 97 91 171 26 17]:0xc000dbe0f0 [161 92 237 242 173 146 20]:0xc000d7da40 [165 242 194 96 232 212 255]:0xc000d853b0 [171 92 48 223 153 248 163]:0xc000d851d0 [172 38 121 22 36 222 100]:0xc000dbfef0 [176 105 242 108 220 31 176]:0xc000d84780 [179 146 171 83 96 112 184]:0xc000dbf3b0 [180 73 174 34 193 247 226]:0xc000dc41e0 [186 219 187 92 128 129 13]:0xc000d7def0 [191 129 227 90 156 227 226]:0xc000dbe5a0 [197 54 218 139 33 52 124]:0xc000d85590 [197 166 235 142 55 140 157]:0xc000d852c0 [210 168 149 143 48 167 145]:0xc000d7d950 [227 171 230 134 89 58 16]:0xc000dbee10 [228 62 31 146 29 46 78]:0xc000d7de00 [247 34 218 84 58 236 112]:0xc000d85680 [247 147 122 180 45 97 78]:0xc000d842d0 [248 204 234 235 90 233 135]:0xc000dc40f0 [252 222 231 148 120 169 196]:0xc000d85e00] map[alias/MsgAliasUpdate:0xc000dbf590 asset/BaseToken:0xc000d85e00 asset/MsgAddTokenWhitelist:0xc000dbe5a0 asset/MsgBurnToken:0xc000dbe2d0 asset/MsgForbidAddr:0xc000dbe780 asset/MsgForbidToken:0xc000dbe3c0 asset/MsgIssueToken:0xc000dbe000 asset/MsgMintToken:0xc000dbe1e0 asset/MsgModifyTokenInfo:0xc000dbe960 asset/MsgRemoveTokenWhitelist:0xc000dbe690 asset/MsgTransferOwnership:0xc000dbe0f0 asset/MsgUnForbidAddr:0xc000dbe870 asset/MsgUnForbidToken:0xc000dbe4b0 authx/AccountX:0xc000d84870 bancorlite/MsgBancorCancel:0xc000d7da40 bancorlite/MsgBancorInit:0xc000d7d860 bancorlite/MsgBancorTrade:0xc000d7d950 bankx/MsgMultiSend:0xc000d853b0 bankx/MsgSend:0xc000d852c0 bankx/MsgSetMemoRequired:0xc000d851d0 bankx/MsgSupervisedSend:0xc000d854a0 comment/MsgCommentToken:0xc000d84780 cosmos-sdk/Account:0xc000d84a50 cosmos-sdk/BaseVestingAccount:0xc000d84d20 cosmos-sdk/CommunityPoolSpendProposal:0xc000dbf4a0 cosmos-sdk/ContinuousVestingAccount:0xc000d84e10 cosmos-sdk/DelayedVestingAccount:0xc000d84ff0 cosmos-sdk/ModuleAccount:0xc000d85950 cosmos-sdk/MsgBeginRedelegate:0xc000d84000 cosmos-sdk/MsgCreateValidator:0xc000d7dc20 cosmos-sdk/MsgDelegate:0xc000d7de00 cosmos-sdk/MsgDeposit:0xc000d843c0 cosmos-sdk/MsgEditValidator:0xc000d7dd10 cosmos-sdk/MsgModifyWithdrawAddress:0xc000dbf3b0 cosmos-sdk/MsgMultiSend:0xc000dbf770 cosmos-sdk/MsgSend:0xc000dbf680 cosmos-sdk/MsgSubmitProposal:0xc000d842d0 cosmos-sdk/MsgUndelegate:0xc000d7def0 cosmos-sdk/MsgUnjail:0xc000d85680 cosmos-sdk/MsgVerifyInvariant:0xc000d85590 cosmos-sdk/MsgVote:0xc000d844b0 cosmos-sdk/MsgWithdrawDelegationReward:0xc000dbf1d0 cosmos-sdk/MsgWithdrawValidatorCommission:0xc000dbf2c0 cosmos-sdk/ParameterChangeProposal:0xc000d7d770 cosmos-sdk/SoftwareUpgradeProposal:0xc000d84690 cosmos-sdk/StdTx:0xc000d850e0 cosmos-sdk/Supply:0xc000d85b30 cosmos-sdk/TextProposal:0xc000d845a0 distrx/MsgDonateToCommunityPool:0xc000d7db30 incentive/state:0xc000dbea50 market/MsgCancelOrder:0xc000dbef00 market/MsgCancelTradingPair:0xc000dbeff0 market/MsgCreateOrder:0xc000dbee10 market/MsgCreateTradingPair:0xc000dbed20 market/MsgModifyPricePrecision:0xc000dbf0e0 market/Order:0xc000dbeb40 market/TradingPair:0xc000dbec30 tendermint/PrivKeyEd25519:0xc000dc43c0 tendermint/PrivKeySecp256k1:0xc000dc45a0 tendermint/PubKeyEd25519:0xc000dbfef0 tendermint/PubKeyMultisigThreshold:0xc000dc41e0 tendermint/PubKeySecp256k1:0xc000dc40f0]}
cdc : &{true 0xc000a24b60 0xc000a24b60}
cdc.cdc : &{{{0 0} 0 0 0 0} false map[0x4cd9640:0xc000dc4d20 0x4cfcb40:0xc000dc4ff0 0x4cfe500:0xc000dc50e0 0x4d00e00:0xc000dc4c30 0x4d01500:0xc000dc4b40 0x4d89be0:0xc000dbfc20 0x4d9a060:0xc000dbea50 0x4da9160:0xc000dc42d0 0x4dabe60:0xc000dbfe00 0x4db7a40:0xc000dbf860 0x4dc05a0:0xc000d85860 0x4dc3ac0:0xc000d840f0 0x4ddc520:0xc000dc45a0 0x4de3140:0xc000dc43c0 0x4df0000:0xc000dc40f0 0x4dfa080:0xc000dbfef0 0x4e15bc0:0xc000d84960 0x4e22ce0:0xc000dbf2c0 0x4e29dc0:0xc000d85680 0x4e2a300:0xc000dc4960 0x4e2b800:0xc000dc41e0 0x4e2c7c0:0xc000d84870 0x4e38300:0xc000d85b30 0x4e3bda0:0xc000d85770 0x4e3c580:0xc000d853b0 0x4e3c900:0xc000dbf3b0 0x4e3c9e0:0xc000d7db30 0x4e3da80:0xc000dbe3c0 0x4e3de00:0xc000dbf1d0 0x4e3dee0:0xc000d851d0 0x4e3e180:0xc000dbf770 0x4e3e500:0xc000dbef00 0x4e3edc0:0xc000dbe4b0 0x4e40060:0xc000dbec30 0x4e42c60:0xc000d845a0 0x4e43160:0xc000d84690 0x4e4b960:0xc000dbeff0 0x4e4bb60:0xc000dbe690 0x4e4c260:0xc000dbe2d0 0x4e4c660:0xc000dbe870 0x4e4d160:0xc000dbe5a0 0x4e4d560:0xc000dbe1e0 0x4e4e160:0xc000d7de00 0x4e4e360:0xc000dbe780 0x4e4ee60:0xc000dbf680 0x4e4ef60:0xc000d7def0 0x4e4f760:0xc000dbf0e0 0x4e4fd60:0xc000dbe0f0 0x4e51200:0xc000d843c0 0x4e53840:0xc000d844b0 0x4e55220:0xc000d84c30 0x4e558e0:0xc000d7d770 0x4e55fa0:0xc000d85590 0x4e560c0:0xc000d7da40 0x4e56540:0xc000d842d0 0x4e595a0:0xc000d852c0 0x4e59c60:0xc000dbf590 0x4e59ea0:0xc000d850e0 0x4e5a200:0xc000d84000 0x4e5d260:0xc000d84a50 0x4e60860:0xc000dbf4a0 0x4e6e220:0xc000dbe960 0x4e7ff20:0xc000dc4e10 0x4e80060:0xc000d7dd10 0x4e860a0:0xc000dbed20 0x4e8a440:0xc000d7d950 0x4e8d880:0xc000d85d10 0x4e8ee80:0xc000d84780 0x4e90060:0xc000d854a0 0x4e93640:0xc000d7dc20 0x4e9a3c0:0xc000d7d860 0x4ea3d80:0xc000d85950 0x4ea6400:0xc000dbee10 0x4ea7580:0xc000dbe000 0x4eb8fa0:0xc000d84ff0 0x4ebcf60:0xc000dc4a50 0x4ebd6e0:0xc000d84e10 0x4ebde60:0xc000dbeb40 0x4ebea00:0xc000d84d20 0x4ec8580:0xc000dc4f00 0x4ed4980:0xc000d85e00] [0xc000d840f0 0xc000d84960 0xc000d84c30 0xc000d85770 0xc000d85860 0xc000d85d10 0xc000dbf860 0xc000dbfc20 0xc000dbfe00 0xc000dc42d0] [0xc000d7d770 0xc000d7d860 0xc000d7d950 0xc000d7da40 0xc000d7db30 0xc000d7dc20 0xc000d7dd10 0xc000d7de00 0xc000d7def0 0xc000d84000 0xc000d842d0 0xc000d843c0 0xc000d844b0 0xc000d845a0 0xc000d84690 0xc000d84780 0xc000d84870 0xc000d84a50 0xc000d84d20 0xc000d84e10 0xc000d84ff0 0xc000d850e0 0xc000d851d0 0xc000d852c0 0xc000d853b0 0xc000d854a0 0xc000d85590 0xc000d85680 0xc000d85950 0xc000d85b30 0xc000d85e00 0xc000dbe000 0xc000dbe0f0 0xc000dbe1e0 0xc000dbe2d0 0xc000dbe3c0 0xc000dbe4b0 0xc000dbe5a0 0xc000dbe690 0xc000dbe780 0xc000dbe870 0xc000dbe960 0xc000dbea50 0xc000dbeb40 0xc000dbec30 0xc000dbed20 0xc000dbee10 0xc000dbef00 0xc000dbeff0 0xc000dbf0e0 0xc000dbf1d0 0xc000dbf2c0 0xc000dbf3b0 0xc000dbf4a0 0xc000dbf590 0xc000dbf680 0xc000dbf770 0xc000dbfef0 0xc000dc40f0 0xc000dc41e0 0xc000dc43c0 0xc000dc45a0] map[[1 158 130 225 176 247 155]:0xc000dc45a0 [14 26 29 233 120 159 45]:0xc000dbea50 [14 46 192 108 210 143 8]:0xc000dbe000 [14 235 32 174 83 221 207]:0xc000dbe960 [17 25 160 161 138 86 229]:0xc000d843c0 [17 228 129 192 94 162 80]:0xc000d854a0 [20 170 113 123 236 61 213]:0xc000d84690 [24 209 55 32 58 59 26]:0xc000d7db30 [28 40 138 98 251 120 15]:0xc000d84ff0 [35 146 198 212 41 117 199]:0xc000dbe2d0 [38 143 1 176 71 128 20]:0xc000dbe780 [41 131 72 168 163 97 154]:0xc000dbf680 [43 72 167 230 129 120 7]:0xc000dbf4a0 [48 169 63 53 162 95 124]:0xc000d85b30 [50 69 144 205 50 116 179]:0xc000dbf2c0 [53 57 90 75 234 240 121]:0xc000d845a0 [55 55 215 185 248 49 171]:0xc000d7d770 [56 220 112 194 232 188 205]:0xc000d7dd10 [58 188 213 44 75 37 255]:0xc000dbf0e0 [59 211 135 162 61 54 184]:0xc000d84e10 [63 33 145 189 33 53 241]:0xc000dbe690 [66 36 186 63 184 65 137]:0xc000dbeff0 [72 226 103 235 54 29 1]:0xc000d7dc20 [73 175 255 140 77 113 13]:0xc000dbf1d0 [76 65 53 156 149 147 70]:0xc000d84000 [83 130 5 161 202 221 54]:0xc000d844b0 [86 101 111 194 104 154 209]:0xc000dbf770 [92 66 252 53 148 138 213]:0xc000dbeb40 [99 8 66 45 227 207 103]:0xc000d7d860 [99 40 144 246 228 248 56]:0xc000d84a50 [100 229 227 45 120 126 196]:0xc000dbec30 [102 75 250 11 253 125 154]:0xc000d85950 [102 105 128 150 119 71 152]:0xc000d84870 [102 181 226 2 183 40 167]:0xc000dbe1e0 [103 201 236 92 175 50 138]:0xc000dbe3c0 [116 63 5 46 45 4 193]:0xc000dbf590 [134 21 248 91 62 228 39]:0xc000dbe4b0 [136 114 150 90 191 49 231]:0xc000dbed20 [138 59 71 40 40 22 169]:0xc000d850e0 [143 220 232 224 76 231 18]:0xc000dbef00 [147 22 189 87 84 187 91]:0xc000d84d20 [149 69 104 163 40 137 16]:0xc000dc43c0 [153 220 79 101 246 206 152]:0xc000dbe870 [160 39 97 91 171 26 17]:0xc000dbe0f0 [161 92 237 242 173 146 20]:0xc000d7da40 [165 242 194 96 232 212 255]:0xc000d853b0 [171 92 48 223 153 248 163]:0xc000d851d0 [172 38 121 22 36 222 100]:0xc000dbfef0 [176 105 242 108 220 31 176]:0xc000d84780 [179 146 171 83 96 112 184]:0xc000dbf3b0 [180 73 174 34 193 247 226]:0xc000dc41e0 [186 219 187 92 128 129 13]:0xc000d7def0 [191 129 227 90 156 227 226]:0xc000dbe5a0 [197 54 218 139 33 52 124]:0xc000d85590 [197 166 235 142 55 140 157]:0xc000d852c0 [210 168 149 143 48 167 145]:0xc000d7d950 [227 171 230 134 89 58 16]:0xc000dbee10 [228 62 31 146 29 46 78]:0xc000d7de00 [247 34 218 84 58 236 112]:0xc000d85680 [247 147 122 180 45 97 78]:0xc000d842d0 [248 204 234 235 90 233 135]:0xc000dc40f0 [252 222 231 148 120 169 196]:0xc000d85e00] map[alias/MsgAliasUpdate:0xc000dbf590 asset/BaseToken:0xc000d85e00 asset/MsgAddTokenWhitelist:0xc000dbe5a0 asset/MsgBurnToken:0xc000dbe2d0 asset/MsgForbidAddr:0xc000dbe780 asset/MsgForbidToken:0xc000dbe3c0 asset/MsgIssueToken:0xc000dbe000 asset/MsgMintToken:0xc000dbe1e0 asset/MsgModifyTokenInfo:0xc000dbe960 asset/MsgRemoveTokenWhitelist:0xc000dbe690 asset/MsgTransferOwnership:0xc000dbe0f0 asset/MsgUnForbidAddr:0xc000dbe870 asset/MsgUnForbidToken:0xc000dbe4b0 authx/AccountX:0xc000d84870 bancorlite/MsgBancorCancel:0xc000d7da40 bancorlite/MsgBancorInit:0xc000d7d860 bancorlite/MsgBancorTrade:0xc000d7d950 bankx/MsgMultiSend:0xc000d853b0 bankx/MsgSend:0xc000d852c0 bankx/MsgSetMemoRequired:0xc000d851d0 bankx/MsgSupervisedSend:0xc000d854a0 comment/MsgCommentToken:0xc000d84780 cosmos-sdk/Account:0xc000d84a50 cosmos-sdk/BaseVestingAccount:0xc000d84d20 cosmos-sdk/CommunityPoolSpendProposal:0xc000dbf4a0 cosmos-sdk/ContinuousVestingAccount:0xc000d84e10 cosmos-sdk/DelayedVestingAccount:0xc000d84ff0 cosmos-sdk/ModuleAccount:0xc000d85950 cosmos-sdk/MsgBeginRedelegate:0xc000d84000 cosmos-sdk/MsgCreateValidator:0xc000d7dc20 cosmos-sdk/MsgDelegate:0xc000d7de00 cosmos-sdk/MsgDeposit:0xc000d843c0 cosmos-sdk/MsgEditValidator:0xc000d7dd10 cosmos-sdk/MsgModifyWithdrawAddress:0xc000dbf3b0 cosmos-sdk/MsgMultiSend:0xc000dbf770 cosmos-sdk/MsgSend:0xc000dbf680 cosmos-sdk/MsgSubmitProposal:0xc000d842d0 cosmos-sdk/MsgUndelegate:0xc000d7def0 cosmos-sdk/MsgUnjail:0xc000d85680 cosmos-sdk/MsgVerifyInvariant:0xc000d85590 cosmos-sdk/MsgVote:0xc000d844b0 cosmos-sdk/MsgWithdrawDelegationReward:0xc000dbf1d0 cosmos-sdk/MsgWithdrawValidatorCommission:0xc000dbf2c0 cosmos-sdk/ParameterChangeProposal:0xc000d7d770 cosmos-sdk/SoftwareUpgradeProposal:0xc000d84690 cosmos-sdk/StdTx:0xc000d850e0 cosmos-sdk/Supply:0xc000d85b30 cosmos-sdk/TextProposal:0xc000d845a0 distrx/MsgDonateToCommunityPool:0xc000d7db30 incentive/state:0xc000dbea50 market/MsgCancelOrder:0xc000dbef00 market/MsgCancelTradingPair:0xc000dbeff0 market/MsgCreateOrder:0xc000dbee10 market/MsgCreateTradingPair:0xc000dbed20 market/MsgModifyPricePrecision:0xc000dbf0e0 market/Order:0xc000dbeb40 market/TradingPair:0xc000dbec30 tendermint/PrivKeyEd25519:0xc000dc43c0 tendermint/PrivKeySecp256k1:0xc000dc45a0 tendermint/PubKeyEd25519:0xc000dbfef0 tendermint/PubKeyMultisigThreshold:0xc000dc41e0 tendermint/PubKeySecp256k1:0xc000dc40f0]}
cdc : &{true 0xc000a0eb60 0xc000a0eb60}
cdc.cdc : &{{{0 0} 0 0 0 0} false map[0x4cfe500:0xc000e6bb30 0x4d89be0:0xc000e6ae10 0x4d9a060:0xc000e28000 0x4da9160:0xc000e6b4a0 0x4dabe60:0xc000e6aff0 0x4db7a40:0xc000e6ac30 0x4dc05a0:0xc000e20e10 0x4dc3ac0:0xc000e6a5a0 0x4ddc520:0xc000e6b770 0x4de3140:0xc000e6b590 0x4df0000:0xc000e6b2c0 0x4dfa080:0xc000e6b0e0 0x4e15bc0:0xc000e29d10 0x4e22ce0:0xc000e28f00 0x4e29dc0:0xc000e20c30 0x4e2b800:0xc000e6b3b0 0x4e2c7c0:0xc000e29c20 0x4e38300:0xc000e210e0 0x4e3bda0:0xc000e20d20 0x4e3c580:0xc000e28960 0x4e3c900:0xc000e28ff0 0x4e3c9e0:0xc000e294a0 0x4e3da80:0xc000e21950 0x4e3de00:0xc000e28e10 0x4e3dee0:0xc000e28780 0x4e3e180:0xc000e28d20 0x4e3e500:0xc000e284b0 0x4e3edc0:0xc000e21a40 0x4e40060:0xc000e281e0 0x4e42c60:0xc000e6aa50 0x4e43160:0xc000e6ab40 0x4e4b960:0xc000e285a0 0x4e4bb60:0xc000e21c20 0x4e4c260:0xc000e21860 0x4e4c660:0xc000e21e00 0x4e4d160:0xc000e21b30 0x4e4d560:0xc000e21770 0x4e4e160:0xc000e29770 0x4e4e360:0xc000e21d10 0x4e4ee60:0xc000e28c30 0x4e4ef60:0xc000e29860 0x4e4f760:0xc000e28690 0x4e4fd60:0xc000e21680 0x4e51200:0xc000e6a870 0x4e53840:0xc000e6a960 0x4e55220:0xc000e6a000 0x4e558e0:0xc000e29a40 0x4e55fa0:0xc000e20b40 0x4e560c0:0xc000e293b0 0x4e56540:0xc000e6a780 0x4e595a0:0xc000e28870 0x4e59c60:0xc000e28b40 0x4e59ea0:0xc000e6a4b0 0x4e5a200:0xc000e29950 0x4e5d260:0xc000e29ef0 0x4e60860:0xc000e290e0 0x4e6e220:0xc000e21ef0 0x4e80060:0xc000e29680 0x4e860a0:0xc000e282d0 0x4e8a440:0xc000e292c0 0x4e8d880:0xc000e212c0 0x4e8ee80:0xc000e29b30 0x4e90060:0xc000e28a50 0x4e93640:0xc000e29590 0x4e9a3c0:0xc000e291d0 0x4ea3d80:0xc000e20f00 0x4ea6400:0xc000e283c0 0x4ea7580:0xc000e21590 0x4eb8fa0:0xc000e6a3c0 0x4ebd6e0:0xc000e6a1e0 0x4ebde60:0xc000e280f0 0x4ebea00:0xc000e6a0f0 0x4ed4980:0xc000e213b0] [0xc000e20d20 0xc000e20e10 0xc000e212c0 0xc000e29d10 0xc000e6a000 0xc000e6a5a0 0xc000e6ac30 0xc000e6ae10 0xc000e6aff0 0xc000e6b4a0] [0xc000e20b40 0xc000e20c30 0xc000e20f00 0xc000e210e0 0xc000e213b0 0xc000e21590 0xc000e21680 0xc000e21770 0xc000e21860 0xc000e21950 0xc000e21a40 0xc000e21b30 0xc000e21c20 0xc000e21d10 0xc000e21e00 0xc000e21ef0 0xc000e28000 0xc000e280f0 0xc000e281e0 0xc000e282d0 0xc000e283c0 0xc000e284b0 0xc000e285a0 0xc000e28690 0xc000e28780 0xc000e28870 0xc000e28960 0xc000e28a50 0xc000e28b40 0xc000e28c30 0xc000e28d20 0xc000e28e10 0xc000e28f00 0xc000e28ff0 0xc000e290e0 0xc000e291d0 0xc000e292c0 0xc000e293b0 0xc000e294a0 0xc000e29590 0xc000e29680 0xc000e29770 0xc000e29860 0xc000e29950 0xc000e29a40 0xc000e29b30 0xc000e29c20 0xc000e29ef0 0xc000e6a0f0 0xc000e6a1e0 0xc000e6a3c0 0xc000e6a4b0 0xc000e6a780 0xc000e6a870 0xc000e6a960 0xc000e6aa50 0xc000e6ab40 0xc000e6b0e0 0xc000e6b2c0 0xc000e6b3b0 0xc000e6b590 0xc000e6b770] map[[1 158 130 225 176 247 155]:0xc000e6b770 [14 26 29 233 120 159 45]:0xc000e28000 [14 46 192 108 210 143 8]:0xc000e21590 [14 235 32 174 83 221 207]:0xc000e21ef0 [17 25 160 161 138 86 229]:0xc000e6a870 [17 228 129 192 94 162 80]:0xc000e28a50 [20 170 113 123 236 61 213]:0xc000e6ab40 [24 209 55 32 58 59 26]:0xc000e294a0 [28 40 138 98 251 120 15]:0xc000e6a3c0 [35 146 198 212 41 117 199]:0xc000e21860 [38 143 1 176 71 128 20]:0xc000e21d10 [41 131 72 168 163 97 154]:0xc000e28c30 [43 72 167 230 129 120 7]:0xc000e290e0 [48 169 63 53 162 95 124]:0xc000e210e0 [50 69 144 205 50 116 179]:0xc000e28f00 [53 57 90 75 234 240 121]:0xc000e6aa50 [55 55 215 185 248 49 171]:0xc000e29a40 [56 220 112 194 232 188 205]:0xc000e29680 [58 188 213 44 75 37 255]:0xc000e28690 [59 211 135 162 61 54 184]:0xc000e6a1e0 [63 33 145 189 33 53 241]:0xc000e21c20 [66 36 186 63 184 65 137]:0xc000e285a0 [72 226 103 235 54 29 1]:0xc000e29590 [73 175 255 140 77 113 13]:0xc000e28e10 [76 65 53 156 149 147 70]:0xc000e29950 [83 130 5 161 202 221 54]:0xc000e6a960 [86 101 111 194 104 154 209]:0xc000e28d20 [92 66 252 53 148 138 213]:0xc000e280f0 [99 8 66 45 227 207 103]:0xc000e291d0 [99 40 144 246 228 248 56]:0xc000e29ef0 [100 229 227 45 120 126 196]:0xc000e281e0 [102 75 250 11 253 125 154]:0xc000e20f00 [102 105 128 150 119 71 152]:0xc000e29c20 [102 181 226 2 183 40 167]:0xc000e21770 [103 201 236 92 175 50 138]:0xc000e21950 [116 63 5 46 45 4 193]:0xc000e28b40 [134 21 248 91 62 228 39]:0xc000e21a40 [136 114 150 90 191 49 231]:0xc000e282d0 [138 59 71 40 40 22 169]:0xc000e6a4b0 [143 220 232 224 76 231 18]:0xc000e284b0 [147 22 189 87 84 187 91]:0xc000e6a0f0 [149 69 104 163 40 137 16]:0xc000e6b590 [153 220 79 101 246 206 152]:0xc000e21e00 [160 39 97 91 171 26 17]:0xc000e21680 [161 92 237 242 173 146 20]:0xc000e293b0 [165 242 194 96 232 212 255]:0xc000e28960 [171 92 48 223 153 248 163]:0xc000e28780 [172 38 121 22 36 222 100]:0xc000e6b0e0 [176 105 242 108 220 31 176]:0xc000e29b30 [179 146 171 83 96 112 184]:0xc000e28ff0 [180 73 174 34 193 247 226]:0xc000e6b3b0 [186 219 187 92 128 129 13]:0xc000e29860 [191 129 227 90 156 227 226]:0xc000e21b30 [197 54 218 139 33 52 124]:0xc000e20b40 [197 166 235 142 55 140 157]:0xc000e28870 [210 168 149 143 48 167 145]:0xc000e292c0 [227 171 230 134 89 58 16]:0xc000e283c0 [228 62 31 146 29 46 78]:0xc000e29770 [247 34 218 84 58 236 112]:0xc000e20c30 [247 147 122 180 45 97 78]:0xc000e6a780 [248 204 234 235 90 233 135]:0xc000e6b2c0 [252 222 231 148 120 169 196]:0xc000e213b0] map[alias/MsgAliasUpdate:0xc000e28b40 asset/BaseToken:0xc000e213b0 asset/MsgAddTokenWhitelist:0xc000e21b30 asset/MsgBurnToken:0xc000e21860 asset/MsgForbidAddr:0xc000e21d10 asset/MsgForbidToken:0xc000e21950 asset/MsgIssueToken:0xc000e21590 asset/MsgMintToken:0xc000e21770 asset/MsgModifyTokenInfo:0xc000e21ef0 asset/MsgRemoveTokenWhitelist:0xc000e21c20 asset/MsgTransferOwnership:0xc000e21680 asset/MsgUnForbidAddr:0xc000e21e00 asset/MsgUnForbidToken:0xc000e21a40 authx/AccountX:0xc000e29c20 bancorlite/MsgBancorCancel:0xc000e293b0 bancorlite/MsgBancorInit:0xc000e291d0 bancorlite/MsgBancorTrade:0xc000e292c0 bankx/MsgMultiSend:0xc000e28960 bankx/MsgSend:0xc000e28870 bankx/MsgSetMemoRequired:0xc000e28780 bankx/MsgSupervisedSend:0xc000e28a50 comment/MsgCommentToken:0xc000e29b30 cosmos-sdk/Account:0xc000e29ef0 cosmos-sdk/BaseVestingAccount:0xc000e6a0f0 cosmos-sdk/CommunityPoolSpendProposal:0xc000e290e0 cosmos-sdk/ContinuousVestingAccount:0xc000e6a1e0 cosmos-sdk/DelayedVestingAccount:0xc000e6a3c0 cosmos-sdk/ModuleAccount:0xc000e20f00 cosmos-sdk/MsgBeginRedelegate:0xc000e29950 cosmos-sdk/MsgCreateValidator:0xc000e29590 cosmos-sdk/MsgDelegate:0xc000e29770 cosmos-sdk/MsgDeposit:0xc000e6a870 cosmos-sdk/MsgEditValidator:0xc000e29680 cosmos-sdk/MsgModifyWithdrawAddress:0xc000e28ff0 cosmos-sdk/MsgMultiSend:0xc000e28d20 cosmos-sdk/MsgSend:0xc000e28c30 cosmos-sdk/MsgSubmitProposal:0xc000e6a780 cosmos-sdk/MsgUndelegate:0xc000e29860 cosmos-sdk/MsgUnjail:0xc000e20c30 cosmos-sdk/MsgVerifyInvariant:0xc000e20b40 cosmos-sdk/MsgVote:0xc000e6a960 cosmos-sdk/MsgWithdrawDelegationReward:0xc000e28e10 cosmos-sdk/MsgWithdrawValidatorCommission:0xc000e28f00 cosmos-sdk/ParameterChangeProposal:0xc000e29a40 cosmos-sdk/SoftwareUpgradeProposal:0xc000e6ab40 cosmos-sdk/StdTx:0xc000e6a4b0 cosmos-sdk/Supply:0xc000e210e0 cosmos-sdk/TextProposal:0xc000e6aa50 distrx/MsgDonateToCommunityPool:0xc000e294a0 incentive/state:0xc000e28000 market/MsgCancelOrder:0xc000e284b0 market/MsgCancelTradingPair:0xc000e285a0 market/MsgCreateOrder:0xc000e283c0 market/MsgCreateTradingPair:0xc000e282d0 market/MsgModifyPricePrecision:0xc000e28690 market/Order:0xc000e280f0 market/TradingPair:0xc000e281e0 tendermint/PrivKeyEd25519:0xc000e6b590 tendermint/PrivKeySecp256k1:0xc000e6b770 tendermint/PubKeyEd25519:0xc000e6b0e0 tendermint/PubKeyMultisigThreshold:0xc000e6b3b0 tendermint/PubKeySecp256k1:0xc000e6b2c0]}
cdc : &{true 0xc000a0eb60 0xc000a0eb60}
cdc.cdc : &{{{0 0} 0 0 0 0} false map[0x4cfe500:0xc000e6bb30 0x4d89be0:0xc000e6ae10 0x4d9a060:0xc000e28000 0x4da9160:0xc000e6b4a0 0x4dabe60:0xc000e6aff0 0x4db7a40:0xc000e6ac30 0x4dc05a0:0xc000e20e10 0x4dc3ac0:0xc000e6a5a0 0x4ddc520:0xc000e6b770 0x4de3140:0xc000e6b590 0x4df0000:0xc000e6b2c0 0x4dfa080:0xc000e6b0e0 0x4e15bc0:0xc000e29d10 0x4e22ce0:0xc000e28f00 0x4e29dc0:0xc000e20c30 0x4e2b800:0xc000e6b3b0 0x4e2c7c0:0xc000e29c20 0x4e38300:0xc000e210e0 0x4e3bda0:0xc000e20d20 0x4e3c580:0xc000e28960 0x4e3c900:0xc000e28ff0 0x4e3c9e0:0xc000e294a0 0x4e3da80:0xc000e21950 0x4e3de00:0xc000e28e10 0x4e3dee0:0xc000e28780 0x4e3e180:0xc000e28d20 0x4e3e500:0xc000e284b0 0x4e3edc0:0xc000e21a40 0x4e40060:0xc000e281e0 0x4e42c60:0xc000e6aa50 0x4e43160:0xc000e6ab40 0x4e4b960:0xc000e285a0 0x4e4bb60:0xc000e21c20 0x4e4c260:0xc000e21860 0x4e4c660:0xc000e21e00 0x4e4d160:0xc000e21b30 0x4e4d560:0xc000e21770 0x4e4e160:0xc000e29770 0x4e4e360:0xc000e21d10 0x4e4ee60:0xc000e28c30 0x4e4ef60:0xc000e29860 0x4e4f760:0xc000e28690 0x4e4fd60:0xc000e21680 0x4e51200:0xc000e6a870 0x4e53840:0xc000e6a960 0x4e55220:0xc000e6a000 0x4e558e0:0xc000e29a40 0x4e55fa0:0xc000e20b40 0x4e560c0:0xc000e293b0 0x4e56540:0xc000e6a780 0x4e595a0:0xc000e28870 0x4e59c60:0xc000e28b40 0x4e59ea0:0xc000e6a4b0 0x4e5a200:0xc000e29950 0x4e5d260:0xc000e29ef0 0x4e60860:0xc000e290e0 0x4e6e220:0xc000e21ef0 0x4e80060:0xc000e29680 0x4e860a0:0xc000e282d0 0x4e8a440:0xc000e292c0 0x4e8d880:0xc000e212c0 0x4e8ee80:0xc000e29b30 0x4e90060:0xc000e28a50 0x4e93640:0xc000e29590 0x4e9a3c0:0xc000e291d0 0x4ea3d80:0xc000e20f00 0x4ea6400:0xc000e283c0 0x4ea7580:0xc000e21590 0x4eb8fa0:0xc000e6a3c0 0x4ebd6e0:0xc000e6a1e0 0x4ebde60:0xc000e280f0 0x4ebea00:0xc000e6a0f0 0x4ed4980:0xc000e213b0] [0xc000e20d20 0xc000e20e10 0xc000e212c0 0xc000e29d10 0xc000e6a000 0xc000e6a5a0 0xc000e6ac30 0xc000e6ae10 0xc000e6aff0 0xc000e6b4a0] [0xc000e20b40 0xc000e20c30 0xc000e20f00 0xc000e210e0 0xc000e213b0 0xc000e21590 0xc000e21680 0xc000e21770 0xc000e21860 0xc000e21950 0xc000e21a40 0xc000e21b30 0xc000e21c20 0xc000e21d10 0xc000e21e00 0xc000e21ef0 0xc000e28000 0xc000e280f0 0xc000e281e0 0xc000e282d0 0xc000e283c0 0xc000e284b0 0xc000e285a0 0xc000e28690 0xc000e28780 0xc000e28870 0xc000e28960 0xc000e28a50 0xc000e28b40 0xc000e28c30 0xc000e28d20 0xc000e28e10 0xc000e28f00 0xc000e28ff0 0xc000e290e0 0xc000e291d0 0xc000e292c0 0xc000e293b0 0xc000e294a0 0xc000e29590 0xc000e29680 0xc000e29770 0xc000e29860 0xc000e29950 0xc000e29a40 0xc000e29b30 0xc000e29c20 0xc000e29ef0 0xc000e6a0f0 0xc000e6a1e0 0xc000e6a3c0 0xc000e6a4b0 0xc000e6a780 0xc000e6a870 0xc000e6a960 0xc000e6aa50 0xc000e6ab40 0xc000e6b0e0 0xc000e6b2c0 0xc000e6b3b0 0xc000e6b590 0xc000e6b770] map[[1 158 130 225 176 247 155]:0xc000e6b770 [14 26 29 233 120 159 45]:0xc000e28000 [14 46 192 108 210 143 8]:0xc000e21590 [14 235 32 174 83 221 207]:0xc000e21ef0 [17 25 160 161 138 86 229]:0xc000e6a870 [17 228 129 192 94 162 80]:0xc000e28a50 [20 170 113 123 236 61 213]:0xc000e6ab40 [24 209 55 32 58 59 26]:0xc000e294a0 [28 40 138 98 251 120 15]:0xc000e6a3c0 [35 146 198 212 41 117 199]:0xc000e21860 [38 143 1 176 71 128 20]:0xc000e21d10 [41 131 72 168 163 97 154]:0xc000e28c30 [43 72 167 230 129 120 7]:0xc000e290e0 [48 169 63 53 162 95 124]:0xc000e210e0 [50 69 144 205 50 116 179]:0xc000e28f00 [53 57 90 75 234 240 121]:0xc000e6aa50 [55 55 215 185 248 49 171]:0xc000e29a40 [56 220 112 194 232 188 205]:0xc000e29680 [58 188 213 44 75 37 255]:0xc000e28690 [59 211 135 162 61 54 184]:0xc000e6a1e0 [63 33 145 189 33 53 241]:0xc000e21c20 [66 36 186 63 184 65 137]:0xc000e285a0 [72 226 103 235 54 29 1]:0xc000e29590 [73 175 255 140 77 113 13]:0xc000e28e10 [76 65 53 156 149 147 70]:0xc000e29950 [83 130 5 161 202 221 54]:0xc000e6a960 [86 101 111 194 104 154 209]:0xc000e28d20 [92 66 252 53 148 138 213]:0xc000e280f0 [99 8 66 45 227 207 103]:0xc000e291d0 [99 40 144 246 228 248 56]:0xc000e29ef0 [100 229 227 45 120 126 196]:0xc000e281e0 [102 75 250 11 253 125 154]:0xc000e20f00 [102 105 128 150 119 71 152]:0xc000e29c20 [102 181 226 2 183 40 167]:0xc000e21770 [103 201 236 92 175 50 138]:0xc000e21950 [116 63 5 46 45 4 193]:0xc000e28b40 [134 21 248 91 62 228 39]:0xc000e21a40 [136 114 150 90 191 49 231]:0xc000e282d0 [138 59 71 40 40 22 169]:0xc000e6a4b0 [143 220 232 224 76 231 18]:0xc000e284b0 [147 22 189 87 84 187 91]:0xc000e6a0f0 [149 69 104 163 40 137 16]:0xc000e6b590 [153 220 79 101 246 206 152]:0xc000e21e00 [160 39 97 91 171 26 17]:0xc000e21680 [161 92 237 242 173 146 20]:0xc000e293b0 [165 242 194 96 232 212 255]:0xc000e28960 [171 92 48 223 153 248 163]:0xc000e28780 [172 38 121 22 36 222 100]:0xc000e6b0e0 [176 105 242 108 220 31 176]:0xc000e29b30 [179 146 171 83 96 112 184]:0xc000e28ff0 [180 73 174 34 193 247 226]:0xc000e6b3b0 [186 219 187 92 128 129 13]:0xc000e29860 [191 129 227 90 156 227 226]:0xc000e21b30 [197 54 218 139 33 52 124]:0xc000e20b40 [197 166 235 142 55 140 157]:0xc000e28870 [210 168 149 143 48 167 145]:0xc000e292c0 [227 171 230 134 89 58 16]:0xc000e283c0 [228 62 31 146 29 46 78]:0xc000e29770 [247 34 218 84 58 236 112]:0xc000e20c30 [247 147 122 180 45 97 78]:0xc000e6a780 [248 204 234 235 90 233 135]:0xc000e6b2c0 [252 222 231 148 120 169 196]:0xc000e213b0] map[alias/MsgAliasUpdate:0xc000e28b40 asset/BaseToken:0xc000e213b0 asset/MsgAddTokenWhitelist:0xc000e21b30 asset/MsgBurnToken:0xc000e21860 asset/MsgForbidAddr:0xc000e21d10 asset/MsgForbidToken:0xc000e21950 asset/MsgIssueToken:0xc000e21590 asset/MsgMintToken:0xc000e21770 asset/MsgModifyTokenInfo:0xc000e21ef0 asset/MsgRemoveTokenWhitelist:0xc000e21c20 asset/MsgTransferOwnership:0xc000e21680 asset/MsgUnForbidAddr:0xc000e21e00 asset/MsgUnForbidToken:0xc000e21a40 authx/AccountX:0xc000e29c20 bancorlite/MsgBancorCancel:0xc000e293b0 bancorlite/MsgBancorInit:0xc000e291d0 bancorlite/MsgBancorTrade:0xc000e292c0 bankx/MsgMultiSend:0xc000e28960 bankx/MsgSend:0xc000e28870 bankx/MsgSetMemoRequired:0xc000e28780 bankx/MsgSupervisedSend:0xc000e28a50 comment/MsgCommentToken:0xc000e29b30 cosmos-sdk/Account:0xc000e29ef0 cosmos-sdk/BaseVestingAccount:0xc000e6a0f0 cosmos-sdk/CommunityPoolSpendProposal:0xc000e290e0 cosmos-sdk/ContinuousVestingAccount:0xc000e6a1e0 cosmos-sdk/DelayedVestingAccount:0xc000e6a3c0 cosmos-sdk/ModuleAccount:0xc000e20f00 cosmos-sdk/MsgBeginRedelegate:0xc000e29950 cosmos-sdk/MsgCreateValidator:0xc000e29590 cosmos-sdk/MsgDelegate:0xc000e29770 cosmos-sdk/MsgDeposit:0xc000e6a870 cosmos-sdk/MsgEditValidator:0xc000e29680 cosmos-sdk/MsgModifyWithdrawAddress:0xc000e28ff0 cosmos-sdk/MsgMultiSend:0xc000e28d20 cosmos-sdk/MsgSend:0xc000e28c30 cosmos-sdk/MsgSubmitProposal:0xc000e6a780 cosmos-sdk/MsgUndelegate:0xc000e29860 cosmos-sdk/MsgUnjail:0xc000e20c30 cosmos-sdk/MsgVerifyInvariant:0xc000e20b40 cosmos-sdk/MsgVote:0xc000e6a960 cosmos-sdk/MsgWithdrawDelegationReward:0xc000e28e10 cosmos-sdk/MsgWithdrawValidatorCommission:0xc000e28f00 cosmos-sdk/ParameterChangeProposal:0xc000e29a40 cosmos-sdk/SoftwareUpgradeProposal:0xc000e6ab40 cosmos-sdk/StdTx:0xc000e6a4b0 cosmos-sdk/Supply:0xc000e210e0 cosmos-sdk/TextProposal:0xc000e6aa50 distrx/MsgDonateToCommunityPool:0xc000e294a0 incentive/state:0xc000e28000 market/MsgCancelOrder:0xc000e284b0 market/MsgCancelTradingPair:0xc000e285a0 market/MsgCreateOrder:0xc000e283c0 market/MsgCreateTradingPair:0xc000e282d0 market/MsgModifyPricePrecision:0xc000e28690 market/Order:0xc000e280f0 market/TradingPair:0xc000e281e0 tendermint/PrivKeyEd25519:0xc000e6b590 tendermint/PrivKeySecp256k1:0xc000e6b770 tendermint/PubKeyEd25519:0xc000e6b0e0 tendermint/PubKeyMultisigThreshold:0xc000e6b3b0 tendermint/PubKeySecp256k1:0xc000e6b2c0]}
cdc : &{true 0xc000a0eb60 0xc000a0eb60}
cdc.cdc : &{{{0 0} 0 0 0 0} false map[0x4cfe500:0xc000e6bb30 0x4d89be0:0xc000e6ae10 0x4d9a060:0xc000e28000 0x4da9160:0xc000e6b4a0 0x4dabe60:0xc000e6aff0 0x4db7a40:0xc000e6ac30 0x4dc05a0:0xc000e20e10 0x4dc3ac0:0xc000e6a5a0 0x4ddc520:0xc000e6b770 0x4de3140:0xc000e6b590 0x4df0000:0xc000e6b2c0 0x4dfa080:0xc000e6b0e0 0x4e15bc0:0xc000e29d10 0x4e22ce0:0xc000e28f00 0x4e29dc0:0xc000e20c30 0x4e2b800:0xc000e6b3b0 0x4e2c7c0:0xc000e29c20 0x4e38300:0xc000e210e0 0x4e3bda0:0xc000e20d20 0x4e3c580:0xc000e28960 0x4e3c900:0xc000e28ff0 0x4e3c9e0:0xc000e294a0 0x4e3da80:0xc000e21950 0x4e3de00:0xc000e28e10 0x4e3dee0:0xc000e28780 0x4e3e180:0xc000e28d20 0x4e3e500:0xc000e284b0 0x4e3edc0:0xc000e21a40 0x4e40060:0xc000e281e0 0x4e42c60:0xc000e6aa50 0x4e43160:0xc000e6ab40 0x4e4b960:0xc000e285a0 0x4e4bb60:0xc000e21c20 0x4e4c260:0xc000e21860 0x4e4c660:0xc000e21e00 0x4e4d160:0xc000e21b30 0x4e4d560:0xc000e21770 0x4e4e160:0xc000e29770 0x4e4e360:0xc000e21d10 0x4e4ee60:0xc000e28c30 0x4e4ef60:0xc000e29860 0x4e4f760:0xc000e28690 0x4e4fd60:0xc000e21680 0x4e51200:0xc000e6a870 0x4e53840:0xc000e6a960 0x4e55220:0xc000e6a000 0x4e558e0:0xc000e29a40 0x4e55fa0:0xc000e20b40 0x4e560c0:0xc000e293b0 0x4e56540:0xc000e6a780 0x4e595a0:0xc000e28870 0x4e59c60:0xc000e28b40 0x4e59ea0:0xc000e6a4b0 0x4e5a200:0xc000e29950 0x4e5d260:0xc000e29ef0 0x4e60860:0xc000e290e0 0x4e6e220:0xc000e21ef0 0x4e80060:0xc000e29680 0x4e860a0:0xc000e282d0 0x4e8a440:0xc000e292c0 0x4e8d880:0xc000e212c0 0x4e8ee80:0xc000e29b30 0x4e90060:0xc000e28a50 0x4e93640:0xc000e29590 0x4e9a3c0:0xc000e291d0 0x4ea3d80:0xc000e20f00 0x4ea6400:0xc000e283c0 0x4ea7580:0xc000e21590 0x4eb8fa0:0xc000e6a3c0 0x4ebd6e0:0xc000e6a1e0 0x4ebde60:0xc000e280f0 0x4ebea00:0xc000e6a0f0 0x4ed4980:0xc000e213b0] [0xc000e20d20 0xc000e20e10 0xc000e212c0 0xc000e29d10 0xc000e6a000 0xc000e6a5a0 0xc000e6ac30 0xc000e6ae10 0xc000e6aff0 0xc000e6b4a0] [0xc000e20b40 0xc000e20c30 0xc000e20f00 0xc000e210e0 0xc000e213b0 0xc000e21590 0xc000e21680 0xc000e21770 0xc000e21860 0xc000e21950 0xc000e21a40 0xc000e21b30 0xc000e21c20 0xc000e21d10 0xc000e21e00 0xc000e21ef0 0xc000e28000 0xc000e280f0 0xc000e281e0 0xc000e282d0 0xc000e283c0 0xc000e284b0 0xc000e285a0 0xc000e28690 0xc000e28780 0xc000e28870 0xc000e28960 0xc000e28a50 0xc000e28b40 0xc000e28c30 0xc000e28d20 0xc000e28e10 0xc000e28f00 0xc000e28ff0 0xc000e290e0 0xc000e291d0 0xc000e292c0 0xc000e293b0 0xc000e294a0 0xc000e29590 0xc000e29680 0xc000e29770 0xc000e29860 0xc000e29950 0xc000e29a40 0xc000e29b30 0xc000e29c20 0xc000e29ef0 0xc000e6a0f0 0xc000e6a1e0 0xc000e6a3c0 0xc000e6a4b0 0xc000e6a780 0xc000e6a870 0xc000e6a960 0xc000e6aa50 0xc000e6ab40 0xc000e6b0e0 0xc000e6b2c0 0xc000e6b3b0 0xc000e6b590 0xc000e6b770] map[[1 158 130 225 176 247 155]:0xc000e6b770 [14 26 29 233 120 159 45]:0xc000e28000 [14 46 192 108 210 143 8]:0xc000e21590 [14 235 32 174 83 221 207]:0xc000e21ef0 [17 25 160 161 138 86 229]:0xc000e6a870 [17 228 129 192 94 162 80]:0xc000e28a50 [20 170 113 123 236 61 213]:0xc000e6ab40 [24 209 55 32 58 59 26]:0xc000e294a0 [28 40 138 98 251 120 15]:0xc000e6a3c0 [35 146 198 212 41 117 199]:0xc000e21860 [38 143 1 176 71 128 20]:0xc000e21d10 [41 131 72 168 163 97 154]:0xc000e28c30 [43 72 167 230 129 120 7]:0xc000e290e0 [48 169 63 53 162 95 124]:0xc000e210e0 [50 69 144 205 50 116 179]:0xc000e28f00 [53 57 90 75 234 240 121]:0xc000e6aa50 [55 55 215 185 248 49 171]:0xc000e29a40 [56 220 112 194 232 188 205]:0xc000e29680 [58 188 213 44 75 37 255]:0xc000e28690 [59 211 135 162 61 54 184]:0xc000e6a1e0 [63 33 145 189 33 53 241]:0xc000e21c20 [66 36 186 63 184 65 137]:0xc000e285a0 [72 226 103 235 54 29 1]:0xc000e29590 [73 175 255 140 77 113 13]:0xc000e28e10 [76 65 53 156 149 147 70]:0xc000e29950 [83 130 5 161 202 221 54]:0xc000e6a960 [86 101 111 194 104 154 209]:0xc000e28d20 [92 66 252 53 148 138 213]:0xc000e280f0 [99 8 66 45 227 207 103]:0xc000e291d0 [99 40 144 246 228 248 56]:0xc000e29ef0 [100 229 227 45 120 126 196]:0xc000e281e0 [102 75 250 11 253 125 154]:0xc000e20f00 [102 105 128 150 119 71 152]:0xc000e29c20 [102 181 226 2 183 40 167]:0xc000e21770 [103 201 236 92 175 50 138]:0xc000e21950 [116 63 5 46 45 4 193]:0xc000e28b40 [134 21 248 91 62 228 39]:0xc000e21a40 [136 114 150 90 191 49 231]:0xc000e282d0 [138 59 71 40 40 22 169]:0xc000e6a4b0 [143 220 232 224 76 231 18]:0xc000e284b0 [147 22 189 87 84 187 91]:0xc000e6a0f0 [149 69 104 163 40 137 16]:0xc000e6b590 [153 220 79 101 246 206 152]:0xc000e21e00 [160 39 97 91 171 26 17]:0xc000e21680 [161 92 237 242 173 146 20]:0xc000e293b0 [165 242 194 96 232 212 255]:0xc000e28960 [171 92 48 223 153 248 163]:0xc000e28780 [172 38 121 22 36 222 100]:0xc000e6b0e0 [176 105 242 108 220 31 176]:0xc000e29b30 [179 146 171 83 96 112 184]:0xc000e28ff0 [180 73 174 34 193 247 226]:0xc000e6b3b0 [186 219 187 92 128 129 13]:0xc000e29860 [191 129 227 90 156 227 226]:0xc000e21b30 [197 54 218 139 33 52 124]:0xc000e20b40 [197 166 235 142 55 140 157]:0xc000e28870 [210 168 149 143 48 167 145]:0xc000e292c0 [227 171 230 134 89 58 16]:0xc000e283c0 [228 62 31 146 29 46 78]:0xc000e29770 [247 34 218 84 58 236 112]:0xc000e20c30 [247 147 122 180 45 97 78]:0xc000e6a780 [248 204 234 235 90 233 135]:0xc000e6b2c0 [252 222 231 148 120 169 196]:0xc000e213b0] map[alias/MsgAliasUpdate:0xc000e28b40 asset/BaseToken:0xc000e213b0 asset/MsgAddTokenWhitelist:0xc000e21b30 asset/MsgBurnToken:0xc000e21860 asset/MsgForbidAddr:0xc000e21d10 asset/MsgForbidToken:0xc000e21950 asset/MsgIssueToken:0xc000e21590 asset/MsgMintToken:0xc000e21770 asset/MsgModifyTokenInfo:0xc000e21ef0 asset/MsgRemoveTokenWhitelist:0xc000e21c20 asset/MsgTransferOwnership:0xc000e21680 asset/MsgUnForbidAddr:0xc000e21e00 asset/MsgUnForbidToken:0xc000e21a40 authx/AccountX:0xc000e29c20 bancorlite/MsgBancorCancel:0xc000e293b0 bancorlite/MsgBancorInit:0xc000e291d0 bancorlite/MsgBancorTrade:0xc000e292c0 bankx/MsgMultiSend:0xc000e28960 bankx/MsgSend:0xc000e28870 bankx/MsgSetMemoRequired:0xc000e28780 bankx/MsgSupervisedSend:0xc000e28a50 comment/MsgCommentToken:0xc000e29b30 cosmos-sdk/Account:0xc000e29ef0 cosmos-sdk/BaseVestingAccount:0xc000e6a0f0 cosmos-sdk/CommunityPoolSpendProposal:0xc000e290e0 cosmos-sdk/ContinuousVestingAccount:0xc000e6a1e0 cosmos-sdk/DelayedVestingAccount:0xc000e6a3c0 cosmos-sdk/ModuleAccount:0xc000e20f00 cosmos-sdk/MsgBeginRedelegate:0xc000e29950 cosmos-sdk/MsgCreateValidator:0xc000e29590 cosmos-sdk/MsgDelegate:0xc000e29770 cosmos-sdk/MsgDeposit:0xc000e6a870 cosmos-sdk/MsgEditValidator:0xc000e29680 cosmos-sdk/MsgModifyWithdrawAddress:0xc000e28ff0 cosmos-sdk/MsgMultiSend:0xc000e28d20 cosmos-sdk/MsgSend:0xc000e28c30 cosmos-sdk/MsgSubmitProposal:0xc000e6a780 cosmos-sdk/MsgUndelegate:0xc000e29860 cosmos-sdk/MsgUnjail:0xc000e20c30 cosmos-sdk/MsgVerifyInvariant:0xc000e20b40 cosmos-sdk/MsgVote:0xc000e6a960 cosmos-sdk/MsgWithdrawDelegationReward:0xc000e28e10 cosmos-sdk/MsgWithdrawValidatorCommission:0xc000e28f00 cosmos-sdk/ParameterChangeProposal:0xc000e29a40 cosmos-sdk/SoftwareUpgradeProposal:0xc000e6ab40 cosmos-sdk/StdTx:0xc000e6a4b0 cosmos-sdk/Supply:0xc000e210e0 cosmos-sdk/TextProposal:0xc000e6aa50 distrx/MsgDonateToCommunityPool:0xc000e294a0 incentive/state:0xc000e28000 market/MsgCancelOrder:0xc000e284b0 market/MsgCancelTradingPair:0xc000e285a0 market/MsgCreateOrder:0xc000e283c0 market/MsgCreateTradingPair:0xc000e282d0 market/MsgModifyPricePrecision:0xc000e28690 market/Order:0xc000e280f0 market/TradingPair:0xc000e281e0 tendermint/PrivKeyEd25519:0xc000e6b590 tendermint/PrivKeySecp256k1:0xc000e6b770 tendermint/PubKeyEd25519:0xc000e6b0e0 tendermint/PubKeyMultisigThreshold:0xc000e6b3b0 tendermint/PubKeySecp256k1:0xc000e6b2c0]}
--- FAIL: Test_queryParams (0.00s)
panic: runtime error: invalid memory address or nil pointer dereference [recovered]
	panic: runtime error: invalid memory address or nil pointer dereference
[signal SIGSEGV: segmentation violation code=0x1 addr=0x18 pc=0x463ce49]

goroutine 16 [running]:
testing.tRunner.func1(0xc000e22000)
	/usr/local/go/src/testing/testing.go:874 +0x3a3
panic(0x4d712c0, 0x5b19040)
	/usr/local/go/src/runtime/panic.go:679 +0x1b2
github.com/wide-key/wrap-amino.(*Codec).MarshalJSON(...)
	/Users/a/GoNew/src/github.com/wide-key/wrap-amino/amino.go:113
github.com/cosmos/cosmos-sdk/codec.MarshalJSONIndent(0x0, 0x4e149c0, 0xc000e692e0, 0xc000e692e0, 0xc000e5b380, 0xc000e68f00, 0x5, 0x17)
	/Users/a/GoNew/src/github.com/wide-key/cosmos-sdk/codec/codec.go:41 +0x29
github.com/coinexchain/dex/modules/bankx/internal/keeper.queryParameters(0x52c5c60, 0xc0000d6008, 0x52d6c20, 0xc000e60500, 0x0, 0x0, 0x0, 0x0, 0x0, 0x0, ...)
	/Users/a/GoNew/src/github.com/wangkui0508/dex/modules/bankx/internal/keeper/querier.go:37 +0x18b
github.com/coinexchain/dex/modules/bankx/internal/keeper.NewQuerier.func1(0x52c5c60, 0xc0000d6008, 0x52d6c20, 0xc000e60500, 0x0, 0x0, 0x0, 0x0, 0x0, 0x0, ...)
	/Users/a/GoNew/src/github.com/wangkui0508/dex/modules/bankx/internal/keeper/querier.go:25 +0x1a7
github.com/coinexchain/dex/modules/bankx/internal/keeper_test.Test_queryParams(0xc000e22000)
	/Users/a/GoNew/src/github.com/wangkui0508/dex/modules/bankx/internal/keeper/querier_test.go:25 +0x279
testing.tRunner(0xc000e22000, 0x50edeb8)
	/usr/local/go/src/testing/testing.go:909 +0xc9
created by testing.(*T).Run
	/usr/local/go/src/testing/testing.go:960 +0x350
FAIL	github.com/coinexchain/dex/modules/bankx/internal/keeper	0.120s
--- FAIL: TestSetMemoRequiredGetSignBytes (0.00s)
panic: runtime error: invalid memory address or nil pointer dereference [recovered]
	panic: runtime error: invalid memory address or nil pointer dereference
[signal SIGSEGV: segmentation violation code=0x1 addr=0x18 pc=0x13be586]

goroutine 51 [running]:
testing.tRunner.func1(0xc000900e00)
	/usr/local/go/src/testing/testing.go:874 +0x3a3
panic(0x19ac140, 0x24683c0)
	/usr/local/go/src/runtime/panic.go:679 +0x1b2
github.com/wide-key/wrap-amino.(*Codec).MustMarshalJSON(0x0, 0x1a47e40, 0xc0000d0d20, 0xc0000d0d20, 0x0, 0x0)
	/Users/a/GoNew/src/github.com/wide-key/wrap-amino/amino.go:125 +0x26
github.com/coinexchain/dex/modules/bankx/internal/types.MsgSetMemoRequired.GetSignBytes(0xc000037960, 0x14, 0x20, 0x32ca866c983c5901, 0xbb04cc81779d333a, 0x2f37cda9c35ad12f, 0x1fbadb74ae8444f9)
	/Users/a/GoNew/src/github.com/wangkui0508/dex/modules/bankx/internal/types/msgs.go:41 +0x8c
github.com/coinexchain/dex/modules/bankx/internal/types.TestSetMemoRequiredGetSignBytes(0xc000900e00)
	/Users/a/GoNew/src/github.com/wangkui0508/dex/modules/bankx/internal/types/msgs_test.go:47 +0x9a
testing.tRunner(0xc000900e00, 0x1cb6f80)
	/usr/local/go/src/testing/testing.go:909 +0xc9
created by testing.(*T).Run
	/usr/local/go/src/testing/testing.go:960 +0x350
FAIL	github.com/coinexchain/dex/modules/bankx/internal/types	0.093s
?   	github.com/coinexchain/dex/modules/bankx/simulation	[no test files]
ok  	github.com/coinexchain/dex/modules/comment	0.091s
ok  	github.com/coinexchain/dex/modules/comment/client/cli	0.098s
ok  	github.com/coinexchain/dex/modules/comment/client/rest	0.093s
ok  	github.com/coinexchain/dex/modules/comment/internal/keepers	0.098s
ok  	github.com/coinexchain/dex/modules/comment/internal/types	0.118s
?   	github.com/coinexchain/dex/modules/comment/simulation	[no test files]
ok  	github.com/coinexchain/dex/modules/distributionx	0.068s
ok  	github.com/coinexchain/dex/modules/distributionx/client/cli	0.088s
ok  	github.com/coinexchain/dex/modules/distributionx/client/rest	0.090s
?   	github.com/coinexchain/dex/modules/distributionx/simulation	[no test files]
--- FAIL: TestDonateToCommunityPoolGetSignBytes (0.00s)
panic: runtime error: invalid memory address or nil pointer dereference [recovered]
	panic: runtime error: invalid memory address or nil pointer dereference
[signal SIGSEGV: segmentation violation code=0x1 addr=0x18 pc=0x13be586]

goroutine 56 [running]:
testing.tRunner.func1(0xc000475a00)
	/usr/local/go/src/testing/testing.go:874 +0x3a3
panic(0x19a16c0, 0x2450eb0)
	/usr/local/go/src/runtime/panic.go:679 +0x1b2
github.com/wide-key/wrap-amino.(*Codec).MustMarshalJSON(0x0, 0x1a3cc20, 0xc0008c4450, 0xc0008c4450, 0x0, 0x0)
	/Users/a/GoNew/src/github.com/wide-key/wrap-amino/amino.go:125 +0x26
github.com/coinexchain/dex/modules/distributionx/types.MsgDonateToCommunityPool.GetSignBytes(0xc000119260, 0x14, 0x20, 0xc0004b16a0, 0x1, 0x1, 0x1fbadb74ae8444f9, 0x42154bc1, 0x25e242154bc1)
	/Users/a/GoNew/src/github.com/wangkui0508/dex/modules/distributionx/types/msg.go:42 +0x86
github.com/coinexchain/dex/modules/distributionx/types.TestDonateToCommunityPoolGetSignBytes(0xc000475a00)
	/Users/a/GoNew/src/github.com/wangkui0508/dex/modules/distributionx/types/msgs_test.go:52 +0x112
testing.tRunner(0xc000475a00, 0x1cab460)
	/usr/local/go/src/testing/testing.go:909 +0xc9
created by testing.(*T).Run
	/usr/local/go/src/testing/testing.go:960 +0x350
FAIL	github.com/coinexchain/dex/modules/distributionx/types	0.090s
ok  	github.com/coinexchain/dex/modules/incentive	0.065s
ok  	github.com/coinexchain/dex/modules/incentive/client/cli	0.085s
ok  	github.com/coinexchain/dex/modules/incentive/client/rest	0.096s
Here! 111111111111111
cdc : &{true 0xc0008ee000 0xc0008ee000}
cdc.cdc : &{{{0 0} 0 0 0 0} false map[0x4cc0620:0xc000afcff0 0x4cf5de0:0xc000afcf00 0x4d81160:0xc000afc1e0 0x4d915e0:0xc000ae3590 0x4da06e0:0xc000afc870 0x4da33e0:0xc000afc3c0 0x4daef20:0xc000ae3ef0 0x4db7a80:0xc000ae30e0 0x4dbafa0:0xc000ac22d0 0x4dd3a00:0xc000afcb40 0x4dda580:0xc000afc960 0x4de7440:0xc000afc690 0x4df14c0:0xc000afc4b0 0x4e0cf40:0xc000ac3950 0x4e19600:0xc000afd0e0 0x4e1a060:0xc000ae3950 0x4e21140:0xc000ae3770 0x4e22b80:0xc000afc780 0x4e23b40:0xc0009bde00 0x4e2f680:0xc000ae33b0 0x4e33120:0xc000ae2ff0 0x4e33900:0xc000ac20f0 0x4e33c80:0xc000ae3a40 0x4e33d60:0xc000ac3860 0x4e34e00:0xc000ae2960 0x4e35180:0xc000ae3860 0x4e35260:0xc0009bdef0 0x4e35500:0xc000ac2f00 0x4e35880:0xc000ac3590 0x4e36140:0xc000ae2a50 0x4e373e0:0xc000ac32c0 0x4e39fe0:0xc000ac2690 0x4e3a4e0:0xc000ac2870 0x4e42ce0:0xc000ac3680 0x4e42ee0:0xc000ae2c30 0x4e435e0:0xc000ae2870 0x4e439e0:0xc000ae2e10 0x4e444e0:0xc000ae2b40 0x4e448e0:0xc000ae2780 0x4e454e0:0xc000ac2b40 0x4e456e0:0xc000ae2d20 0x4e461e0:0xc000ac2e10 0x4e462e0:0xc000ac2c30 0x4e46ae0:0xc000ac3770 0x4e470e0:0xc000ae2690 0x4e48580:0xc000ac24b0 0x4e4abc0:0xc000ac25a0 0x4e4c5a0:0xc000ac3c20 0x4e4cc60:0xc000ae21e0 0x4e4d320:0xc000ae3680 0x4e4d440:0xc000ae3e00 0x4e4d8c0:0xc000ac23c0 0x4e50920:0xc000ac2000 0x4e50fe0:0xc000ac2ff0 0x4e51220:0xc000ae20f0 0x4e51580:0xc000ac2d20 0x4e545e0:0xc000ac3a40 0x4e57be0:0xc000ae3b30 0x4e65460:0xc000ae2f00 0x4e772a0:0xc000ac2a50 0x4e7d2e0:0xc000ac33b0 0x4e81680:0xc000ae3d10 0x4e84ac0:0xc000ae22d0 0x4e860c0:0xc000ac30e0 0x4e872a0:0xc000ac21e0 0x4e8a880:0xc000ac2960 0x4e91600:0xc000ae3c20 0x4e9afc0:0xc000ae31d0 0x4e9d640:0xc000ac34a0 0x4e9e7c0:0xc000ae25a0 0x4eb01e0:0xc000ae2000 0x4eb4920:0xc000ac3e00 0x4eb50a0:0xc000ac31d0 0x4eb5c40:0xc000ac3d10 0x4ecbbc0:0xc000ae23c0] [0xc000ac22d0 0xc000ac3950 0xc000ac3c20 0xc000ae22d0 0xc000ae2ff0 0xc000ae30e0 0xc000ae3ef0 0xc000afc1e0 0xc000afc3c0 0xc000afc870] [0xc0009bde00 0xc0009bdef0 0xc000ac2000 0xc000ac20f0 0xc000ac21e0 0xc000ac23c0 0xc000ac24b0 0xc000ac25a0 0xc000ac2690 0xc000ac2870 0xc000ac2960 0xc000ac2a50 0xc000ac2b40 0xc000ac2c30 0xc000ac2d20 0xc000ac2e10 0xc000ac2f00 0xc000ac2ff0 0xc000ac30e0 0xc000ac31d0 0xc000ac32c0 0xc000ac33b0 0xc000ac34a0 0xc000ac3590 0xc000ac3680 0xc000ac3770 0xc000ac3860 0xc000ac3a40 0xc000ac3d10 0xc000ac3e00 0xc000ae2000 0xc000ae20f0 0xc000ae21e0 0xc000ae23c0 0xc000ae25a0 0xc000ae2690 0xc000ae2780 0xc000ae2870 0xc000ae2960 0xc000ae2a50 0xc000ae2b40 0xc000ae2c30 0xc000ae2d20 0xc000ae2e10 0xc000ae2f00 0xc000ae31d0 0xc000ae33b0 0xc000ae3590 0xc000ae3680 0xc000ae3770 0xc000ae3860 0xc000ae3950 0xc000ae3a40 0xc000ae3b30 0xc000ae3c20 0xc000ae3d10 0xc000ae3e00 0xc000afc4b0 0xc000afc690 0xc000afc780 0xc000afc960 0xc000afcb40] map[[1 158 130 225 176 247 155]:0xc000afcb40 [14 26 29 233 120 159 45]:0xc000ae3590 [14 46 192 108 210 143 8]:0xc000ae25a0 [14 235 32 174 83 221 207]:0xc000ae2f00 [17 25 160 161 138 86 229]:0xc000ac24b0 [17 228 129 192 94 162 80]:0xc000ac21e0 [20 170 113 123 236 61 213]:0xc000ac2870 [24 209 55 32 58 59 26]:0xc000ac3860 [28 40 138 98 251 120 15]:0xc000ae2000 [35 146 198 212 41 117 199]:0xc000ae2870 [38 143 1 176 71 128 20]:0xc000ae2d20 [41 131 72 168 163 97 154]:0xc000ac2e10 [43 72 167 230 129 120 7]:0xc000ae3b30 [48 169 63 53 162 95 124]:0xc000ae33b0 [50 69 144 205 50 116 179]:0xc000ae3950 [53 57 90 75 234 240 121]:0xc000ac2690 [55 55 215 185 248 49 171]:0xc000ae21e0 [56 220 112 194 232 188 205]:0xc000ac2a50 [58 188 213 44 75 37 255]:0xc000ac3770 [59 211 135 162 61 54 184]:0xc000ac3e00 [63 33 145 189 33 53 241]:0xc000ae2c30 [66 36 186 63 184 65 137]:0xc000ac3680 [72 226 103 235 54 29 1]:0xc000ac2960 [73 175 255 140 77 113 13]:0xc000ae3860 [76 65 53 156 149 147 70]:0xc000ac2d20 [83 130 5 161 202 221 54]:0xc000ac25a0 [86 101 111 194 104 154 209]:0xc000ac2f00 [92 66 252 53 148 138 213]:0xc000ac31d0 [99 8 66 45 227 207 103]:0xc000ae3c20 [99 40 144 246 228 248 56]:0xc000ac3a40 [100 229 227 45 120 126 196]:0xc000ac32c0 [102 75 250 11 253 125 154]:0xc000ae31d0 [102 105 128 150 119 71 152]:0xc0009bde00 [102 181 226 2 183 40 167]:0xc000ae2780 [103 201 236 92 175 50 138]:0xc000ae2960 [116 63 5 46 45 4 193]:0xc000ac2ff0 [134 21 248 91 62 228 39]:0xc000ae2a50 [136 114 150 90 191 49 231]:0xc000ac33b0 [138 59 71 40 40 22 169]:0xc000ae20f0 [143 220 232 224 76 231 18]:0xc000ac3590 [147 22 189 87 84 187 91]:0xc000ac3d10 [149 69 104 163 40 137 16]:0xc000afc960 [153 220 79 101 246 206 152]:0xc000ae2e10 [160 39 97 91 171 26 17]:0xc000ae2690 [161 92 237 242 173 146 20]:0xc000ae3e00 [165 242 194 96 232 212 255]:0xc000ac20f0 [171 92 48 223 153 248 163]:0xc0009bdef0 [172 38 121 22 36 222 100]:0xc000afc4b0 [176 105 242 108 220 31 176]:0xc000ac30e0 [179 146 171 83 96 112 184]:0xc000ae3a40 [180 73 174 34 193 247 226]:0xc000afc780 [186 219 187 92 128 129 13]:0xc000ac2c30 [191 129 227 90 156 227 226]:0xc000ae2b40 [197 54 218 139 33 52 124]:0xc000ae3680 [197 166 235 142 55 140 157]:0xc000ac2000 [210 168 149 143 48 167 145]:0xc000ae3d10 [227 171 230 134 89 58 16]:0xc000ac34a0 [228 62 31 146 29 46 78]:0xc000ac2b40 [247 34 218 84 58 236 112]:0xc000ae3770 [247 147 122 180 45 97 78]:0xc000ac23c0 [248 204 234 235 90 233 135]:0xc000afc690 [252 222 231 148 120 169 196]:0xc000ae23c0] map[alias/MsgAliasUpdate:0xc000ac2ff0 asset/BaseToken:0xc000ae23c0 asset/MsgAddTokenWhitelist:0xc000ae2b40 asset/MsgBurnToken:0xc000ae2870 asset/MsgForbidAddr:0xc000ae2d20 asset/MsgForbidToken:0xc000ae2960 asset/MsgIssueToken:0xc000ae25a0 asset/MsgMintToken:0xc000ae2780 asset/MsgModifyTokenInfo:0xc000ae2f00 asset/MsgRemoveTokenWhitelist:0xc000ae2c30 asset/MsgTransferOwnership:0xc000ae2690 asset/MsgUnForbidAddr:0xc000ae2e10 asset/MsgUnForbidToken:0xc000ae2a50 authx/AccountX:0xc0009bde00 bancorlite/MsgBancorCancel:0xc000ae3e00 bancorlite/MsgBancorInit:0xc000ae3c20 bancorlite/MsgBancorTrade:0xc000ae3d10 bankx/MsgMultiSend:0xc000ac20f0 bankx/MsgSend:0xc000ac2000 bankx/MsgSetMemoRequired:0xc0009bdef0 bankx/MsgSupervisedSend:0xc000ac21e0 comment/MsgCommentToken:0xc000ac30e0 cosmos-sdk/Account:0xc000ac3a40 cosmos-sdk/BaseVestingAccount:0xc000ac3d10 cosmos-sdk/CommunityPoolSpendProposal:0xc000ae3b30 cosmos-sdk/ContinuousVestingAccount:0xc000ac3e00 cosmos-sdk/DelayedVestingAccount:0xc000ae2000 cosmos-sdk/ModuleAccount:0xc000ae31d0 cosmos-sdk/MsgBeginRedelegate:0xc000ac2d20 cosmos-sdk/MsgCreateValidator:0xc000ac2960 cosmos-sdk/MsgDelegate:0xc000ac2b40 cosmos-sdk/MsgDeposit:0xc000ac24b0 cosmos-sdk/MsgEditValidator:0xc000ac2a50 cosmos-sdk/MsgModifyWithdrawAddress:0xc000ae3a40 cosmos-sdk/MsgMultiSend:0xc000ac2f00 cosmos-sdk/MsgSend:0xc000ac2e10 cosmos-sdk/MsgSubmitProposal:0xc000ac23c0 cosmos-sdk/MsgUndelegate:0xc000ac2c30 cosmos-sdk/MsgUnjail:0xc000ae3770 cosmos-sdk/MsgVerifyInvariant:0xc000ae3680 cosmos-sdk/MsgVote:0xc000ac25a0 cosmos-sdk/MsgWithdrawDelegationReward:0xc000ae3860 cosmos-sdk/MsgWithdrawValidatorCommission:0xc000ae3950 cosmos-sdk/ParameterChangeProposal:0xc000ae21e0 cosmos-sdk/SoftwareUpgradeProposal:0xc000ac2870 cosmos-sdk/StdTx:0xc000ae20f0 cosmos-sdk/Supply:0xc000ae33b0 cosmos-sdk/TextProposal:0xc000ac2690 distrx/MsgDonateToCommunityPool:0xc000ac3860 incentive/state:0xc000ae3590 market/MsgCancelOrder:0xc000ac3590 market/MsgCancelTradingPair:0xc000ac3680 market/MsgCreateOrder:0xc000ac34a0 market/MsgCreateTradingPair:0xc000ac33b0 market/MsgModifyPricePrecision:0xc000ac3770 market/Order:0xc000ac31d0 market/TradingPair:0xc000ac32c0 tendermint/PrivKeyEd25519:0xc000afc960 tendermint/PrivKeySecp256k1:0xc000afcb40 tendermint/PubKeyEd25519:0xc000afc4b0 tendermint/PubKeyMultisigThreshold:0xc000afc780 tendermint/PubKeySecp256k1:0xc000afc690]}
cdc : &{true 0xc0008ee000 0xc0008ee000}
cdc.cdc : &{{{0 0} 0 0 0 0} false map[0x4cc0620:0xc000afcff0 0x4cf5de0:0xc000afcf00 0x4d81160:0xc000afc1e0 0x4d915e0:0xc000ae3590 0x4da06e0:0xc000afc870 0x4da33e0:0xc000afc3c0 0x4daef20:0xc000ae3ef0 0x4db7a80:0xc000ae30e0 0x4dbafa0:0xc000ac22d0 0x4dd3a00:0xc000afcb40 0x4dda580:0xc000afc960 0x4de7440:0xc000afc690 0x4df14c0:0xc000afc4b0 0x4e0cf40:0xc000ac3950 0x4e19600:0xc000afd0e0 0x4e1a060:0xc000ae3950 0x4e21140:0xc000ae3770 0x4e22b80:0xc000afc780 0x4e23b40:0xc0009bde00 0x4e2f680:0xc000ae33b0 0x4e33120:0xc000ae2ff0 0x4e33900:0xc000ac20f0 0x4e33c80:0xc000ae3a40 0x4e33d60:0xc000ac3860 0x4e34e00:0xc000ae2960 0x4e35180:0xc000ae3860 0x4e35260:0xc0009bdef0 0x4e35500:0xc000ac2f00 0x4e35880:0xc000ac3590 0x4e36140:0xc000ae2a50 0x4e373e0:0xc000ac32c0 0x4e39fe0:0xc000ac2690 0x4e3a4e0:0xc000ac2870 0x4e42ce0:0xc000ac3680 0x4e42ee0:0xc000ae2c30 0x4e435e0:0xc000ae2870 0x4e439e0:0xc000ae2e10 0x4e444e0:0xc000ae2b40 0x4e448e0:0xc000ae2780 0x4e454e0:0xc000ac2b40 0x4e456e0:0xc000ae2d20 0x4e461e0:0xc000ac2e10 0x4e462e0:0xc000ac2c30 0x4e46ae0:0xc000ac3770 0x4e470e0:0xc000ae2690 0x4e48580:0xc000ac24b0 0x4e4abc0:0xc000ac25a0 0x4e4c5a0:0xc000ac3c20 0x4e4cc60:0xc000ae21e0 0x4e4d320:0xc000ae3680 0x4e4d440:0xc000ae3e00 0x4e4d8c0:0xc000ac23c0 0x4e50920:0xc000ac2000 0x4e50fe0:0xc000ac2ff0 0x4e51220:0xc000ae20f0 0x4e51580:0xc000ac2d20 0x4e545e0:0xc000ac3a40 0x4e57be0:0xc000ae3b30 0x4e65460:0xc000ae2f00 0x4e772a0:0xc000ac2a50 0x4e7d2e0:0xc000ac33b0 0x4e81680:0xc000ae3d10 0x4e84ac0:0xc000ae22d0 0x4e860c0:0xc000ac30e0 0x4e872a0:0xc000ac21e0 0x4e8a880:0xc000ac2960 0x4e91600:0xc000ae3c20 0x4e9afc0:0xc000ae31d0 0x4e9d640:0xc000ac34a0 0x4e9e7c0:0xc000ae25a0 0x4eb01e0:0xc000ae2000 0x4eb4920:0xc000ac3e00 0x4eb50a0:0xc000ac31d0 0x4eb5c40:0xc000ac3d10 0x4ecbbc0:0xc000ae23c0] [0xc000ac22d0 0xc000ac3950 0xc000ac3c20 0xc000ae22d0 0xc000ae2ff0 0xc000ae30e0 0xc000ae3ef0 0xc000afc1e0 0xc000afc3c0 0xc000afc870] [0xc0009bde00 0xc0009bdef0 0xc000ac2000 0xc000ac20f0 0xc000ac21e0 0xc000ac23c0 0xc000ac24b0 0xc000ac25a0 0xc000ac2690 0xc000ac2870 0xc000ac2960 0xc000ac2a50 0xc000ac2b40 0xc000ac2c30 0xc000ac2d20 0xc000ac2e10 0xc000ac2f00 0xc000ac2ff0 0xc000ac30e0 0xc000ac31d0 0xc000ac32c0 0xc000ac33b0 0xc000ac34a0 0xc000ac3590 0xc000ac3680 0xc000ac3770 0xc000ac3860 0xc000ac3a40 0xc000ac3d10 0xc000ac3e00 0xc000ae2000 0xc000ae20f0 0xc000ae21e0 0xc000ae23c0 0xc000ae25a0 0xc000ae2690 0xc000ae2780 0xc000ae2870 0xc000ae2960 0xc000ae2a50 0xc000ae2b40 0xc000ae2c30 0xc000ae2d20 0xc000ae2e10 0xc000ae2f00 0xc000ae31d0 0xc000ae33b0 0xc000ae3590 0xc000ae3680 0xc000ae3770 0xc000ae3860 0xc000ae3950 0xc000ae3a40 0xc000ae3b30 0xc000ae3c20 0xc000ae3d10 0xc000ae3e00 0xc000afc4b0 0xc000afc690 0xc000afc780 0xc000afc960 0xc000afcb40] map[[1 158 130 225 176 247 155]:0xc000afcb40 [14 26 29 233 120 159 45]:0xc000ae3590 [14 46 192 108 210 143 8]:0xc000ae25a0 [14 235 32 174 83 221 207]:0xc000ae2f00 [17 25 160 161 138 86 229]:0xc000ac24b0 [17 228 129 192 94 162 80]:0xc000ac21e0 [20 170 113 123 236 61 213]:0xc000ac2870 [24 209 55 32 58 59 26]:0xc000ac3860 [28 40 138 98 251 120 15]:0xc000ae2000 [35 146 198 212 41 117 199]:0xc000ae2870 [38 143 1 176 71 128 20]:0xc000ae2d20 [41 131 72 168 163 97 154]:0xc000ac2e10 [43 72 167 230 129 120 7]:0xc000ae3b30 [48 169 63 53 162 95 124]:0xc000ae33b0 [50 69 144 205 50 116 179]:0xc000ae3950 [53 57 90 75 234 240 121]:0xc000ac2690 [55 55 215 185 248 49 171]:0xc000ae21e0 [56 220 112 194 232 188 205]:0xc000ac2a50 [58 188 213 44 75 37 255]:0xc000ac3770 [59 211 135 162 61 54 184]:0xc000ac3e00 [63 33 145 189 33 53 241]:0xc000ae2c30 [66 36 186 63 184 65 137]:0xc000ac3680 [72 226 103 235 54 29 1]:0xc000ac2960 [73 175 255 140 77 113 13]:0xc000ae3860 [76 65 53 156 149 147 70]:0xc000ac2d20 [83 130 5 161 202 221 54]:0xc000ac25a0 [86 101 111 194 104 154 209]:0xc000ac2f00 [92 66 252 53 148 138 213]:0xc000ac31d0 [99 8 66 45 227 207 103]:0xc000ae3c20 [99 40 144 246 228 248 56]:0xc000ac3a40 [100 229 227 45 120 126 196]:0xc000ac32c0 [102 75 250 11 253 125 154]:0xc000ae31d0 [102 105 128 150 119 71 152]:0xc0009bde00 [102 181 226 2 183 40 167]:0xc000ae2780 [103 201 236 92 175 50 138]:0xc000ae2960 [116 63 5 46 45 4 193]:0xc000ac2ff0 [134 21 248 91 62 228 39]:0xc000ae2a50 [136 114 150 90 191 49 231]:0xc000ac33b0 [138 59 71 40 40 22 169]:0xc000ae20f0 [143 220 232 224 76 231 18]:0xc000ac3590 [147 22 189 87 84 187 91]:0xc000ac3d10 [149 69 104 163 40 137 16]:0xc000afc960 [153 220 79 101 246 206 152]:0xc000ae2e10 [160 39 97 91 171 26 17]:0xc000ae2690 [161 92 237 242 173 146 20]:0xc000ae3e00 [165 242 194 96 232 212 255]:0xc000ac20f0 [171 92 48 223 153 248 163]:0xc0009bdef0 [172 38 121 22 36 222 100]:0xc000afc4b0 [176 105 242 108 220 31 176]:0xc000ac30e0 [179 146 171 83 96 112 184]:0xc000ae3a40 [180 73 174 34 193 247 226]:0xc000afc780 [186 219 187 92 128 129 13]:0xc000ac2c30 [191 129 227 90 156 227 226]:0xc000ae2b40 [197 54 218 139 33 52 124]:0xc000ae3680 [197 166 235 142 55 140 157]:0xc000ac2000 [210 168 149 143 48 167 145]:0xc000ae3d10 [227 171 230 134 89 58 16]:0xc000ac34a0 [228 62 31 146 29 46 78]:0xc000ac2b40 [247 34 218 84 58 236 112]:0xc000ae3770 [247 147 122 180 45 97 78]:0xc000ac23c0 [248 204 234 235 90 233 135]:0xc000afc690 [252 222 231 148 120 169 196]:0xc000ae23c0] map[alias/MsgAliasUpdate:0xc000ac2ff0 asset/BaseToken:0xc000ae23c0 asset/MsgAddTokenWhitelist:0xc000ae2b40 asset/MsgBurnToken:0xc000ae2870 asset/MsgForbidAddr:0xc000ae2d20 asset/MsgForbidToken:0xc000ae2960 asset/MsgIssueToken:0xc000ae25a0 asset/MsgMintToken:0xc000ae2780 asset/MsgModifyTokenInfo:0xc000ae2f00 asset/MsgRemoveTokenWhitelist:0xc000ae2c30 asset/MsgTransferOwnership:0xc000ae2690 asset/MsgUnForbidAddr:0xc000ae2e10 asset/MsgUnForbidToken:0xc000ae2a50 authx/AccountX:0xc0009bde00 bancorlite/MsgBancorCancel:0xc000ae3e00 bancorlite/MsgBancorInit:0xc000ae3c20 bancorlite/MsgBancorTrade:0xc000ae3d10 bankx/MsgMultiSend:0xc000ac20f0 bankx/MsgSend:0xc000ac2000 bankx/MsgSetMemoRequired:0xc0009bdef0 bankx/MsgSupervisedSend:0xc000ac21e0 comment/MsgCommentToken:0xc000ac30e0 cosmos-sdk/Account:0xc000ac3a40 cosmos-sdk/BaseVestingAccount:0xc000ac3d10 cosmos-sdk/CommunityPoolSpendProposal:0xc000ae3b30 cosmos-sdk/ContinuousVestingAccount:0xc000ac3e00 cosmos-sdk/DelayedVestingAccount:0xc000ae2000 cosmos-sdk/ModuleAccount:0xc000ae31d0 cosmos-sdk/MsgBeginRedelegate:0xc000ac2d20 cosmos-sdk/MsgCreateValidator:0xc000ac2960 cosmos-sdk/MsgDelegate:0xc000ac2b40 cosmos-sdk/MsgDeposit:0xc000ac24b0 cosmos-sdk/MsgEditValidator:0xc000ac2a50 cosmos-sdk/MsgModifyWithdrawAddress:0xc000ae3a40 cosmos-sdk/MsgMultiSend:0xc000ac2f00 cosmos-sdk/MsgSend:0xc000ac2e10 cosmos-sdk/MsgSubmitProposal:0xc000ac23c0 cosmos-sdk/MsgUndelegate:0xc000ac2c30 cosmos-sdk/MsgUnjail:0xc000ae3770 cosmos-sdk/MsgVerifyInvariant:0xc000ae3680 cosmos-sdk/MsgVote:0xc000ac25a0 cosmos-sdk/MsgWithdrawDelegationReward:0xc000ae3860 cosmos-sdk/MsgWithdrawValidatorCommission:0xc000ae3950 cosmos-sdk/ParameterChangeProposal:0xc000ae21e0 cosmos-sdk/SoftwareUpgradeProposal:0xc000ac2870 cosmos-sdk/StdTx:0xc000ae20f0 cosmos-sdk/Supply:0xc000ae33b0 cosmos-sdk/TextProposal:0xc000ac2690 distrx/MsgDonateToCommunityPool:0xc000ac3860 incentive/state:0xc000ae3590 market/MsgCancelOrder:0xc000ac3590 market/MsgCancelTradingPair:0xc000ac3680 market/MsgCreateOrder:0xc000ac34a0 market/MsgCreateTradingPair:0xc000ac33b0 market/MsgModifyPricePrecision:0xc000ac3770 market/Order:0xc000ac31d0 market/TradingPair:0xc000ac32c0 tendermint/PrivKeyEd25519:0xc000afc960 tendermint/PrivKeySecp256k1:0xc000afcb40 tendermint/PubKeyEd25519:0xc000afc4b0 tendermint/PubKeyMultisigThreshold:0xc000afc780 tendermint/PubKeySecp256k1:0xc000afc690]}
--- FAIL: TestQueryParams (0.00s)
panic: runtime error: invalid memory address or nil pointer dereference [recovered]
	panic: runtime error: invalid memory address or nil pointer dereference
[signal SIGSEGV: segmentation violation code=0x1 addr=0x18 pc=0x43ca569]

goroutine 67 [running]:
testing.tRunner.func1(0xc000474b00)
	/usr/local/go/src/testing/testing.go:874 +0x3a3
panic(0x4d68840, 0x5b08f90)
	/usr/local/go/src/runtime/panic.go:679 +0x1b2
github.com/wide-key/wrap-amino.(*Codec).MarshalJSON(...)
	/Users/a/GoNew/src/github.com/wide-key/wrap-amino/amino.go:113
github.com/cosmos/cosmos-sdk/codec.MarshalJSONIndent(0x0, 0x4ddb980, 0xc0009b8f20, 0xc0009b8f20, 0xc0008fc9f0, 0xc000ac4bd0, 0x9, 0x27)
	/Users/a/GoNew/src/github.com/wide-key/cosmos-sdk/codec/codec.go:41 +0x29
github.com/coinexchain/dex/modules/incentive/internal/keepers.queryParameters(0x52b96c0, 0xc000038080, 0x52ca680, 0xc0008b2880, 0x0, 0x0, 0x0, 0x0, 0x0, 0x0, ...)
	/Users/a/GoNew/src/github.com/wangkui0508/dex/modules/incentive/internal/keepers/querier.go:31 +0x1ac
github.com/coinexchain/dex/modules/incentive/internal/keepers.NewQuerier.func1(0x52b96c0, 0xc000038080, 0x52ca680, 0xc0008b2880, 0x0, 0x0, 0x0, 0x0, 0x0, 0x0, ...)
	/Users/a/GoNew/src/github.com/wangkui0508/dex/modules/incentive/internal/keepers/querier.go:21 +0x18e
github.com/coinexchain/dex/modules/incentive/internal/keepers_test.TestQueryParams(0xc000474b00)
	/Users/a/GoNew/src/github.com/wangkui0508/dex/modules/incentive/internal/keepers/querier_test.go:21 +0x2c4
testing.tRunner(0xc000474b00, 0x50e4de8)
	/usr/local/go/src/testing/testing.go:909 +0xc9
created by testing.(*T).Run
	/usr/local/go/src/testing/testing.go:960 +0x350
FAIL	github.com/coinexchain/dex/modules/incentive/internal/keepers	0.062s
?   	github.com/coinexchain/dex/modules/incentive/internal/types	[no test files]
ok  	github.com/coinexchain/dex/modules/market	0.591s
ok  	github.com/coinexchain/dex/modules/market/client/cli	0.091s
ok  	github.com/coinexchain/dex/modules/market/client/rest	0.120s
ok  	github.com/coinexchain/dex/modules/market/internal/keepers	(cached)
ok  	github.com/coinexchain/dex/modules/market/internal/types	0.100s
ok  	github.com/coinexchain/dex/modules/market/match	0.085s
?   	github.com/coinexchain/dex/modules/market/matchfuzz	[no test files]
?   	github.com/coinexchain/dex/modules/market/simulation	[no test files]
ok  	github.com/coinexchain/dex/modules/stakingx	0.079s
?   	github.com/coinexchain/dex/modules/stakingx/client/cli	[no test files]
?   	github.com/coinexchain/dex/modules/stakingx/client/rest	[no test files]
ok  	github.com/coinexchain/dex/modules/stakingx/internal/keepers	0.048s
ok  	github.com/coinexchain/dex/modules/stakingx/internal/types	0.070s
?   	github.com/coinexchain/dex/modules/supplyx	[no test files]
ok  	github.com/coinexchain/dex/msgqueue	0.818s
?   	github.com/coinexchain/dex/server	[no test files]
ok  	github.com/coinexchain/dex/simulation	0.055s
?   	github.com/coinexchain/dex/testapp	[no test files]
?   	github.com/coinexchain/dex/testutil	[no test files]
ok  	github.com/coinexchain/dex/types	0.044s
FAIL
